<?xml version="1.0"?>
<link_info>
   <banner>TMS320C2000 Linker PC v15.12.3.LTS</banner>
   <copyright>Copyright (c) 1996-2015 Texas Instruments Incorporated</copyright>
   <link_time>0x59202f48</link_time>
   <link_errors>0x0</link_errors>
   <output_file>Example_28377SLaunchPad.out</output_file>
   <entry_point>
      <name>_c_int00</name>
      <address>0x8489d</address>
   </entry_point>
   <input_file_list>
      <input_file id="fl-4">
         <path>.\</path>
         <kind>object</kind>
         <file>Example_F28377xLaunchPadDemo.obj</file>
         <name>Example_F28377xLaunchPadDemo.obj</name>
      </input_file>
      <input_file id="fl-5">
         <path>.\</path>
         <kind>object</kind>
         <file>F2837xS_Adc.obj</file>
         <name>F2837xS_Adc.obj</name>
      </input_file>
      <input_file id="fl-6">
         <path>.\</path>
         <kind>object</kind>
         <file>F2837xS_CodeStartBranch.obj</file>
         <name>F2837xS_CodeStartBranch.obj</name>
      </input_file>
      <input_file id="fl-7">
         <path>.\</path>
         <kind>object</kind>
         <file>F2837xS_CpuTimers.obj</file>
         <name>F2837xS_CpuTimers.obj</name>
      </input_file>
      <input_file id="fl-8">
         <path>.\</path>
         <kind>object</kind>
         <file>F2837xS_DefaultISR.obj</file>
         <name>F2837xS_DefaultISR.obj</name>
      </input_file>
      <input_file id="fl-9">
         <path>.\</path>
         <kind>object</kind>
         <file>F2837xS_GlobalVariableDefs.obj</file>
         <name>F2837xS_GlobalVariableDefs.obj</name>
      </input_file>
      <input_file id="fl-a">
         <path>.\</path>
         <kind>object</kind>
         <file>F2837xS_Gpio.obj</file>
         <name>F2837xS_Gpio.obj</name>
      </input_file>
      <input_file id="fl-b">
         <path>.\</path>
         <kind>object</kind>
         <file>F2837xS_PieCtrl.obj</file>
         <name>F2837xS_PieCtrl.obj</name>
      </input_file>
      <input_file id="fl-c">
         <path>.\</path>
         <kind>object</kind>
         <file>F2837xS_PieVect.obj</file>
         <name>F2837xS_PieVect.obj</name>
      </input_file>
      <input_file id="fl-d">
         <path>.\</path>
         <kind>object</kind>
         <file>F2837xS_Sci.obj</file>
         <name>F2837xS_Sci.obj</name>
      </input_file>
      <input_file id="fl-e">
         <path>.\</path>
         <kind>object</kind>
         <file>F2837xS_SysCtrl.obj</file>
         <name>F2837xS_SysCtrl.obj</name>
      </input_file>
      <input_file id="fl-f">
         <path>.\</path>
         <kind>object</kind>
         <file>F2837xS_usDelay.obj</file>
         <name>F2837xS_usDelay.obj</name>
      </input_file>
      <input_file id="fl-10">
         <path>.\</path>
         <kind>object</kind>
         <file>sci_io.obj</file>
         <name>sci_io.obj</name>
      </input_file>
      <input_file id="fl-16">
         <path>C:\ti\c2000_15.12.3.LTS\lib\</path>
         <kind>archive</kind>
         <file>rts2800_fpu32.lib</file>
         <name>defs.obj</name>
      </input_file>
      <input_file id="fl-17">
         <path>C:\ti\c2000_15.12.3.LTS\lib\</path>
         <kind>archive</kind>
         <file>rts2800_fpu32.lib</file>
         <name>lowlev.obj</name>
      </input_file>
      <input_file id="fl-18">
         <path>C:\ti\c2000_15.12.3.LTS\lib\</path>
         <kind>archive</kind>
         <file>rts2800_fpu32.lib</file>
         <name>trgdrv.obj</name>
      </input_file>
      <input_file id="fl-19">
         <path>C:\ti\c2000_15.12.3.LTS\lib\</path>
         <kind>archive</kind>
         <file>rts2800_fpu32.lib</file>
         <name>trgmsg.obj</name>
      </input_file>
      <input_file id="fl-1a">
         <path>C:\ti\c2000_15.12.3.LTS\lib\</path>
         <kind>archive</kind>
         <file>rts2800_fpu32.lib</file>
         <name>_lock.obj</name>
      </input_file>
      <input_file id="fl-1b">
         <path>C:\ti\c2000_15.12.3.LTS\lib\</path>
         <kind>archive</kind>
         <file>rts2800_fpu32.lib</file>
         <name>boot.obj</name>
      </input_file>
      <input_file id="fl-1c">
         <path>C:\ti\c2000_15.12.3.LTS\lib\</path>
         <kind>archive</kind>
         <file>rts2800_fpu32.lib</file>
         <name>args_main.obj</name>
      </input_file>
      <input_file id="fl-1d">
         <path>C:\ti\c2000_15.12.3.LTS\lib\</path>
         <kind>archive</kind>
         <file>rts2800_fpu32.lib</file>
         <name>startup.obj</name>
      </input_file>
      <input_file id="fl-1e">
         <path>C:\ti\c2000_15.12.3.LTS\lib\</path>
         <kind>archive</kind>
         <file>rts2800_fpu32.lib</file>
         <name>pre_init.obj</name>
      </input_file>
      <input_file id="fl-1f">
         <path>C:\ti\c2000_15.12.3.LTS\lib\</path>
         <kind>archive</kind>
         <file>rts2800_fpu32.lib</file>
         <name>cpy_tbl.obj</name>
      </input_file>
      <input_file id="fl-20">
         <path>C:\ti\c2000_15.12.3.LTS\lib\</path>
         <kind>archive</kind>
         <file>rts2800_fpu32.lib</file>
         <name>cpy_utils.obj</name>
      </input_file>
      <input_file id="fl-21">
         <path>C:\ti\c2000_15.12.3.LTS\lib\</path>
         <kind>archive</kind>
         <file>rts2800_fpu32.lib</file>
         <name>exit.obj</name>
      </input_file>
      <input_file id="fl-22">
         <path>C:\ti\c2000_15.12.3.LTS\lib\</path>
         <kind>archive</kind>
         <file>rts2800_fpu32.lib</file>
         <name>fopen.obj</name>
      </input_file>
      <input_file id="fl-23">
         <path>C:\ti\c2000_15.12.3.LTS\lib\</path>
         <kind>archive</kind>
         <file>rts2800_fpu32.lib</file>
         <name>fclose.obj</name>
      </input_file>
      <input_file id="fl-24">
         <path>C:\ti\c2000_15.12.3.LTS\lib\</path>
         <kind>archive</kind>
         <file>rts2800_fpu32.lib</file>
         <name>fflush.obj</name>
      </input_file>
      <input_file id="fl-25">
         <path>C:\ti\c2000_15.12.3.LTS\lib\</path>
         <kind>archive</kind>
         <file>rts2800_fpu32.lib</file>
         <name>memory.obj</name>
      </input_file>
      <input_file id="fl-26">
         <path>C:\ti\c2000_15.12.3.LTS\lib\</path>
         <kind>archive</kind>
         <file>rts2800_fpu32.lib</file>
         <name>memcpy.obj</name>
      </input_file>
      <input_file id="fl-27">
         <path>C:\ti\c2000_15.12.3.LTS\lib\</path>
         <kind>archive</kind>
         <file>rts2800_fpu32.lib</file>
         <name>printf.obj</name>
      </input_file>
      <input_file id="fl-28">
         <path>C:\ti\c2000_15.12.3.LTS\lib\</path>
         <kind>archive</kind>
         <file>rts2800_fpu32.lib</file>
         <name>_printfi.obj</name>
      </input_file>
      <input_file id="fl-29">
         <path>C:\ti\c2000_15.12.3.LTS\lib\</path>
         <kind>archive</kind>
         <file>rts2800_fpu32.lib</file>
         <name>fd_cmp.obj</name>
      </input_file>
      <input_file id="fl-2a">
         <path>C:\ti\c2000_15.12.3.LTS\lib\</path>
         <kind>archive</kind>
         <file>rts2800_fpu32.lib</file>
         <name>fd_div.obj</name>
      </input_file>
      <input_file id="fl-2b">
         <path>C:\ti\c2000_15.12.3.LTS\lib\</path>
         <kind>archive</kind>
         <file>rts2800_fpu32.lib</file>
         <name>fd_mpy.obj</name>
      </input_file>
      <input_file id="fl-2c">
         <path>C:\ti\c2000_15.12.3.LTS\lib\</path>
         <kind>archive</kind>
         <file>rts2800_fpu32.lib</file>
         <name>fd_neg.obj</name>
      </input_file>
      <input_file id="fl-2d">
         <path>C:\ti\c2000_15.12.3.LTS\lib\</path>
         <kind>archive</kind>
         <file>rts2800_fpu32.lib</file>
         <name>fd_sub.obj</name>
      </input_file>
      <input_file id="fl-2e">
         <path>C:\ti\c2000_15.12.3.LTS\lib\</path>
         <kind>archive</kind>
         <file>rts2800_fpu32.lib</file>
         <name>fd_add.obj</name>
      </input_file>
      <input_file id="fl-2f">
         <path>C:\ti\c2000_15.12.3.LTS\lib\</path>
         <kind>archive</kind>
         <file>rts2800_fpu32.lib</file>
         <name>fd_toi.obj</name>
      </input_file>
      <input_file id="fl-30">
         <path>C:\ti\c2000_15.12.3.LTS\lib\</path>
         <kind>archive</kind>
         <file>rts2800_fpu32.lib</file>
         <name>fd_tol.obj</name>
      </input_file>
      <input_file id="fl-31">
         <path>C:\ti\c2000_15.12.3.LTS\lib\</path>
         <kind>archive</kind>
         <file>rts2800_fpu32.lib</file>
         <name>fs_tofd.obj</name>
      </input_file>
      <input_file id="fl-32">
         <path>C:\ti\c2000_15.12.3.LTS\lib\</path>
         <kind>archive</kind>
         <file>rts2800_fpu32.lib</file>
         <name>i_tofd.obj</name>
      </input_file>
      <input_file id="fl-33">
         <path>C:\ti\c2000_15.12.3.LTS\lib\</path>
         <kind>archive</kind>
         <file>rts2800_fpu32.lib</file>
         <name>l_tofd.obj</name>
      </input_file>
      <input_file id="fl-34">
         <path>C:\ti\c2000_15.12.3.LTS\lib\</path>
         <kind>archive</kind>
         <file>rts2800_fpu32.lib</file>
         <name>ll_aox.obj</name>
      </input_file>
      <input_file id="fl-35">
         <path>C:\ti\c2000_15.12.3.LTS\lib\</path>
         <kind>archive</kind>
         <file>rts2800_fpu32.lib</file>
         <name>ll_cmp.obj</name>
      </input_file>
      <input_file id="fl-36">
         <path>C:\ti\c2000_15.12.3.LTS\lib\</path>
         <kind>archive</kind>
         <file>rts2800_fpu32.lib</file>
         <name>ll_div.obj</name>
      </input_file>
      <input_file id="fl-37">
         <path>C:\ti\c2000_15.12.3.LTS\lib\</path>
         <kind>archive</kind>
         <file>rts2800_fpu32.lib</file>
         <name>atoi.obj</name>
      </input_file>
      <input_file id="fl-38">
         <path>C:\ti\c2000_15.12.3.LTS\lib\</path>
         <kind>archive</kind>
         <file>rts2800_fpu32.lib</file>
         <name>ctype.obj</name>
      </input_file>
      <input_file id="fl-39">
         <path>C:\ti\c2000_15.12.3.LTS\lib\</path>
         <kind>archive</kind>
         <file>rts2800_fpu32.lib</file>
         <name>fputc.obj</name>
      </input_file>
      <input_file id="fl-3a">
         <path>C:\ti\c2000_15.12.3.LTS\lib\</path>
         <kind>archive</kind>
         <file>rts2800_fpu32.lib</file>
         <name>_io_perm.obj</name>
      </input_file>
      <input_file id="fl-3b">
         <path>C:\ti\c2000_15.12.3.LTS\lib\</path>
         <kind>archive</kind>
         <file>rts2800_fpu32.lib</file>
         <name>fputs.obj</name>
      </input_file>
      <input_file id="fl-3c">
         <path>C:\ti\c2000_15.12.3.LTS\lib\</path>
         <kind>archive</kind>
         <file>rts2800_fpu32.lib</file>
         <name>s_frexp.obj</name>
      </input_file>
      <input_file id="fl-3d">
         <path>C:\ti\c2000_15.12.3.LTS\lib\</path>
         <kind>archive</kind>
         <file>rts2800_fpu32.lib</file>
         <name>fseek.obj</name>
      </input_file>
      <input_file id="fl-3e">
         <path>C:\ti\c2000_15.12.3.LTS\lib\</path>
         <kind>archive</kind>
         <file>rts2800_fpu32.lib</file>
         <name>s_scalbn.obj</name>
      </input_file>
      <input_file id="fl-3f">
         <path>C:\ti\c2000_15.12.3.LTS\lib\</path>
         <kind>archive</kind>
         <file>rts2800_fpu32.lib</file>
         <name>s_copysign.obj</name>
      </input_file>
      <input_file id="fl-40">
         <path>C:\ti\c2000_15.12.3.LTS\lib\</path>
         <kind>archive</kind>
         <file>rts2800_fpu32.lib</file>
         <name>errno.obj</name>
      </input_file>
      <input_file id="fl-41">
         <path>C:\ti\c2000_15.12.3.LTS\lib\</path>
         <kind>archive</kind>
         <file>rts2800_fpu32.lib</file>
         <name>ltoa.obj</name>
      </input_file>
      <input_file id="fl-42">
         <path>C:\ti\c2000_15.12.3.LTS\lib\</path>
         <kind>archive</kind>
         <file>rts2800_fpu32.lib</file>
         <name>l_div.obj</name>
      </input_file>
      <input_file id="fl-43">
         <path>C:\ti\c2000_15.12.3.LTS\lib\</path>
         <kind>archive</kind>
         <file>rts2800_fpu32.lib</file>
         <name>memccpy.obj</name>
      </input_file>
      <input_file id="fl-44">
         <path>C:\ti\c2000_15.12.3.LTS\lib\</path>
         <kind>archive</kind>
         <file>rts2800_fpu32.lib</file>
         <name>memchr.obj</name>
      </input_file>
      <input_file id="fl-45">
         <path>C:\ti\c2000_15.12.3.LTS\lib\</path>
         <kind>archive</kind>
         <file>rts2800_fpu32.lib</file>
         <name>memset.obj</name>
      </input_file>
      <input_file id="fl-46">
         <path>C:\ti\c2000_15.12.3.LTS\lib\</path>
         <kind>archive</kind>
         <file>rts2800_fpu32.lib</file>
         <name>remove.obj</name>
      </input_file>
      <input_file id="fl-47">
         <path>C:\ti\c2000_15.12.3.LTS\lib\</path>
         <kind>archive</kind>
         <file>rts2800_fpu32.lib</file>
         <name>setvbuf.obj</name>
      </input_file>
      <input_file id="fl-48">
         <path>C:\ti\c2000_15.12.3.LTS\lib\</path>
         <kind>archive</kind>
         <file>rts2800_fpu32.lib</file>
         <name>strchr.obj</name>
      </input_file>
      <input_file id="fl-49">
         <path>C:\ti\c2000_15.12.3.LTS\lib\</path>
         <kind>archive</kind>
         <file>rts2800_fpu32.lib</file>
         <name>strcmp.obj</name>
      </input_file>
      <input_file id="fl-4a">
         <path>C:\ti\c2000_15.12.3.LTS\lib\</path>
         <kind>archive</kind>
         <file>rts2800_fpu32.lib</file>
         <name>strcpy.obj</name>
      </input_file>
      <input_file id="fl-4b">
         <path>C:\ti\c2000_15.12.3.LTS\lib\</path>
         <kind>archive</kind>
         <file>rts2800_fpu32.lib</file>
         <name>strlen.obj</name>
      </input_file>
      <input_file id="fl-4c">
         <path>C:\ti\c2000_15.12.3.LTS\lib\</path>
         <kind>archive</kind>
         <file>rts2800_fpu32.lib</file>
         <name>strncpy.obj</name>
      </input_file>
   </input_file_list>
   <object_component_list>
      <object_component id="oc-12a">
         <name>.cinit</name>
         <load_address>0x82000</load_address>
         <run_address>0x82000</run_address>
         <size>0x31</size>
         <input_file_ref idref="fl-17"/>
      </object_component>
      <object_component id="oc-126">
         <name>.cinit</name>
         <load_address>0x82031</load_address>
         <run_address>0x82031</run_address>
         <size>0x2a</size>
         <input_file_ref idref="fl-16"/>
      </object_component>
      <object_component id="oc-161">
         <name>.cinit</name>
         <load_address>0x8205b</load_address>
         <run_address>0x8205b</run_address>
         <size>0xe</size>
         <input_file_ref idref="fl-21"/>
      </object_component>
      <object_component id="oc-81">
         <name>.cinit</name>
         <load_address>0x82069</load_address>
         <run_address>0x82069</run_address>
         <size>0x8</size>
         <input_file_ref idref="fl-4"/>
      </object_component>
      <object_component id="oc-24c">
         <name>.cinit:__lock</name>
         <load_address>0x82071</load_address>
         <run_address>0x82071</run_address>
         <size>0x5</size>
         <input_file_ref idref="fl-1a"/>
      </object_component>
      <object_component id="oc-24f">
         <name>.cinit:__unlock</name>
         <load_address>0x82076</load_address>
         <run_address>0x82076</run_address>
         <size>0x5</size>
         <input_file_ref idref="fl-1a"/>
      </object_component>
      <object_component id="oc-205">
         <name>.cinit</name>
         <load_address>0x8207b</load_address>
         <run_address>0x8207b</run_address>
         <size>0x4</size>
         <input_file_ref idref="fl-40"/>
      </object_component>
      <object_component id="oc-168">
         <name>.cinit</name>
         <load_address>0x8207f</load_address>
         <run_address>0x8207f</run_address>
         <size>0x4</size>
         <input_file_ref idref="fl-22"/>
      </object_component>
      <object_component id="oc-179">
         <name>.cinit</name>
         <load_address>0x82083</load_address>
         <run_address>0x82083</run_address>
         <size>0x4</size>
         <input_file_ref idref="fl-25"/>
      </object_component>
      <object_component id="oc-11f">
         <name>.cinit</name>
         <load_address>0x82087</load_address>
         <run_address>0x82087</run_address>
         <size>0x4</size>
         <input_file_ref idref="fl-10"/>
      </object_component>
      <object_component id="oc-265">
         <name>.text</name>
         <load_address>0x82090</load_address>
         <run_address>0x82090</run_address>
         <size>0xbd9</size>
         <input_file_ref idref="fl-28"/>
      </object_component>
      <object_component id="oc-9a">
         <name>.text:retain</name>
         <load_address>0x82c69</load_address>
         <run_address>0x82c69</run_address>
         <size>0x585</size>
         <input_file_ref idref="fl-8"/>
      </object_component>
      <object_component id="oc-259">
         <name>.text</name>
         <load_address>0x831ee</load_address>
         <run_address>0x831ee</run_address>
         <size>0x2d7</size>
         <input_file_ref idref="fl-e"/>
      </object_component>
      <object_component id="oc-249">
         <name>.text</name>
         <load_address>0x834c5</load_address>
         <run_address>0x834c5</run_address>
         <size>0x27c</size>
         <input_file_ref idref="fl-18"/>
      </object_component>
      <object_component id="oc-267">
         <name>.text</name>
         <load_address>0x83741</load_address>
         <run_address>0x83741</run_address>
         <size>0x244</size>
         <input_file_ref idref="fl-a"/>
      </object_component>
      <object_component id="oc-25e">
         <name>.text</name>
         <load_address>0x83985</load_address>
         <run_address>0x83985</run_address>
         <size>0x21b</size>
         <input_file_ref idref="fl-17"/>
      </object_component>
      <object_component id="oc-24a">
         <name>.text</name>
         <load_address>0x83ba0</load_address>
         <run_address>0x83ba0</run_address>
         <size>0x213</size>
         <input_file_ref idref="fl-4"/>
      </object_component>
      <object_component id="oc-26d">
         <name>.text</name>
         <load_address>0x83db3</load_address>
         <run_address>0x83db3</run_address>
         <size>0x1d2</size>
         <input_file_ref idref="fl-25"/>
      </object_component>
      <object_component id="oc-263">
         <name>.text</name>
         <load_address>0x83f85</load_address>
         <run_address>0x83f85</run_address>
         <size>0x73</size>
         <input_file_ref idref="fl-24"/>
      </object_component>
      <object_component id="oc-8d">
         <name>.text</name>
         <load_address>0x83ff8</load_address>
         <run_address>0x83ff8</run_address>
         <size>0x8</size>
         <input_file_ref idref="fl-6"/>
      </object_component>
      <object_component id="oc-1d2">
         <name>.text</name>
         <load_address>0x84000</load_address>
         <run_address>0x84000</run_address>
         <size>0x107</size>
         <input_file_ref idref="fl-36"/>
      </object_component>
      <object_component id="oc-25f">
         <name>.text</name>
         <load_address>0x84107</load_address>
         <run_address>0x84107</run_address>
         <size>0xf9</size>
         <input_file_ref idref="fl-22"/>
      </object_component>
      <object_component id="oc-25c">
         <name>.text</name>
         <load_address>0x84200</load_address>
         <run_address>0x84200</run_address>
         <size>0xdd</size>
         <input_file_ref idref="fl-5"/>
      </object_component>
      <object_component id="oc-273">
         <name>.text</name>
         <load_address>0x842dd</load_address>
         <run_address>0x842dd</run_address>
         <size>0xbc</size>
         <input_file_ref idref="fl-3e"/>
      </object_component>
      <object_component id="oc-264">
         <name>.text</name>
         <load_address>0x84399</load_address>
         <run_address>0x84399</run_address>
         <size>0xb0</size>
         <input_file_ref idref="fl-3b"/>
      </object_component>
      <object_component id="oc-1aa">
         <name>.text</name>
         <load_address>0x84449</load_address>
         <run_address>0x84449</run_address>
         <size>0x9c</size>
         <input_file_ref idref="fl-2e"/>
      </object_component>
      <object_component id="oc-246">
         <name>.text</name>
         <load_address>0x844e5</load_address>
         <run_address>0x844e5</run_address>
         <size>0x1</size>
         <input_file_ref idref="fl-1d"/>
      </object_component>
      <object_component id="oc-24d">
         <name>.text</name>
         <load_address>0x844e6</load_address>
         <run_address>0x844e6</run_address>
         <size>0x94</size>
         <input_file_ref idref="fl-19"/>
      </object_component>
      <object_component id="oc-196">
         <name>.text</name>
         <load_address>0x8457a</load_address>
         <run_address>0x8457a</run_address>
         <size>0x8b</size>
         <input_file_ref idref="fl-2a"/>
      </object_component>
      <object_component id="oc-260">
         <name>.text</name>
         <load_address>0x84605</load_address>
         <run_address>0x84605</run_address>
         <size>0x89</size>
         <input_file_ref idref="fl-47"/>
      </object_component>
      <object_component id="oc-19b">
         <name>.text</name>
         <load_address>0x8468e</load_address>
         <run_address>0x8468e</run_address>
         <size>0x83</size>
         <input_file_ref idref="fl-2b"/>
      </object_component>
      <object_component id="oc-25d">
         <name>.text</name>
         <load_address>0x84711</load_address>
         <run_address>0x84711</run_address>
         <size>0x6b</size>
         <input_file_ref idref="fl-10"/>
      </object_component>
      <object_component id="oc-262">
         <name>.text</name>
         <load_address>0x8477c</load_address>
         <run_address>0x8477c</run_address>
         <size>0x67</size>
         <input_file_ref idref="fl-3a"/>
      </object_component>
      <object_component id="oc-26c">
         <name>.text</name>
         <load_address>0x847e3</load_address>
         <run_address>0x847e3</run_address>
         <size>0x5f</size>
         <input_file_ref idref="fl-23"/>
      </object_component>
      <object_component id="oc-272">
         <name>.text</name>
         <load_address>0x84842</load_address>
         <run_address>0x84842</run_address>
         <size>0x5b</size>
         <input_file_ref idref="fl-3c"/>
      </object_component>
      <object_component id="oc-7f">
         <name>.text</name>
         <load_address>0x8489d</load_address>
         <run_address>0x8489d</run_address>
         <size>0x56</size>
         <input_file_ref idref="fl-1b"/>
      </object_component>
      <object_component id="oc-252">
         <name>.text</name>
         <load_address>0x848f3</load_address>
         <run_address>0x848f3</run_address>
         <size>0x53</size>
         <input_file_ref idref="fl-39"/>
      </object_component>
      <object_component id="oc-245">
         <name>.text</name>
         <load_address>0x84946</load_address>
         <run_address>0x84946</run_address>
         <size>0x46</size>
         <input_file_ref idref="fl-1f"/>
      </object_component>
      <object_component id="oc-26e">
         <name>.text</name>
         <load_address>0x8498c</load_address>
         <run_address>0x8498c</run_address>
         <size>0x3d</size>
         <input_file_ref idref="fl-3d"/>
      </object_component>
      <object_component id="oc-257">
         <name>.text</name>
         <load_address>0x849c9</load_address>
         <run_address>0x849c9</run_address>
         <size>0x34</size>
         <input_file_ref idref="fl-27"/>
      </object_component>
      <object_component id="oc-270">
         <name>.text</name>
         <load_address>0x849fd</load_address>
         <run_address>0x849fd</run_address>
         <size>0x31</size>
         <input_file_ref idref="fl-37"/>
      </object_component>
      <object_component id="oc-271">
         <name>.text</name>
         <load_address>0x84a2e</load_address>
         <run_address>0x84a2e</run_address>
         <size>0x2e</size>
         <input_file_ref idref="fl-41"/>
      </object_component>
      <object_component id="oc-191">
         <name>.text</name>
         <load_address>0x84a5c</load_address>
         <run_address>0x84a5c</run_address>
         <size>0x2a</size>
         <input_file_ref idref="fl-29"/>
      </object_component>
      <object_component id="oc-20d">
         <name>.text</name>
         <load_address>0x84a86</load_address>
         <run_address>0x84a86</run_address>
         <size>0x2a</size>
         <input_file_ref idref="fl-42"/>
      </object_component>
      <object_component id="oc-248">
         <name>.text</name>
         <load_address>0x84ab0</load_address>
         <run_address>0x84ab0</run_address>
         <size>0x29</size>
         <input_file_ref idref="fl-21"/>
      </object_component>
      <object_component id="oc-25a">
         <name>.text</name>
         <load_address>0x84ad9</load_address>
         <run_address>0x84ad9</run_address>
         <size>0x28</size>
         <input_file_ref idref="fl-b"/>
      </object_component>
      <object_component id="oc-25b">
         <name>.text</name>
         <load_address>0x84b01</load_address>
         <run_address>0x84b01</run_address>
         <size>0x26</size>
         <input_file_ref idref="fl-c"/>
      </object_component>
      <object_component id="oc-278">
         <name>.text</name>
         <load_address>0x84b27</load_address>
         <run_address>0x84b27</run_address>
         <size>0x22</size>
         <input_file_ref idref="fl-3f"/>
      </object_component>
      <object_component id="oc-1af">
         <name>.text</name>
         <load_address>0x84b49</load_address>
         <run_address>0x84b49</run_address>
         <size>0x21</size>
         <input_file_ref idref="fl-2f"/>
      </object_component>
      <object_component id="oc-1b4">
         <name>.text</name>
         <load_address>0x84b6a</load_address>
         <run_address>0x84b6a</run_address>
         <size>0x1f</size>
         <input_file_ref idref="fl-30"/>
      </object_component>
      <object_component id="oc-1cd">
         <name>.text</name>
         <load_address>0x84b89</load_address>
         <run_address>0x84b89</run_address>
         <size>0x1e</size>
         <input_file_ref idref="fl-35"/>
      </object_component>
      <object_component id="oc-258">
         <name>.text</name>
         <load_address>0x84ba7</load_address>
         <run_address>0x84ba7</run_address>
         <size>0x1e</size>
         <input_file_ref idref="fl-26"/>
      </object_component>
      <object_component id="oc-26b">
         <name>.text</name>
         <load_address>0x84bc5</load_address>
         <run_address>0x84bc5</run_address>
         <size>0x1e</size>
         <input_file_ref idref="fl-4c"/>
      </object_component>
      <object_component id="oc-1be">
         <name>.text</name>
         <load_address>0x84be3</load_address>
         <run_address>0x84be3</run_address>
         <size>0x1d</size>
         <input_file_ref idref="fl-32"/>
      </object_component>
      <object_component id="oc-1b9">
         <name>.text</name>
         <load_address>0x84c00</load_address>
         <run_address>0x84c00</run_address>
         <size>0x1c</size>
         <input_file_ref idref="fl-31"/>
      </object_component>
      <object_component id="oc-1c3">
         <name>.text</name>
         <load_address>0x84c1c</load_address>
         <run_address>0x84c1c</run_address>
         <size>0x1c</size>
         <input_file_ref idref="fl-33"/>
      </object_component>
      <object_component id="oc-15b">
         <name>.text</name>
         <load_address>0x84c38</load_address>
         <run_address>0x84c38</run_address>
         <size>0x1a</size>
         <input_file_ref idref="fl-20"/>
      </object_component>
      <object_component id="oc-247">
         <name>.text</name>
         <load_address>0x84c52</load_address>
         <run_address>0x84c52</run_address>
         <size>0x19</size>
         <input_file_ref idref="fl-1c"/>
      </object_component>
      <object_component id="oc-1c8">
         <name>.text</name>
         <load_address>0x84c6b</load_address>
         <run_address>0x84c6b</run_address>
         <size>0x18</size>
         <input_file_ref idref="fl-34"/>
      </object_component>
      <object_component id="oc-26f">
         <name>.text</name>
         <load_address>0x84c83</load_address>
         <run_address>0x84c83</run_address>
         <size>0x11</size>
         <input_file_ref idref="fl-44"/>
      </object_component>
      <object_component id="oc-1a5">
         <name>.text</name>
         <load_address>0x84c94</load_address>
         <run_address>0x84c94</run_address>
         <size>0xe</size>
         <input_file_ref idref="fl-2d"/>
      </object_component>
      <object_component id="oc-275">
         <name>.text</name>
         <load_address>0x84ca2</load_address>
         <run_address>0x84ca2</run_address>
         <size>0xd</size>
         <input_file_ref idref="fl-43"/>
      </object_component>
      <object_component id="oc-274">
         <name>.text</name>
         <load_address>0x84caf</load_address>
         <run_address>0x84caf</run_address>
         <size>0xc</size>
         <input_file_ref idref="fl-45"/>
      </object_component>
      <object_component id="oc-26a">
         <name>.text</name>
         <load_address>0x84cbb</load_address>
         <run_address>0x84cbb</run_address>
         <size>0xc</size>
         <input_file_ref idref="fl-48"/>
      </object_component>
      <object_component id="oc-269">
         <name>.text</name>
         <load_address>0x84cc7</load_address>
         <run_address>0x84cc7</run_address>
         <size>0xa</size>
         <input_file_ref idref="fl-49"/>
      </object_component>
      <object_component id="oc-261">
         <name>.text</name>
         <load_address>0x84cd1</load_address>
         <run_address>0x84cd1</run_address>
         <size>0x9</size>
         <input_file_ref idref="fl-1a"/>
      </object_component>
      <object_component id="oc-1a0">
         <name>.text</name>
         <load_address>0x84cda</load_address>
         <run_address>0x84cda</run_address>
         <size>0x9</size>
         <input_file_ref idref="fl-2c"/>
      </object_component>
      <object_component id="oc-250">
         <name>.text</name>
         <load_address>0x84ce3</load_address>
         <run_address>0x84ce3</run_address>
         <size>0x8</size>
         <input_file_ref idref="fl-4b"/>
      </object_component>
      <object_component id="oc-251">
         <name>.text</name>
         <load_address>0x84ceb</load_address>
         <run_address>0x84ceb</run_address>
         <size>0x5</size>
         <input_file_ref idref="fl-4a"/>
      </object_component>
      <object_component id="oc-276">
         <name>.text</name>
         <load_address>0x84cf0</load_address>
         <run_address>0x84cf0</run_address>
         <size>0x3</size>
         <input_file_ref idref="fl-46"/>
      </object_component>
      <object_component id="oc-244">
         <name>.text</name>
         <load_address>0x84cf3</load_address>
         <run_address>0x84cf3</run_address>
         <size>0x2</size>
         <input_file_ref idref="fl-1e"/>
      </object_component>
      <object_component id="oc-8e">
         <name>codestart</name>
         <load_address>0x80000</load_address>
         <run_address>0x80000</run_address>
         <size>0x2</size>
         <input_file_ref idref="fl-6"/>
      </object_component>
      <object_component id="oc-266">
         <name>ramfuncs</name>
         <load_address>0x86000</load_address>
         <run_address>0x8000</run_address>
         <size>0x6e</size>
         <input_file_ref idref="fl-e"/>
      </object_component>
      <object_component id="oc-119">
         <name>ramfuncs</name>
         <load_address>0x8606e</load_address>
         <run_address>0x806e</run_address>
         <size>0x4</size>
         <input_file_ref idref="fl-f"/>
      </object_component>
      <object_component id="oc-141">
         <name>.stack</name>
         <uninitialized>true</uninitialized>
         <run_address>0x400</run_address>
         <size>0x0</size>
         <input_file_ref idref="fl-1b"/>
      </object_component>
      <object_component id="oc-2fe">
         <name>.stack</name>
         <uninitialized>true</uninitialized>
         <run_address>0x400</run_address>
         <size>0x0</size>
      </object_component>
      <object_component id="oc-94">
         <name>.ebss</name>
         <uninitialized>true</uninitialized>
         <run_address>0xad20</run_address>
         <size>0x18</size>
         <input_file_ref idref="fl-7"/>
      </object_component>
      <object_component id="oc-17b">
         <name>.ebss</name>
         <uninitialized>true</uninitialized>
         <run_address>0xad38</run_address>
         <size>0x8</size>
         <input_file_ref idref="fl-25"/>
      </object_component>
      <object_component id="oc-127">
         <name>.ebss</name>
         <uninitialized>true</uninitialized>
         <run_address>0xad40</run_address>
         <size>0x160</size>
         <input_file_ref idref="fl-16"/>
      </object_component>
      <object_component id="oc-131">
         <name>.ebss</name>
         <uninitialized>true</uninitialized>
         <run_address>0xaea0</run_address>
         <size>0x8</size>
         <input_file_ref idref="fl-18"/>
      </object_component>
      <object_component id="oc-162">
         <name>.ebss</name>
         <uninitialized>true</uninitialized>
         <run_address>0xaea8</run_address>
         <size>0x6</size>
         <input_file_ref idref="fl-21"/>
      </object_component>
      <object_component id="oc-82">
         <name>.ebss</name>
         <uninitialized>true</uninitialized>
         <run_address>0xaeae</run_address>
         <size>0x3</size>
         <input_file_ref idref="fl-4"/>
      </object_component>
      <object_component id="oc-206">
         <name>.ebss</name>
         <uninitialized>true</uninitialized>
         <run_address>0xaeb1</run_address>
         <size>0x1</size>
         <input_file_ref idref="fl-40"/>
      </object_component>
      <object_component id="oc-24b">
         <name>.ebss:__lock</name>
         <uninitialized>true</uninitialized>
         <run_address>0xaeb2</run_address>
         <size>0x2</size>
         <input_file_ref idref="fl-1a"/>
      </object_component>
      <object_component id="oc-24e">
         <name>.ebss:__unlock</name>
         <uninitialized>true</uninitialized>
         <run_address>0xaeb4</run_address>
         <size>0x2</size>
         <input_file_ref idref="fl-1a"/>
      </object_component>
      <object_component id="oc-169">
         <name>.ebss</name>
         <uninitialized>true</uninitialized>
         <run_address>0xaeb6</run_address>
         <size>0x1</size>
         <input_file_ref idref="fl-22"/>
      </object_component>
      <object_component id="oc-120">
         <name>.ebss</name>
         <uninitialized>true</uninitialized>
         <run_address>0xaeb7</run_address>
         <size>0x1</size>
         <input_file_ref idref="fl-10"/>
      </object_component>
      <object_component id="oc-12b">
         <name>.ebss</name>
         <uninitialized>true</uninitialized>
         <run_address>0xaec0</run_address>
         <size>0x88</size>
         <input_file_ref idref="fl-17"/>
      </object_component>
      <object_component id="oc-17a">
         <name>.esysmem</name>
         <uninitialized>true</uninitialized>
         <run_address>0xa800</run_address>
         <size>0x1</size>
         <input_file_ref idref="fl-25"/>
      </object_component>
      <object_component id="oc-2ff">
         <name>.esysmem</name>
         <uninitialized>true</uninitialized>
         <run_address>0xa800</run_address>
         <size>0x0</size>
      </object_component>
      <object_component id="oc-137">
         <name>.cio</name>
         <uninitialized>true</uninitialized>
         <run_address>0xac00</run_address>
         <size>0x120</size>
         <input_file_ref idref="fl-19"/>
      </object_component>
      <object_component id="oc-253">
         <name>.econst:_ti_ascii</name>
         <load_address>0x90000</load_address>
         <run_address>0x90000</run_address>
         <size>0xe3d</size>
         <input_file_ref idref="fl-4"/>
      </object_component>
      <object_component id="oc-268">
         <name>.econst:_PieVectTableInit</name>
         <load_address>0x90e3e</load_address>
         <run_address>0x90e3e</run_address>
         <size>0x1c0</size>
         <input_file_ref idref="fl-c"/>
      </object_component>
      <object_component id="oc-277">
         <name>.econst:.string:__ctypes_</name>
         <load_address>0x90ffe</load_address>
         <run_address>0x90ffe</run_address>
         <size>0x101</size>
         <input_file_ref idref="fl-38"/>
      </object_component>
      <object_component id="oc-18c">
         <name>.econst:.string</name>
         <load_address>0x91100</load_address>
         <run_address>0x91100</run_address>
         <size>0x26</size>
         <input_file_ref idref="fl-28"/>
      </object_component>
      <object_component id="oc-83">
         <name>.econst:.string</name>
         <load_address>0x91126</load_address>
         <run_address>0x91126</run_address>
         <size>0x20</size>
         <input_file_ref idref="fl-4"/>
      </object_component>
      <object_component id="oc-18b">
         <name>.econst</name>
         <load_address>0x91146</load_address>
         <run_address>0x91146</run_address>
         <size>0x1c</size>
         <input_file_ref idref="fl-28"/>
      </object_component>
      <object_component id="oc-1fa">
         <name>.econst</name>
         <load_address>0x91162</load_address>
         <run_address>0x91162</run_address>
         <size>0x1c</size>
         <input_file_ref idref="fl-3e"/>
      </object_component>
      <object_component id="oc-256">
         <name>.econst:.string:_pucTempString</name>
         <load_address>0x9117e</load_address>
         <run_address>0x9117e</run_address>
         <size>0x15</size>
         <input_file_ref idref="fl-4"/>
      </object_component>
      <object_component id="oc-1ef">
         <name>.econst</name>
         <load_address>0x91194</load_address>
         <run_address>0x91194</run_address>
         <size>0x8</size>
         <input_file_ref idref="fl-3c"/>
      </object_component>
      <object_component id="oc-254">
         <name>.econst:.string:_escRed</name>
         <load_address>0x9119c</load_address>
         <run_address>0x9119c</run_address>
         <size>0x5</size>
         <input_file_ref idref="fl-4"/>
      </object_component>
      <object_component id="oc-255">
         <name>.econst:.string:_escWhite</name>
         <load_address>0x911a1</load_address>
         <run_address>0x911a1</run_address>
         <size>0x5</size>
         <input_file_ref idref="fl-4"/>
      </object_component>
      <object_component id="oc-1e9">
         <name>.econst:.string</name>
         <load_address>0x911a6</load_address>
         <run_address>0x911a6</run_address>
         <size>0x2</size>
         <input_file_ref idref="fl-3b"/>
      </object_component>
      <object_component id="oc-142">
         <name>.reset</name>
         <load_address>0x3fffc0</load_address>
         <run_address>0x3fffc0</run_address>
         <size>0x2</size>
         <input_file_ref idref="fl-1b"/>
      </object_component>
      <object_component id="oc-101">
         <name>PieVectTableFile</name>
         <uninitialized>true</uninitialized>
         <run_address>0xd00</run_address>
         <size>0x1c0</size>
         <input_file_ref idref="fl-9"/>
      </object_component>
      <object_component id="oc-a0">
         <name>EmuKeyVar</name>
         <uninitialized>true</uninitialized>
         <run_address>0xd00</run_address>
         <size>0x1</size>
         <input_file_ref idref="fl-9"/>
      </object_component>
      <object_component id="oc-a1">
         <name>EmuBModeVar</name>
         <uninitialized>true</uninitialized>
         <run_address>0xd01</run_address>
         <size>0x1</size>
         <input_file_ref idref="fl-9"/>
      </object_component>
      <object_component id="oc-b8">
         <name>AdcaResultFile</name>
         <uninitialized>true</uninitialized>
         <run_address>0xb00</run_address>
         <size>0x18</size>
         <input_file_ref idref="fl-9"/>
      </object_component>
      <object_component id="oc-b7">
         <name>AdcbResultFile</name>
         <uninitialized>true</uninitialized>
         <run_address>0xb20</run_address>
         <size>0x18</size>
         <input_file_ref idref="fl-9"/>
      </object_component>
      <object_component id="oc-ba">
         <name>AdccResultFile</name>
         <uninitialized>true</uninitialized>
         <run_address>0xb40</run_address>
         <size>0x18</size>
         <input_file_ref idref="fl-9"/>
      </object_component>
      <object_component id="oc-b9">
         <name>AdcdResultFile</name>
         <uninitialized>true</uninitialized>
         <run_address>0xb60</run_address>
         <size>0x18</size>
         <input_file_ref idref="fl-9"/>
      </object_component>
      <object_component id="oc-e9">
         <name>AdcaRegsFile</name>
         <uninitialized>true</uninitialized>
         <run_address>0x7400</run_address>
         <size>0x80</size>
         <input_file_ref idref="fl-9"/>
      </object_component>
      <object_component id="oc-e8">
         <name>AdcbRegsFile</name>
         <uninitialized>true</uninitialized>
         <run_address>0x7480</run_address>
         <size>0x80</size>
         <input_file_ref idref="fl-9"/>
      </object_component>
      <object_component id="oc-eb">
         <name>AdccRegsFile</name>
         <uninitialized>true</uninitialized>
         <run_address>0x7500</run_address>
         <size>0x80</size>
         <input_file_ref idref="fl-9"/>
      </object_component>
      <object_component id="oc-ea">
         <name>AdcdRegsFile</name>
         <uninitialized>true</uninitialized>
         <run_address>0x7580</run_address>
         <size>0x80</size>
         <input_file_ref idref="fl-9"/>
      </object_component>
      <object_component id="oc-e5">
         <name>AnalogSubsysRegsFile</name>
         <uninitialized>true</uninitialized>
         <run_address>0x5d180</run_address>
         <size>0x48</size>
         <input_file_ref idref="fl-9"/>
      </object_component>
      <object_component id="oc-df">
         <name>Cla1RegsFile</name>
         <uninitialized>true</uninitialized>
         <run_address>0x1400</run_address>
         <size>0x3e</size>
         <input_file_ref idref="fl-9"/>
      </object_component>
      <object_component id="oc-a5">
         <name>Cla1SoftIntRegsFile</name>
         <uninitialized>true</uninitialized>
         <run_address>0xce0</run_address>
         <size>0x4</size>
         <input_file_ref idref="fl-9"/>
      </object_component>
      <object_component id="oc-cb">
         <name>Cmpss1RegsFile</name>
         <uninitialized>true</uninitialized>
         <run_address>0x5c80</run_address>
         <size>0x20</size>
         <input_file_ref idref="fl-9"/>
      </object_component>
      <object_component id="oc-ca">
         <name>Cmpss2RegsFile</name>
         <uninitialized>true</uninitialized>
         <run_address>0x5ca0</run_address>
         <size>0x20</size>
         <input_file_ref idref="fl-9"/>
      </object_component>
      <object_component id="oc-cd">
         <name>Cmpss3RegsFile</name>
         <uninitialized>true</uninitialized>
         <run_address>0x5cc0</run_address>
         <size>0x20</size>
         <input_file_ref idref="fl-9"/>
      </object_component>
      <object_component id="oc-cc">
         <name>Cmpss4RegsFile</name>
         <uninitialized>true</uninitialized>
         <run_address>0x5ce0</run_address>
         <size>0x20</size>
         <input_file_ref idref="fl-9"/>
      </object_component>
      <object_component id="oc-ce">
         <name>Cmpss5RegsFile</name>
         <uninitialized>true</uninitialized>
         <run_address>0x5d00</run_address>
         <size>0x20</size>
         <input_file_ref idref="fl-9"/>
      </object_component>
      <object_component id="oc-c6">
         <name>Cmpss6RegsFile</name>
         <uninitialized>true</uninitialized>
         <run_address>0x5d20</run_address>
         <size>0x20</size>
         <input_file_ref idref="fl-9"/>
      </object_component>
      <object_component id="oc-c5">
         <name>Cmpss7RegsFile</name>
         <uninitialized>true</uninitialized>
         <run_address>0x5d40</run_address>
         <size>0x20</size>
         <input_file_ref idref="fl-9"/>
      </object_component>
      <object_component id="oc-c8">
         <name>Cmpss8RegsFile</name>
         <uninitialized>true</uninitialized>
         <run_address>0x5d60</run_address>
         <size>0x20</size>
         <input_file_ref idref="fl-9"/>
      </object_component>
      <object_component id="oc-ac">
         <name>CpuTimer0RegsFile</name>
         <uninitialized>true</uninitialized>
         <run_address>0xc00</run_address>
         <size>0x8</size>
         <input_file_ref idref="fl-9"/>
      </object_component>
      <object_component id="oc-ab">
         <name>CpuTimer1RegsFile</name>
         <uninitialized>true</uninitialized>
         <run_address>0xc08</run_address>
         <size>0x8</size>
         <input_file_ref idref="fl-9"/>
      </object_component>
      <object_component id="oc-ae">
         <name>CpuTimer2RegsFile</name>
         <uninitialized>true</uninitialized>
         <run_address>0xc10</run_address>
         <size>0x8</size>
         <input_file_ref idref="fl-9"/>
      </object_component>
      <object_component id="oc-a8">
         <name>DacaRegsFile</name>
         <uninitialized>true</uninitialized>
         <run_address>0x5c00</run_address>
         <size>0x8</size>
         <input_file_ref idref="fl-9"/>
      </object_component>
      <object_component id="oc-aa">
         <name>DacbRegsFile</name>
         <uninitialized>true</uninitialized>
         <run_address>0x5c10</run_address>
         <size>0x8</size>
         <input_file_ref idref="fl-9"/>
      </object_component>
      <object_component id="oc-ad">
         <name>DaccRegsFile</name>
         <uninitialized>true</uninitialized>
         <run_address>0x5c20</run_address>
         <size>0x8</size>
         <input_file_ref idref="fl-9"/>
      </object_component>
      <object_component id="oc-d7">
         <name>DcsmZ1RegsFile</name>
         <uninitialized>true</uninitialized>
         <run_address>0x5f000</run_address>
         <size>0x24</size>
         <input_file_ref idref="fl-9"/>
      </object_component>
      <object_component id="oc-d6">
         <name>DcsmZ2RegsFile</name>
         <uninitialized>true</uninitialized>
         <run_address>0x5f040</run_address>
         <size>0x24</size>
         <input_file_ref idref="fl-9"/>
      </object_component>
      <object_component id="oc-a9">
         <name>DcsmCommonRegsFile</name>
         <uninitialized>true</uninitialized>
         <run_address>0x5f070</run_address>
         <size>0x8</size>
         <input_file_ref idref="fl-9"/>
      </object_component>
      <object_component id="oc-c7">
         <name>DcsmZ1OtpFile</name>
         <uninitialized>true</uninitialized>
         <run_address>0x78000</run_address>
         <size>0x20</size>
         <input_file_ref idref="fl-9"/>
      </object_component>
      <object_component id="oc-c9">
         <name>DcsmZ2OtpFile</name>
         <uninitialized>true</uninitialized>
         <run_address>0x78200</run_address>
         <size>0x20</size>
         <input_file_ref idref="fl-9"/>
      </object_component>
      <object_component id="oc-f0">
         <name>DmaRegsFile</name>
         <uninitialized>true</uninitialized>
         <run_address>0x1000</run_address>
         <size>0xe0</size>
         <input_file_ref idref="fl-9"/>
      </object_component>
      <object_component id="oc-bb">
         <name>DmaClaSrcSelRegsFile</name>
         <uninitialized>true</uninitialized>
         <run_address>0x7980</run_address>
         <size>0x1a</size>
         <input_file_ref idref="fl-9"/>
      </object_component>
      <object_component id="oc-cf">
         <name>ECap1RegsFile</name>
         <uninitialized>true</uninitialized>
         <run_address>0x5000</run_address>
         <size>0x20</size>
         <input_file_ref idref="fl-9"/>
      </object_component>
      <object_component id="oc-d0">
         <name>ECap2RegsFile</name>
         <uninitialized>true</uninitialized>
         <run_address>0x5020</run_address>
         <size>0x20</size>
         <input_file_ref idref="fl-9"/>
      </object_component>
      <object_component id="oc-c4">
         <name>ECap3RegsFile</name>
         <uninitialized>true</uninitialized>
         <run_address>0x5040</run_address>
         <size>0x20</size>
         <input_file_ref idref="fl-9"/>
      </object_component>
      <object_component id="oc-be">
         <name>ECap4RegsFile</name>
         <uninitialized>true</uninitialized>
         <run_address>0x5060</run_address>
         <size>0x20</size>
         <input_file_ref idref="fl-9"/>
      </object_component>
      <object_component id="oc-bf">
         <name>ECap5RegsFile</name>
         <uninitialized>true</uninitialized>
         <run_address>0x5080</run_address>
         <size>0x20</size>
         <input_file_ref idref="fl-9"/>
      </object_component>
      <object_component id="oc-bd">
         <name>ECap6RegsFile</name>
         <uninitialized>true</uninitialized>
         <run_address>0x50a0</run_address>
         <size>0x20</size>
         <input_file_ref idref="fl-9"/>
      </object_component>
      <object_component id="oc-e7">
         <name>Emif1RegsFile</name>
         <uninitialized>true</uninitialized>
         <run_address>0x47000</run_address>
         <size>0x70</size>
         <input_file_ref idref="fl-9"/>
      </object_component>
      <object_component id="oc-e6">
         <name>Emif2RegsFile</name>
         <uninitialized>true</uninitialized>
         <run_address>0x47800</run_address>
         <size>0x70</size>
         <input_file_ref idref="fl-9"/>
      </object_component>
      <object_component id="oc-f5">
         <name>EPwm1RegsFile</name>
         <uninitialized>true</uninitialized>
         <run_address>0x4000</run_address>
         <size>0x100</size>
         <input_file_ref idref="fl-9"/>
      </object_component>
      <object_component id="oc-f4">
         <name>EPwm2RegsFile</name>
         <uninitialized>true</uninitialized>
         <run_address>0x4100</run_address>
         <size>0x100</size>
         <input_file_ref idref="fl-9"/>
      </object_component>
      <object_component id="oc-f7">
         <name>EPwm3RegsFile</name>
         <uninitialized>true</uninitialized>
         <run_address>0x4200</run_address>
         <size>0x100</size>
         <input_file_ref idref="fl-9"/>
      </object_component>
      <object_component id="oc-f2">
         <name>EPwm4RegsFile</name>
         <uninitialized>true</uninitialized>
         <run_address>0x4300</run_address>
         <size>0x100</size>
         <input_file_ref idref="fl-9"/>
      </object_component>
      <object_component id="oc-f1">
         <name>EPwm5RegsFile</name>
         <uninitialized>true</uninitialized>
         <run_address>0x4400</run_address>
         <size>0x100</size>
         <input_file_ref idref="fl-9"/>
      </object_component>
      <object_component id="oc-f6">
         <name>EPwm6RegsFile</name>
         <uninitialized>true</uninitialized>
         <run_address>0x4500</run_address>
         <size>0x100</size>
         <input_file_ref idref="fl-9"/>
      </object_component>
      <object_component id="oc-f3">
         <name>EPwm7RegsFile</name>
         <uninitialized>true</uninitialized>
         <run_address>0x4600</run_address>
         <size>0x100</size>
         <input_file_ref idref="fl-9"/>
      </object_component>
      <object_component id="oc-fc">
         <name>EPwm8RegsFile</name>
         <uninitialized>true</uninitialized>
         <run_address>0x4700</run_address>
         <size>0x100</size>
         <input_file_ref idref="fl-9"/>
      </object_component>
      <object_component id="oc-fa">
         <name>EPwm9RegsFile</name>
         <uninitialized>true</uninitialized>
         <run_address>0x4800</run_address>
         <size>0x100</size>
         <input_file_ref idref="fl-9"/>
      </object_component>
      <object_component id="oc-fb">
         <name>EPwm10RegsFile</name>
         <uninitialized>true</uninitialized>
         <run_address>0x4900</run_address>
         <size>0x100</size>
         <input_file_ref idref="fl-9"/>
      </object_component>
      <object_component id="oc-f8">
         <name>EPwm11RegsFile</name>
         <uninitialized>true</uninitialized>
         <run_address>0x4a00</run_address>
         <size>0x100</size>
         <input_file_ref idref="fl-9"/>
      </object_component>
      <object_component id="oc-f9">
         <name>EPwm12RegsFile</name>
         <uninitialized>true</uninitialized>
         <run_address>0x4b00</run_address>
         <size>0x100</size>
         <input_file_ref idref="fl-9"/>
      </object_component>
      <object_component id="oc-e2">
         <name>EPwmXbarRegsFile</name>
         <uninitialized>true</uninitialized>
         <run_address>0x7a00</run_address>
         <size>0x40</size>
         <input_file_ref idref="fl-9"/>
      </object_component>
      <object_component id="oc-d1">
         <name>EQep1RegsFile</name>
         <uninitialized>true</uninitialized>
         <run_address>0x5100</run_address>
         <size>0x22</size>
         <input_file_ref idref="fl-9"/>
      </object_component>
      <object_component id="oc-d2">
         <name>EQep2RegsFile</name>
         <uninitialized>true</uninitialized>
         <run_address>0x5140</run_address>
         <size>0x22</size>
         <input_file_ref idref="fl-9"/>
      </object_component>
      <object_component id="oc-d5">
         <name>EQep3RegsFile</name>
         <uninitialized>true</uninitialized>
         <run_address>0x5180</run_address>
         <size>0x22</size>
         <input_file_ref idref="fl-9"/>
      </object_component>
      <object_component id="oc-100">
         <name>Flash0CtrlRegsFile</name>
         <uninitialized>true</uninitialized>
         <run_address>0x5f800</run_address>
         <size>0x182</size>
         <input_file_ref idref="fl-9"/>
      </object_component>
      <object_component id="oc-db">
         <name>Flash0EccRegsFile</name>
         <uninitialized>true</uninitialized>
         <run_address>0x5fb00</run_address>
         <size>0x28</size>
         <input_file_ref idref="fl-9"/>
      </object_component>
      <object_component id="oc-ff">
         <name>Flash1CtrlRegsFile</name>
         <uninitialized>true</uninitialized>
         <run_address>0x5fc00</run_address>
         <size>0x182</size>
         <input_file_ref idref="fl-9"/>
      </object_component>
      <object_component id="oc-da">
         <name>Flash1EccRegsFile</name>
         <uninitialized>true</uninitialized>
         <run_address>0x5ff00</run_address>
         <size>0x28</size>
         <input_file_ref idref="fl-9"/>
      </object_component>
      <object_component id="oc-fe">
         <name>GpioCtrlRegsFile</name>
         <uninitialized>true</uninitialized>
         <run_address>0x7c00</run_address>
         <size>0x180</size>
         <input_file_ref idref="fl-9"/>
      </object_component>
      <object_component id="oc-dd">
         <name>GpioDataRegsFile</name>
         <uninitialized>true</uninitialized>
         <run_address>0x7f00</run_address>
         <size>0x30</size>
         <input_file_ref idref="fl-9"/>
      </object_component>
      <object_component id="oc-e3">
         <name>OutputXbarRegsFile</name>
         <uninitialized>true</uninitialized>
         <run_address>0x7a80</run_address>
         <size>0x40</size>
         <input_file_ref idref="fl-9"/>
      </object_component>
      <object_component id="oc-d4">
         <name>I2caRegsFile</name>
         <uninitialized>true</uninitialized>
         <run_address>0x7300</run_address>
         <size>0x22</size>
         <input_file_ref idref="fl-9"/>
      </object_component>
      <object_component id="oc-d3">
         <name>I2cbRegsFile</name>
         <uninitialized>true</uninitialized>
         <run_address>0x7340</run_address>
         <size>0x22</size>
         <input_file_ref idref="fl-9"/>
      </object_component>
      <object_component id="oc-c2">
         <name>InputXbarRegsFile</name>
         <uninitialized>true</uninitialized>
         <run_address>0x7900</run_address>
         <size>0x20</size>
         <input_file_ref idref="fl-9"/>
      </object_component>
      <object_component id="oc-c3">
         <name>XbarRegsFile</name>
         <uninitialized>true</uninitialized>
         <run_address>0x7920</run_address>
         <size>0x20</size>
         <input_file_ref idref="fl-9"/>
      </object_component>
      <object_component id="oc-a3">
         <name>FlashPumpSemaphoreRegsFile</name>
         <uninitialized>true</uninitialized>
         <run_address>0x50024</run_address>
         <size>0x2</size>
         <input_file_ref idref="fl-9"/>
      </object_component>
      <object_component id="oc-a2">
         <name>RomPrefetchRegsFile</name>
         <uninitialized>true</uninitialized>
         <run_address>0x5e608</run_address>
         <size>0x2</size>
         <input_file_ref idref="fl-9"/>
      </object_component>
      <object_component id="oc-ee">
         <name>MemCfgRegsFile</name>
         <uninitialized>true</uninitialized>
         <run_address>0x5f400</run_address>
         <size>0x80</size>
         <input_file_ref idref="fl-9"/>
      </object_component>
      <object_component id="oc-c0">
         <name>Emif1ConfigRegsFile</name>
         <uninitialized>true</uninitialized>
         <run_address>0x5f480</run_address>
         <size>0x20</size>
         <input_file_ref idref="fl-9"/>
      </object_component>
      <object_component id="oc-c1">
         <name>Emif2ConfigRegsFile</name>
         <uninitialized>true</uninitialized>
         <run_address>0x5f4a0</run_address>
         <size>0x20</size>
         <input_file_ref idref="fl-9"/>
      </object_component>
      <object_component id="oc-e0">
         <name>AccessProtectionRegsFile</name>
         <uninitialized>true</uninitialized>
         <run_address>0x5f4c0</run_address>
         <size>0x40</size>
         <input_file_ref idref="fl-9"/>
      </object_component>
      <object_component id="oc-e1">
         <name>MemoryErrorRegsFile</name>
         <uninitialized>true</uninitialized>
         <run_address>0x5f500</run_address>
         <size>0x40</size>
         <input_file_ref idref="fl-9"/>
      </object_component>
      <object_component id="oc-a4">
         <name>RomWaitStateRegsFile</name>
         <uninitialized>true</uninitialized>
         <run_address>0x5f540</run_address>
         <size>0x2</size>
         <input_file_ref idref="fl-9"/>
      </object_component>
      <object_component id="oc-d9">
         <name>McbspaRegsFile</name>
         <uninitialized>true</uninitialized>
         <run_address>0x6000</run_address>
         <size>0x24</size>
         <input_file_ref idref="fl-9"/>
      </object_component>
      <object_component id="oc-d8">
         <name>McbspbRegsFile</name>
         <uninitialized>true</uninitialized>
         <run_address>0x6040</run_address>
         <size>0x24</size>
         <input_file_ref idref="fl-9"/>
      </object_component>
      <object_component id="oc-e4">
         <name>UppRegsFile</name>
         <uninitialized>true</uninitialized>
         <run_address>0x6200</run_address>
         <size>0x48</size>
         <input_file_ref idref="fl-9"/>
      </object_component>
      <object_component id="oc-a7">
         <name>NmiIntruptRegsFile</name>
         <uninitialized>true</uninitialized>
         <run_address>0x7060</run_address>
         <size>0x7</size>
         <input_file_ref idref="fl-9"/>
      </object_component>
      <object_component id="oc-bc">
         <name>PieCtrlRegsFile</name>
         <uninitialized>true</uninitialized>
         <run_address>0xce0</run_address>
         <size>0x1a</size>
         <input_file_ref idref="fl-9"/>
      </object_component>
      <object_component id="oc-b5">
         <name>SciaRegsFile</name>
         <uninitialized>true</uninitialized>
         <run_address>0x7200</run_address>
         <size>0x10</size>
         <input_file_ref idref="fl-9"/>
      </object_component>
      <object_component id="oc-b4">
         <name>ScibRegsFile</name>
         <uninitialized>true</uninitialized>
         <run_address>0x7210</run_address>
         <size>0x10</size>
         <input_file_ref idref="fl-9"/>
      </object_component>
      <object_component id="oc-b6">
         <name>ScicRegsFile</name>
         <uninitialized>true</uninitialized>
         <run_address>0x7220</run_address>
         <size>0x10</size>
         <input_file_ref idref="fl-9"/>
      </object_component>
      <object_component id="oc-b3">
         <name>ScidRegsFile</name>
         <uninitialized>true</uninitialized>
         <run_address>0x7230</run_address>
         <size>0x10</size>
         <input_file_ref idref="fl-9"/>
      </object_component>
      <object_component id="oc-ec">
         <name>Sdfm1RegsFile</name>
         <uninitialized>true</uninitialized>
         <run_address>0x5e00</run_address>
         <size>0x80</size>
         <input_file_ref idref="fl-9"/>
      </object_component>
      <object_component id="oc-ed">
         <name>Sdfm2RegsFile</name>
         <uninitialized>true</uninitialized>
         <run_address>0x5e80</run_address>
         <size>0x80</size>
         <input_file_ref idref="fl-9"/>
      </object_component>
      <object_component id="oc-b0">
         <name>SpiaRegsFile</name>
         <uninitialized>true</uninitialized>
         <run_address>0x6100</run_address>
         <size>0x10</size>
         <input_file_ref idref="fl-9"/>
      </object_component>
      <object_component id="oc-b2">
         <name>SpibRegsFile</name>
         <uninitialized>true</uninitialized>
         <run_address>0x6110</run_address>
         <size>0x10</size>
         <input_file_ref idref="fl-9"/>
      </object_component>
      <object_component id="oc-b1">
         <name>SpicRegsFile</name>
         <uninitialized>true</uninitialized>
         <run_address>0x6120</run_address>
         <size>0x10</size>
         <input_file_ref idref="fl-9"/>
      </object_component>
      <object_component id="oc-fd">
         <name>DevCfgRegsFile</name>
         <uninitialized>true</uninitialized>
         <run_address>0x5d000</run_address>
         <size>0x12e</size>
         <input_file_ref idref="fl-9"/>
      </object_component>
      <object_component id="oc-de">
         <name>ClkCfgRegsFile</name>
         <uninitialized>true</uninitialized>
         <run_address>0x5d200</run_address>
         <size>0x32</size>
         <input_file_ref idref="fl-9"/>
      </object_component>
      <object_component id="oc-ef">
         <name>CpuSysRegsFile</name>
         <uninitialized>true</uninitialized>
         <run_address>0x5d300</run_address>
         <size>0x82</size>
         <input_file_ref idref="fl-9"/>
      </object_component>
      <object_component id="oc-a6">
         <name>SyncSocRegsFile</name>
         <uninitialized>true</uninitialized>
         <run_address>0x7940</run_address>
         <size>0x6</size>
         <input_file_ref idref="fl-9"/>
      </object_component>
      <object_component id="oc-dc">
         <name>WdRegsFile</name>
         <uninitialized>true</uninitialized>
         <run_address>0x7000</run_address>
         <size>0x2b</size>
         <input_file_ref idref="fl-9"/>
      </object_component>
      <object_component id="oc-af">
         <name>XintRegsFile</name>
         <uninitialized>true</uninitialized>
         <run_address>0x7070</run_address>
         <size>0xb</size>
         <input_file_ref idref="fl-9"/>
      </object_component>
      <object_component id="oc-80">
         <name>.debug_info</name>
         <load_address>0x0</load_address>
         <run_address>0x0</run_address>
         <size>0x1af97</size>
         <input_file_ref idref="fl-4"/>
      </object_component>
      <object_component id="oc-88">
         <name>.debug_info</name>
         <load_address>0x1af97</load_address>
         <run_address>0x1af97</run_address>
         <size>0x4997</size>
         <input_file_ref idref="fl-5"/>
      </object_component>
      <object_component id="oc-8f">
         <name>.debug_info</name>
         <load_address>0x1f92e</load_address>
         <run_address>0x1f92e</run_address>
         <size>0x210</size>
         <input_file_ref idref="fl-6"/>
      </object_component>
      <object_component id="oc-93">
         <name>.debug_info</name>
         <load_address>0x1fb3e</load_address>
         <run_address>0x1fb3e</run_address>
         <size>0x8ae</size>
         <input_file_ref idref="fl-7"/>
      </object_component>
      <object_component id="oc-99">
         <name>.debug_info</name>
         <load_address>0x203ec</load_address>
         <run_address>0x203ec</run_address>
         <size>0x7e09</size>
         <input_file_ref idref="fl-8"/>
      </object_component>
      <object_component id="oc-9f">
         <name>.debug_info</name>
         <load_address>0x281f5</load_address>
         <run_address>0x281f5</run_address>
         <size>0x4b1a8</size>
         <input_file_ref idref="fl-9"/>
      </object_component>
      <object_component id="oc-103">
         <name>.debug_info</name>
         <load_address>0x7339d</load_address>
         <run_address>0x7339d</run_address>
         <size>0x190c3</size>
         <input_file_ref idref="fl-a"/>
      </object_component>
      <object_component id="oc-108">
         <name>.debug_info</name>
         <load_address>0x8c460</load_address>
         <run_address>0x8c460</run_address>
         <size>0x36e0</size>
         <input_file_ref idref="fl-b"/>
      </object_component>
      <object_component id="oc-10d">
         <name>.debug_info</name>
         <load_address>0x8fb40</load_address>
         <run_address>0x8fb40</run_address>
         <size>0x6821</size>
         <input_file_ref idref="fl-c"/>
      </object_component>
      <object_component id="oc-112">
         <name>.debug_info</name>
         <load_address>0x96361</load_address>
         <run_address>0x96361</run_address>
         <size>0x1e9</size>
         <input_file_ref idref="fl-d"/>
      </object_component>
      <object_component id="oc-114">
         <name>.debug_info</name>
         <load_address>0x9654a</load_address>
         <run_address>0x9654a</run_address>
         <size>0x957a</size>
         <input_file_ref idref="fl-e"/>
      </object_component>
      <object_component id="oc-11a">
         <name>.debug_info</name>
         <load_address>0x9fac4</load_address>
         <run_address>0x9fac4</run_address>
         <size>0x198</size>
         <input_file_ref idref="fl-f"/>
      </object_component>
      <object_component id="oc-11e">
         <name>.debug_info</name>
         <load_address>0x9fc5c</load_address>
         <run_address>0x9fc5c</run_address>
         <size>0x1590</size>
         <input_file_ref idref="fl-10"/>
      </object_component>
      <object_component id="oc-125">
         <name>.debug_info</name>
         <load_address>0xa11ec</load_address>
         <run_address>0xa11ec</run_address>
         <size>0x2d0</size>
         <input_file_ref idref="fl-16"/>
      </object_component>
      <object_component id="oc-129">
         <name>.debug_info</name>
         <load_address>0xa14bc</load_address>
         <run_address>0xa14bc</run_address>
         <size>0x12c7</size>
         <input_file_ref idref="fl-17"/>
      </object_component>
      <object_component id="oc-130">
         <name>.debug_info</name>
         <load_address>0xa2783</load_address>
         <run_address>0xa2783</run_address>
         <size>0xf1d</size>
         <input_file_ref idref="fl-18"/>
      </object_component>
      <object_component id="oc-136">
         <name>.debug_info</name>
         <load_address>0xa36a0</load_address>
         <run_address>0xa36a0</run_address>
         <size>0x5c6</size>
         <input_file_ref idref="fl-19"/>
      </object_component>
      <object_component id="oc-13c">
         <name>.debug_info</name>
         <load_address>0xa3c66</load_address>
         <run_address>0xa3c66</run_address>
         <size>0x502</size>
         <input_file_ref idref="fl-1a"/>
      </object_component>
      <object_component id="oc-143">
         <name>.debug_info</name>
         <load_address>0xa4168</load_address>
         <run_address>0xa4168</run_address>
         <size>0x16c</size>
         <input_file_ref idref="fl-1b"/>
      </object_component>
      <object_component id="oc-147">
         <name>.debug_info</name>
         <load_address>0xa42d4</load_address>
         <run_address>0xa42d4</run_address>
         <size>0x4cf</size>
         <input_file_ref idref="fl-1c"/>
      </object_component>
      <object_component id="oc-14c">
         <name>.debug_info</name>
         <load_address>0xa47a3</load_address>
         <run_address>0xa47a3</run_address>
         <size>0x3e0</size>
         <input_file_ref idref="fl-1d"/>
      </object_component>
      <object_component id="oc-151">
         <name>.debug_info</name>
         <load_address>0xa4b83</load_address>
         <run_address>0xa4b83</run_address>
         <size>0x3e3</size>
         <input_file_ref idref="fl-1e"/>
      </object_component>
      <object_component id="oc-156">
         <name>.debug_info</name>
         <load_address>0xa4f66</load_address>
         <run_address>0xa4f66</run_address>
         <size>0x628</size>
         <input_file_ref idref="fl-1f"/>
      </object_component>
      <object_component id="oc-15c">
         <name>.debug_info</name>
         <load_address>0xa558e</load_address>
         <run_address>0xa558e</run_address>
         <size>0x113</size>
         <input_file_ref idref="fl-20"/>
      </object_component>
      <object_component id="oc-160">
         <name>.debug_info</name>
         <load_address>0xa56a1</load_address>
         <run_address>0xa56a1</run_address>
         <size>0x5ac</size>
         <input_file_ref idref="fl-21"/>
      </object_component>
      <object_component id="oc-167">
         <name>.debug_info</name>
         <load_address>0xa5c4d</load_address>
         <run_address>0xa5c4d</run_address>
         <size>0x8e1</size>
         <input_file_ref idref="fl-22"/>
      </object_component>
      <object_component id="oc-16e">
         <name>.debug_info</name>
         <load_address>0xa652e</load_address>
         <run_address>0xa652e</run_address>
         <size>0x6ed</size>
         <input_file_ref idref="fl-23"/>
      </object_component>
      <object_component id="oc-173">
         <name>.debug_info</name>
         <load_address>0xa6c1b</load_address>
         <run_address>0xa6c1b</run_address>
         <size>0x659</size>
         <input_file_ref idref="fl-24"/>
      </object_component>
      <object_component id="oc-178">
         <name>.debug_info</name>
         <load_address>0xa7274</load_address>
         <run_address>0xa7274</run_address>
         <size>0xb20</size>
         <input_file_ref idref="fl-25"/>
      </object_component>
      <object_component id="oc-180">
         <name>.debug_info</name>
         <load_address>0xa7d94</load_address>
         <run_address>0xa7d94</run_address>
         <size>0x470</size>
         <input_file_ref idref="fl-26"/>
      </object_component>
      <object_component id="oc-185">
         <name>.debug_info</name>
         <load_address>0xa8204</load_address>
         <run_address>0xa8204</run_address>
         <size>0x70a</size>
         <input_file_ref idref="fl-27"/>
      </object_component>
      <object_component id="oc-18a">
         <name>.debug_info</name>
         <load_address>0xa890e</load_address>
         <run_address>0xa890e</run_address>
         <size>0x2560</size>
         <input_file_ref idref="fl-28"/>
      </object_component>
      <object_component id="oc-192">
         <name>.debug_info</name>
         <load_address>0xaae6e</load_address>
         <run_address>0xaae6e</run_address>
         <size>0x119</size>
         <input_file_ref idref="fl-29"/>
      </object_component>
      <object_component id="oc-197">
         <name>.debug_info</name>
         <load_address>0xaaf87</load_address>
         <run_address>0xaaf87</run_address>
         <size>0x10d</size>
         <input_file_ref idref="fl-2a"/>
      </object_component>
      <object_component id="oc-19c">
         <name>.debug_info</name>
         <load_address>0xab094</load_address>
         <run_address>0xab094</run_address>
         <size>0x10d</size>
         <input_file_ref idref="fl-2b"/>
      </object_component>
      <object_component id="oc-1a1">
         <name>.debug_info</name>
         <load_address>0xab1a1</load_address>
         <run_address>0xab1a1</run_address>
         <size>0x10d</size>
         <input_file_ref idref="fl-2c"/>
      </object_component>
      <object_component id="oc-1a6">
         <name>.debug_info</name>
         <load_address>0xab2ae</load_address>
         <run_address>0xab2ae</run_address>
         <size>0x11b</size>
         <input_file_ref idref="fl-2d"/>
      </object_component>
      <object_component id="oc-1ab">
         <name>.debug_info</name>
         <load_address>0xab3c9</load_address>
         <run_address>0xab3c9</run_address>
         <size>0x10d</size>
         <input_file_ref idref="fl-2e"/>
      </object_component>
      <object_component id="oc-1b0">
         <name>.debug_info</name>
         <load_address>0xab4d6</load_address>
         <run_address>0xab4d6</run_address>
         <size>0x10d</size>
         <input_file_ref idref="fl-2f"/>
      </object_component>
      <object_component id="oc-1b5">
         <name>.debug_info</name>
         <load_address>0xab5e3</load_address>
         <run_address>0xab5e3</run_address>
         <size>0x10d</size>
         <input_file_ref idref="fl-30"/>
      </object_component>
      <object_component id="oc-1ba">
         <name>.debug_info</name>
         <load_address>0xab6f0</load_address>
         <run_address>0xab6f0</run_address>
         <size>0x113</size>
         <input_file_ref idref="fl-31"/>
      </object_component>
      <object_component id="oc-1bf">
         <name>.debug_info</name>
         <load_address>0xab803</load_address>
         <run_address>0xab803</run_address>
         <size>0x111</size>
         <input_file_ref idref="fl-32"/>
      </object_component>
      <object_component id="oc-1c4">
         <name>.debug_info</name>
         <load_address>0xab914</load_address>
         <run_address>0xab914</run_address>
         <size>0x111</size>
         <input_file_ref idref="fl-33"/>
      </object_component>
      <object_component id="oc-1c9">
         <name>.debug_info</name>
         <load_address>0xaba25</load_address>
         <run_address>0xaba25</run_address>
         <size>0x16f</size>
         <input_file_ref idref="fl-34"/>
      </object_component>
      <object_component id="oc-1ce">
         <name>.debug_info</name>
         <load_address>0xabb94</load_address>
         <run_address>0xabb94</run_address>
         <size>0x147</size>
         <input_file_ref idref="fl-35"/>
      </object_component>
      <object_component id="oc-1d3">
         <name>.debug_info</name>
         <load_address>0xabcdb</load_address>
         <run_address>0xabcdb</run_address>
         <size>0x22a</size>
         <input_file_ref idref="fl-36"/>
      </object_component>
      <object_component id="oc-1d7">
         <name>.debug_info</name>
         <load_address>0xabf05</load_address>
         <run_address>0xabf05</run_address>
         <size>0x455</size>
         <input_file_ref idref="fl-37"/>
      </object_component>
      <object_component id="oc-1dc">
         <name>.debug_info</name>
         <load_address>0xac35a</load_address>
         <run_address>0xac35a</run_address>
         <size>0x1dd</size>
         <input_file_ref idref="fl-38"/>
      </object_component>
      <object_component id="oc-1de">
         <name>.debug_info</name>
         <load_address>0xac537</load_address>
         <run_address>0xac537</run_address>
         <size>0x66f</size>
         <input_file_ref idref="fl-39"/>
      </object_component>
      <object_component id="oc-1e3">
         <name>.debug_info</name>
         <load_address>0xacba6</load_address>
         <run_address>0xacba6</run_address>
         <size>0x5da</size>
         <input_file_ref idref="fl-3a"/>
      </object_component>
      <object_component id="oc-1e8">
         <name>.debug_info</name>
         <load_address>0xad180</load_address>
         <run_address>0xad180</run_address>
         <size>0x848</size>
         <input_file_ref idref="fl-3b"/>
      </object_component>
      <object_component id="oc-1ee">
         <name>.debug_info</name>
         <load_address>0xad9c8</load_address>
         <run_address>0xad9c8</run_address>
         <size>0x538</size>
         <input_file_ref idref="fl-3c"/>
      </object_component>
      <object_component id="oc-1f4">
         <name>.debug_info</name>
         <load_address>0xadf00</load_address>
         <run_address>0xadf00</run_address>
         <size>0x5c4</size>
         <input_file_ref idref="fl-3d"/>
      </object_component>
      <object_component id="oc-1f9">
         <name>.debug_info</name>
         <load_address>0xae4c4</load_address>
         <run_address>0xae4c4</run_address>
         <size>0x5e3</size>
         <input_file_ref idref="fl-3e"/>
      </object_component>
      <object_component id="oc-1ff">
         <name>.debug_info</name>
         <load_address>0xaeaa7</load_address>
         <run_address>0xaeaa7</run_address>
         <size>0x4c5</size>
         <input_file_ref idref="fl-3f"/>
      </object_component>
      <object_component id="oc-204">
         <name>.debug_info</name>
         <load_address>0xaef6c</load_address>
         <run_address>0xaef6c</run_address>
         <size>0x1bc</size>
         <input_file_ref idref="fl-40"/>
      </object_component>
      <object_component id="oc-208">
         <name>.debug_info</name>
         <load_address>0xaf128</load_address>
         <run_address>0xaf128</run_address>
         <size>0x4ef</size>
         <input_file_ref idref="fl-41"/>
      </object_component>
      <object_component id="oc-20e">
         <name>.debug_info</name>
         <load_address>0xaf617</load_address>
         <run_address>0xaf617</run_address>
         <size>0x19e</size>
         <input_file_ref idref="fl-42"/>
      </object_component>
      <object_component id="oc-212">
         <name>.debug_info</name>
         <load_address>0xaf7b5</load_address>
[...]
         <value>0x832c7</value>
         <object_component_ref idref="oc-259"/>
      </symbol>
      <symbol id="sm-472">
         <name>_STANDBY</name>
         <value>0x83495</value>
         <object_component_ref idref="oc-259"/>
      </symbol>
      <symbol id="sm-473">
         <name>_AuxXtalOscSel</name>
         <value>0x83476</value>
         <object_component_ref idref="oc-259"/>
      </symbol>
      <symbol id="sm-47f">
         <name>_F28x_usDelay</name>
         <value>0x806e</value>
         <object_component_ref idref="oc-119"/>
      </symbol>
      <symbol id="sm-49d">
         <name>_SCI_unlink</name>
         <value>0x84771</value>
         <object_component_ref idref="oc-25d"/>
      </symbol>
      <symbol id="sm-49e">
         <name>_SCI_write</name>
         <value>0x8474c</value>
         <object_component_ref idref="oc-25d"/>
      </symbol>
      <symbol id="sm-49f">
         <name>_deviceOpen</name>
         <value>0xaeb7</value>
         <object_component_ref idref="oc-120"/>
      </symbol>
      <symbol id="sm-4a0">
         <name>_SCI_rename</name>
         <value>0x84776</value>
         <object_component_ref idref="oc-25d"/>
      </symbol>
      <symbol id="sm-4a1">
         <name>_SCI_read</name>
         <value>0x84730</value>
         <object_component_ref idref="oc-25d"/>
      </symbol>
      <symbol id="sm-4a2">
         <name>_SCI_lseek</name>
         <value>0x8476a</value>
         <object_component_ref idref="oc-25d"/>
      </symbol>
      <symbol id="sm-4a3">
         <name>_SCI_open</name>
         <value>0x84711</value>
         <object_component_ref idref="oc-25d"/>
      </symbol>
      <symbol id="sm-4a4">
         <name>_SCI_close</name>
         <value>0x84721</value>
         <object_component_ref idref="oc-25d"/>
      </symbol>
      <symbol id="sm-4b2">
         <name>___TI_ft_end</name>
         <value>0xad40</value>
         <object_component_ref idref="oc-127"/>
      </symbol>
      <symbol id="sm-4b3">
         <name>___TI_tmpnams</name>
         <value>0xae00</value>
         <object_component_ref idref="oc-127"/>
      </symbol>
      <symbol id="sm-4b4">
         <name>__ftable</name>
         <value>0xad80</value>
         <object_component_ref idref="oc-127"/>
      </symbol>
      <symbol id="sm-4ef">
         <name>_add_device</name>
         <value>0x83b22</value>
         <object_component_ref idref="oc-25e"/>
      </symbol>
      <symbol id="sm-4f0">
         <name>_rename</name>
         <value>0x83a05</value>
         <object_component_ref idref="oc-25e"/>
      </symbol>
      <symbol id="sm-4f1">
         <name>_read</name>
         <value>0x83a4d</value>
         <object_component_ref idref="oc-25e"/>
      </symbol>
      <symbol id="sm-4f2">
         <name>_unlink</name>
         <value>0x839ec</value>
         <object_component_ref idref="oc-25e"/>
      </symbol>
      <symbol id="sm-4f3">
         <name>_remove_device</name>
         <value>0x83a33</value>
         <object_component_ref idref="oc-25e"/>
      </symbol>
      <symbol id="sm-4f4">
         <name>_open</name>
         <value>0x83a66</value>
         <object_component_ref idref="oc-25e"/>
      </symbol>
      <symbol id="sm-4f5">
         <name>_lseek</name>
         <value>0x83ad7</value>
         <object_component_ref idref="oc-25e"/>
      </symbol>
      <symbol id="sm-4f6">
         <name>_close</name>
         <value>0x83aef</value>
         <object_component_ref idref="oc-25e"/>
      </symbol>
      <symbol id="sm-4f7">
         <name>_write</name>
         <value>0x83985</value>
         <object_component_ref idref="oc-25e"/>
      </symbol>
      <symbol id="sm-50b">
         <name>_HOSTopen</name>
         <value>0x83619</value>
         <object_component_ref idref="oc-249"/>
      </symbol>
      <symbol id="sm-50c">
         <name>_HOSTread</name>
         <value>0x835da</value>
         <object_component_ref idref="oc-249"/>
      </symbol>
      <symbol id="sm-50d">
         <name>_HOSTgetenv</name>
         <value>0x836ba</value>
         <object_component_ref idref="oc-249"/>
      </symbol>
      <symbol id="sm-50e">
         <name>_HOSTtime</name>
         <value>0x83566</value>
         <object_component_ref idref="oc-249"/>
      </symbol>
      <symbol id="sm-50f">
         <name>_HOSTtime64</name>
         <value>0x83521</value>
         <object_component_ref idref="oc-249"/>
      </symbol>
      <symbol id="sm-510">
         <name>_HOSTrename</name>
         <value>0x8359c</value>
         <object_component_ref idref="oc-249"/>
      </symbol>
      <symbol id="sm-511">
         <name>_HOSTclock</name>
         <value>0x8370b</value>
         <object_component_ref idref="oc-249"/>
      </symbol>
      <symbol id="sm-512">
         <name>_HOSTwrite</name>
         <value>0x834c5</value>
         <object_component_ref idref="oc-249"/>
      </symbol>
      <symbol id="sm-513">
         <name>_HOSTlseek</name>
         <value>0x83659</value>
         <object_component_ref idref="oc-249"/>
      </symbol>
      <symbol id="sm-514">
         <name>_HOSTunlink</name>
         <value>0x834fd</value>
         <object_component_ref idref="oc-249"/>
      </symbol>
      <symbol id="sm-515">
         <name>_HOSTclose</name>
         <value>0x836e2</value>
         <object_component_ref idref="oc-249"/>
      </symbol>
      <symbol id="sm-52f">
         <name>___TI_readmsg</name>
         <value>0x8453e</value>
         <object_component_ref idref="oc-24d"/>
      </symbol>
      <symbol id="sm-530">
         <name>C$$IO$$</name>
         <value>0x84539</value>
         <object_component_ref idref="oc-24d"/>
      </symbol>
      <symbol id="sm-531">
         <name>__CIOBUF_</name>
         <value>0xac00</value>
         <object_component_ref idref="oc-137"/>
      </symbol>
      <symbol id="sm-532">
         <name>___TI_writemsg</name>
         <value>0x844e6</value>
         <object_component_ref idref="oc-24d"/>
      </symbol>
      <symbol id="sm-547">
         <name>__unlock</name>
         <value>0xaeb4</value>
         <object_component_ref idref="oc-24e"/>
      </symbol>
      <symbol id="sm-548">
         <name>__lock</name>
         <value>0xaeb2</value>
         <object_component_ref idref="oc-24b"/>
      </symbol>
      <symbol id="sm-549">
         <name>__register_lock</name>
         <value>0x84cd5</value>
         <object_component_ref idref="oc-261"/>
      </symbol>
      <symbol id="sm-54a">
         <name>__nop</name>
         <value>0x84cd9</value>
         <object_component_ref idref="oc-261"/>
      </symbol>
      <symbol id="sm-54b">
         <name>__register_unlock</name>
         <value>0x84cd1</value>
         <object_component_ref idref="oc-261"/>
      </symbol>
      <symbol id="sm-566">
         <name>_c_int00</name>
         <value>0x8489d</value>
         <object_component_ref idref="oc-7f"/>
      </symbol>
      <symbol id="sm-567">
         <name>__stack</name>
         <value>0x400</value>
         <object_component_ref idref="oc-141"/>
      </symbol>
      <symbol id="sm-577">
         <name>__args_main</name>
         <value>0x84c52</value>
         <object_component_ref idref="oc-247"/>
      </symbol>
      <symbol id="sm-584">
         <name>__system_post_cinit</name>
         <value>0x844e5</value>
         <object_component_ref idref="oc-246"/>
      </symbol>
      <symbol id="sm-591">
         <name>__system_pre_init</name>
         <value>0x84cf3</value>
         <object_component_ref idref="oc-244"/>
      </symbol>
      <symbol id="sm-5a7">
         <name>_copy_in</name>
         <value>0x84946</value>
         <object_component_ref idref="oc-245"/>
      </symbol>
      <symbol id="sm-5b6">
         <name>_ppcopy</name>
         <value>0x84c38</value>
         <object_component_ref idref="oc-15b"/>
      </symbol>
      <symbol id="sm-5b7">
         <name>_dpcopy</name>
         <value>0x84c38</value>
         <object_component_ref idref="oc-15b"/>
      </symbol>
      <symbol id="sm-5b8">
         <name>_pdcopy</name>
         <value>0x84c38</value>
         <object_component_ref idref="oc-15b"/>
      </symbol>
      <symbol id="sm-5b9">
         <name>_ddcopy</name>
         <value>0x84c38</value>
         <object_component_ref idref="oc-15b"/>
      </symbol>
      <symbol id="sm-5ce">
         <name>C$$EXIT</name>
         <value>0x84ab0</value>
         <object_component_ref idref="oc-248"/>
      </symbol>
      <symbol id="sm-5cf">
         <name>_exit</name>
         <value>0x84ab2</value>
         <object_component_ref idref="oc-248"/>
      </symbol>
      <symbol id="sm-5d0">
         <name>___TI_cleanup_ptr</name>
         <value>0xaeaa</value>
         <object_component_ref idref="oc-162"/>
      </symbol>
      <symbol id="sm-5d1">
         <name>___TI_enable_exit_profile_output</name>
         <value>0xaea8</value>
         <object_component_ref idref="oc-162"/>
      </symbol>
      <symbol id="sm-5d2">
         <name>_abort</name>
         <value>0x84ab0</value>
         <object_component_ref idref="oc-248"/>
      </symbol>
      <symbol id="sm-5d3">
         <name>___TI_dtors_ptr</name>
         <value>0xaeac</value>
         <object_component_ref idref="oc-162"/>
      </symbol>
      <symbol id="sm-609">
         <name>_fopen</name>
         <value>0x841ba</value>
         <object_component_ref idref="oc-25f"/>
      </symbol>
      <symbol id="sm-60a">
         <name>___TI_cleanup</name>
         <value>0x8417f</value>
         <object_component_ref idref="oc-25f"/>
      </symbol>
      <symbol id="sm-60b">
         <name>_freopen</name>
         <value>0x8419c</value>
         <object_component_ref idref="oc-25f"/>
      </symbol>
      <symbol id="sm-61d">
         <name>___TI_closefile</name>
         <value>0x847e3</value>
         <object_component_ref idref="oc-26c"/>
      </symbol>
      <symbol id="sm-61e">
         <name>_fclose</name>
         <value>0x84827</value>
         <object_component_ref idref="oc-26c"/>
      </symbol>
      <symbol id="sm-635">
         <name>___TI_doflush</name>
         <value>0x83f85</value>
         <object_component_ref idref="oc-263"/>
      </symbol>
      <symbol id="sm-636">
         <name>_fflush</name>
         <value>0x83fb4</value>
         <object_component_ref idref="oc-263"/>
      </symbol>
      <symbol id="sm-67e">
         <name>__sys_memory</name>
         <value>0xa800</value>
         <object_component_ref idref="oc-17a"/>
      </symbol>
      <symbol id="sm-67f">
         <name>_chkheap</name>
         <value>0x83f6c</value>
         <object_component_ref idref="oc-26d"/>
      </symbol>
      <symbol id="sm-680">
         <name>_realloc</name>
         <value>0x83e7a</value>
         <object_component_ref idref="oc-26d"/>
      </symbol>
      <symbol id="sm-681">
         <name>_free_memory</name>
         <value>0x83f4e</value>
         <object_component_ref idref="oc-26d"/>
      </symbol>
      <symbol id="sm-682">
         <name>_max_free</name>
         <value>0x83f2c</value>
         <object_component_ref idref="oc-26d"/>
      </symbol>
      <symbol id="sm-683">
         <name>_free</name>
         <value>0x83db3</value>
         <object_component_ref idref="oc-26d"/>
      </symbol>
      <symbol id="sm-684">
         <name>_calloc</name>
         <value>0x83f6e</value>
         <object_component_ref idref="oc-26d"/>
      </symbol>
      <symbol id="sm-685">
         <name>_malloc</name>
         <value>0x83e1c</value>
         <object_component_ref idref="oc-26d"/>
      </symbol>
      <symbol id="sm-686">
         <name>_minit</name>
         <value>0x83df7</value>
         <object_component_ref idref="oc-26d"/>
      </symbol>
      <symbol id="sm-698">
         <name>_memcpy</name>
         <value>0x84ba7</value>
         <object_component_ref idref="oc-258"/>
      </symbol>
      <symbol id="sm-6a9">
         <name>_printf</name>
         <value>0x849cf</value>
         <object_component_ref idref="oc-257"/>
      </symbol>
      <symbol id="sm-7d7">
         <name>___TI_printfi</name>
         <value>0x82b44</value>
         <object_component_ref idref="oc-265"/>
      </symbol>
      <symbol id="sm-7e7">
         <name>FD$$CMP</name>
         <value>0x84a5c</value>
         <object_component_ref idref="oc-191"/>
      </symbol>
      <symbol id="sm-7fe">
         <name>FD$$DIV</name>
         <value>0x8457a</value>
         <object_component_ref idref="oc-196"/>
      </symbol>
      <symbol id="sm-810">
         <name>FD$$MPY</name>
         <value>0x8468e</value>
         <object_component_ref idref="oc-19b"/>
      </symbol>
      <symbol id="sm-81d">
         <name>FD$$NEG</name>
         <value>0x84cda</value>
         <object_component_ref idref="oc-1a0"/>
      </symbol>
      <symbol id="sm-829">
         <name>FD$$SUB</name>
         <value>0x84c94</value>
         <object_component_ref idref="oc-1a5"/>
      </symbol>
      <symbol id="sm-844">
         <name>FD$$ADD</name>
         <value>0x84449</value>
         <object_component_ref idref="oc-1aa"/>
      </symbol>
      <symbol id="sm-853">
         <name>FD$$TOI</name>
         <value>0x84b49</value>
         <object_component_ref idref="oc-1af"/>
      </symbol>
      <symbol id="sm-862">
         <name>FD$$TOL</name>
         <value>0x84b6a</value>
         <object_component_ref idref="oc-1b4"/>
      </symbol>
      <symbol id="sm-872">
         <name>FS$$TOFD</name>
         <value>0x84c00</value>
         <object_component_ref idref="oc-1b9"/>
      </symbol>
      <symbol id="sm-882">
         <name>I$$TOFD</name>
         <value>0x84be3</value>
         <object_component_ref idref="oc-1be"/>
      </symbol>
      <symbol id="sm-892">
         <name>L$$TOFD</name>
         <value>0x84c1c</value>
         <object_component_ref idref="oc-1c3"/>
      </symbol>
      <symbol id="sm-89e">
         <name>LL$$AND</name>
         <value>0x84c6b</value>
         <object_component_ref idref="oc-1c8"/>
      </symbol>
      <symbol id="sm-89f">
         <name>LL$$OR</name>
         <value>0x84c73</value>
         <object_component_ref idref="oc-1c8"/>
      </symbol>
      <symbol id="sm-8a0">
         <name>LL$$XOR</name>
         <value>0x84c7b</value>
         <object_component_ref idref="oc-1c8"/>
      </symbol>
      <symbol id="sm-8ae">
         <name>ULL$$CMP</name>
         <value>0x84b9b</value>
         <object_component_ref idref="oc-1cd"/>
      </symbol>
      <symbol id="sm-8af">
         <name>LL$$CMP</name>
         <value>0x84b89</value>
         <object_component_ref idref="oc-1cd"/>
      </symbol>
      <symbol id="sm-8db">
         <name>ULL$$MOD</name>
         <value>0x840a5</value>
         <object_component_ref idref="oc-1d2"/>
      </symbol>
      <symbol id="sm-8dc">
         <name>ULL$$DIV</name>
         <value>0x84076</value>
         <object_component_ref idref="oc-1d2"/>
      </symbol>
      <symbol id="sm-8dd">
         <name>LL$$MOD</name>
         <value>0x8403c</value>
         <object_component_ref idref="oc-1d2"/>
      </symbol>
      <symbol id="sm-8de">
         <name>LL$$DIV</name>
         <value>0x84000</value>
         <object_component_ref idref="oc-1d2"/>
      </symbol>
      <symbol id="sm-8f3">
         <name>_atoi</name>
         <value>0x849fd</value>
         <object_component_ref idref="oc-270"/>
      </symbol>
      <symbol id="sm-8fc">
         <name>__ctypes_</name>
         <value>0x90ffe</value>
         <object_component_ref idref="oc-277"/>
      </symbol>
      <symbol id="sm-910">
         <name>_putchar</name>
         <value>0x84941</value>
         <object_component_ref idref="oc-252"/>
      </symbol>
      <symbol id="sm-911">
         <name>_putc</name>
         <value>0x848f3</value>
         <object_component_ref idref="oc-252"/>
      </symbol>
      <symbol id="sm-912">
         <name>_fputc</name>
         <value>0x848f3</value>
         <object_component_ref idref="oc-252"/>
      </symbol>
      <symbol id="sm-92a">
         <name>___TI_rd_ok</name>
         <value>0x847b7</value>
         <object_component_ref idref="oc-262"/>
      </symbol>
      <symbol id="sm-92b">
         <name>___TI_wrt_ok</name>
         <value>0x8477c</value>
         <object_component_ref idref="oc-262"/>
      </symbol>
      <symbol id="sm-949">
         <name>_puts</name>
         <value>0x84436</value>
         <object_component_ref idref="oc-264"/>
      </symbol>
      <symbol id="sm-94a">
         <name>_fputs</name>
         <value>0x84399</value>
         <object_component_ref idref="oc-264"/>
      </symbol>
      <symbol id="sm-95e">
         <name>_frexpl</name>
         <value>0x84842</value>
         <object_component_ref idref="oc-272"/>
      </symbol>
      <symbol id="sm-96f">
         <name>_fseek</name>
         <value>0x8498c</value>
         <object_component_ref idref="oc-26e"/>
      </symbol>
      <symbol id="sm-98d">
         <name>_scalbnl</name>
         <value>0x842dd</value>
         <object_component_ref idref="oc-273"/>
      </symbol>
      <symbol id="sm-98e">
         <name>_ldexpl</name>
         <value>0x842dd</value>
         <object_component_ref idref="oc-273"/>
      </symbol>
      <symbol id="sm-99c">
         <name>_copysignl</name>
         <value>0x84b27</value>
         <object_component_ref idref="oc-278"/>
      </symbol>
      <symbol id="sm-9a7">
         <name>_errno</name>
         <value>0xaeb1</value>
         <object_component_ref idref="oc-206"/>
      </symbol>
      <symbol id="sm-9b6">
         <name>_ltoa</name>
         <value>0x84a2e</value>
         <object_component_ref idref="oc-271"/>
      </symbol>
      <symbol id="sm-9c2">
         <name>UL$$MOD</name>
         <value>0x84aaa</value>
         <object_component_ref idref="oc-20d"/>
      </symbol>
      <symbol id="sm-9c3">
         <name>L$$MOD</name>
         <value>0x84a95</value>
         <object_component_ref idref="oc-20d"/>
      </symbol>
      <symbol id="sm-9c4">
         <name>L$$DIV</name>
         <value>0x84a86</value>
         <object_component_ref idref="oc-20d"/>
      </symbol>
      <symbol id="sm-9c5">
         <name>UL$$DIV</name>
         <value>0x84aa3</value>
         <object_component_ref idref="oc-20d"/>
      </symbol>
      <symbol id="sm-9d5">
         <name>_memccpy</name>
         <value>0x84ca2</value>
         <object_component_ref idref="oc-275"/>
      </symbol>
      <symbol id="sm-9e5">
         <name>_memchr</name>
         <value>0x84c83</value>
         <object_component_ref idref="oc-26f"/>
      </symbol>
      <symbol id="sm-9f4">
         <name>_memset</name>
         <value>0x84caf</value>
         <object_component_ref idref="oc-274"/>
      </symbol>
      <symbol id="sm-a01">
         <name>_remove</name>
         <value>0x84cf0</value>
         <object_component_ref idref="oc-276"/>
      </symbol>
      <symbol id="sm-a18">
         <name>_setvbuf</name>
         <value>0x84605</value>
         <object_component_ref idref="oc-260"/>
      </symbol>
      <symbol id="sm-a28">
         <name>_strchr</name>
         <value>0x84cbb</value>
         <object_component_ref idref="oc-26a"/>
      </symbol>
      <symbol id="sm-a37">
         <name>_strcmp</name>
         <value>0x84cc7</value>
         <object_component_ref idref="oc-269"/>
      </symbol>
      <symbol id="sm-a45">
         <name>_strcpy</name>
         <value>0x84ceb</value>
         <object_component_ref idref="oc-251"/>
      </symbol>
      <symbol id="sm-a53">
         <name>_strlen</name>
         <value>0x84ce3</value>
         <object_component_ref idref="oc-250"/>
      </symbol>
      <symbol id="sm-a64">
         <name>_strncpy</name>
         <value>0x84bc5</value>
         <object_component_ref idref="oc-26b"/>
      </symbol>
   </symbol_table>
   <title>Link successful</title>
</link_info>
