******************************************************************************
             TMS320C2000 Linker PC v15.12.3                    
******************************************************************************
>> Linked Sat May 20 10:07:37 2017

OUTPUT FILE NAME:   <flash_programming_cpu01.out>
ENTRY POINT SYMBOL: "code_start"  address: 00080000


MEMORY CONFIGURATION

         name            origin    length      used     unused   attr    fill
----------------------  --------  ---------  --------  --------  ----  --------
PAGE 0:
  RAMM0                 00000122   000002de  00000000  000002de  RWIX
  RAMLS03               00008000   00002000  00000958  000016a8  RWIX
  RAMLS4                0000a000   00000800  00000000  00000800  RWIX
  RAMD0                 0000b000   00000800  00000000  00000800  RWIX
  BEGIN                 00080000   00000002  00000002  00000000  RWIX
  FLASHA                00080002   00001ffe  00000000  00001ffe  RWIX
  FLASHB                00082000   00002000  00000000  00002000  RWIX
  FLASHC                00084000   00002000  00000000  00002000  RWIX
  FLASHD                00086000   00002000  00001608  000009f8  RWIX
  FLASHE                00088000   00008000  00000000  00008000  RWIX
  FLASHF                00090000   00008000  000001c0  00007e40  RWIX
  FLASHG                00098000   00008000  00000000  00008000  RWIX
  FLASHH                000a0000   00008000  00000000  00008000  RWIX
  FLASHI                000a8000   00008000  00000000  00008000  RWIX
  FLASHJ                000b0000   00008000  00000000  00008000  RWIX
  FLASHK                000b8000   00002000  00000000  00002000  RWIX
  FLASHL                000ba000   00002000  00000000  00002000  RWIX
  FLASHM                000bc000   00002000  00000000  00002000  RWIX
  FLASHN                000be000   00002000  00000000  00002000  RWIX
  RESET                 003fffc0   00000002  00000000  00000002  RWIX

PAGE 1:
  BOOT_RSVD             00000002   00000120  00000000  00000120  RWIX
  RAMM1                 00000400   00000400  00000100  00000300  RWIX
  ADCA_RESULT           00000b00   00000020  00000018  00000008  RWIX
  ADCB_RESULT           00000b20   00000020  00000018  00000008  RWIX
  ADCC_RESULT           00000b40   00000020  00000018  00000008  RWIX
  ADCD_RESULT           00000b60   00000020  00000018  00000008  RWIX
  CPU_TIMER0            00000c00   00000008  00000008  00000000  RWIX
  CPU_TIMER1            00000c08   00000008  00000008  00000000  RWIX
  CPU_TIMER2            00000c10   00000008  00000008  00000000  RWIX
  PIE_CTRL              00000ce0   00000020  0000001a  00000006  RWIX
  PIE_VECT              00000d00   00000200  000001c0  00000040  RWIX
  DMA                   00001000   00000200  000000e0  00000120  RWIX
  CLA1                  00001400   00000040  0000003e  00000002  RWIX
  EPWM1                 00004000   00000100  00000100  00000000  RWIX
  EPWM2                 00004100   00000100  00000100  00000000  RWIX
  EPWM3                 00004200   00000100  00000100  00000000  RWIX
  EPWM4                 00004300   00000100  00000100  00000000  RWIX
  EPWM5                 00004400   00000100  00000100  00000000  RWIX
  EPWM6                 00004500   00000100  00000100  00000000  RWIX
  EPWM7                 00004600   00000100  00000100  00000000  RWIX
  EPWM8                 00004700   00000100  00000100  00000000  RWIX
  EPWM9                 00004800   00000100  00000100  00000000  RWIX
  EPWM10                00004900   00000100  00000100  00000000  RWIX
  EPWM11                00004a00   00000100  00000100  00000000  RWIX
  EPWM12                00004b00   00000100  00000100  00000000  RWIX
  ECAP1                 00005000   00000020  00000020  00000000  RWIX
  ECAP2                 00005020   00000020  00000020  00000000  RWIX
  ECAP3                 00005040   00000020  00000020  00000000  RWIX
  ECAP4                 00005060   00000020  00000020  00000000  RWIX
  ECAP5                 00005080   00000020  00000020  00000000  RWIX
  ECAP6                 000050a0   00000020  00000020  00000000  RWIX
  EQEP1                 00005100   00000040  00000022  0000001e  RWIX
  EQEP2                 00005140   00000040  00000022  0000001e  RWIX
  EQEP3                 00005180   00000040  00000022  0000001e  RWIX
  DACA                  00005c00   00000010  00000008  00000008  RWIX
  DACB                  00005c10   00000010  00000008  00000008  RWIX
  DACC                  00005c20   00000010  00000008  00000008  RWIX
  CMPSS1                00005c80   00000020  00000020  00000000  RWIX
  CMPSS2                00005ca0   00000020  00000020  00000000  RWIX
  CMPSS3                00005cc0   00000020  00000020  00000000  RWIX
  CMPSS4                00005ce0   00000020  00000020  00000000  RWIX
  CMPSS5                00005d00   00000020  00000020  00000000  RWIX
  CMPSS6                00005d20   00000020  00000020  00000000  RWIX
  CMPSS7                00005d40   00000020  00000020  00000000  RWIX
  CMPSS8                00005d60   00000020  00000020  00000000  RWIX
  SDFM1                 00005e00   00000080  00000080  00000000  RWIX
  SDFM2                 00005e80   00000080  00000080  00000000  RWIX
  MCBSPA                00006000   00000040  00000024  0000001c  RWIX
  MCBSPB                00006040   00000040  00000024  0000001c  RWIX
  SPIA                  00006100   00000010  00000010  00000000  RWIX
  SPIB                  00006110   00000010  00000010  00000000  RWIX
  SPIC                  00006120   00000010  00000010  00000000  RWIX
  SPID                  00006130   00000010  00000000  00000010  RWIX
  UPP                   00006200   00000100  00000048  000000b8  RWIX
  WD                    00007000   00000040  0000002b  00000015  RWIX
  NMIINTRUPT            00007060   00000010  00000007  00000009  RWIX
  XINT                  00007070   00000010  0000000b  00000005  RWIX
  SCIA                  00007200   00000010  00000010  00000000  RWIX
  SCIB                  00007210   00000010  00000010  00000000  RWIX
  SCIC                  00007220   00000010  00000010  00000000  RWIX
  SCID                  00007230   00000010  00000010  00000000  RWIX
  I2CA                  00007300   00000040  00000022  0000001e  RWIX
  I2CB                  00007340   00000040  00000022  0000001e  RWIX
  ADCA                  00007400   00000080  00000080  00000000  RWIX
  ADCB                  00007480   00000080  00000080  00000000  RWIX
  ADCC                  00007500   00000080  00000080  00000000  RWIX
  ADCD                  00007580   00000080  00000080  00000000  RWIX
  INPUT_XBAR            00007900   00000020  00000020  00000000  RWIX
  XBAR                  00007920   00000020  00000020  00000000  RWIX
  SYNC_SOC              00007940   00000010  00000006  0000000a  RWIX
  DMACLASRCSEL          00007980   00000040  0000001a  00000026  RWIX
  EPWM_XBAR             00007a00   00000040  00000040  00000000  RWIX
  CLB_XBAR              00007a40   00000040  00000000  00000040  RWIX
  OUTPUT_XBAR           00007a80   00000040  00000040  00000000  RWIX
  GPIOCTRL              00007c00   00000180  00000180  00000000  RWIX
  GPIODAT               00007f00   00000030  00000030  00000000  RWIX
  RAMLS5                0000a800   00000800  0000000c  000007f4  RWIX
  RAMD1                 0000b800   00000800  00000100  00000700  RWIX
  RAMGS0                0000c000   00001000  00000000  00001000  RWIX
  RAMGS1                0000d000   00001000  00000000  00001000  RWIX
  RAMGS2                0000e000   00001000  00000000  00001000  RWIX
  RAMGS3                0000f000   00001000  00000000  00001000  RWIX
  RAMGS4                00010000   00001000  00000000  00001000  RWIX
  RAMGS5                00011000   00001000  00000000  00001000  RWIX
  RAMGS6                00012000   00001000  00000000  00001000  RWIX
  RAMGS7                00013000   00001000  00000000  00001000  RWIX
  EMIF1                 00047000   00000800  00000070  00000790  RWIX
  EMIF2                 00047800   00000800  00000070  00000790  RWIX
  CANA                  00048000   00000800  00000000  00000800  RWIX
  CANB                  0004a000   00000800  00000000  00000800  RWIX
  FLASHPUMPSEMAPHORE    00050024   00000002  00000002  00000000  RWIX
  DEV_CFG               0005d000   00000180  0000012e  00000052  RWIX
  ANALOG_SUBSYS         0005d180   00000080  00000048  00000038  RWIX
  CLK_CFG               0005d200   00000100  00000032  000000ce  RWIX
  CPU_SYS               0005d300   00000100  00000082  0000007e  RWIX
  ROMPREFETCH           0005e608   00000002  00000002  00000000  RWIX
  DCSM_Z1               0005f000   00000030  00000024  0000000c  RWIX
  DCSM_Z2               0005f040   00000030  00000024  0000000c  RWIX
  DCSM_COMMON           0005f070   00000010  00000008  00000008  RWIX
  MEMCFG                0005f400   00000080  00000080  00000000  RWIX
  EMIF1CONFIG           0005f480   00000020  00000020  00000000  RWIX
  EMIF2CONFIG           0005f4a0   00000020  00000020  00000000  RWIX
  ACCESSPROTECTION      0005f4c0   00000040  00000040  00000000  RWIX
  MEMORYERROR           0005f500   00000040  00000040  00000000  RWIX
  ROMWAITSTATE          0005f540   00000002  00000002  00000000  RWIX
  FLASH0_CTRL           0005f800   00000300  00000182  0000017e  RWIX
  FLASH0_ECC            0005fb00   00000040  00000028  00000018  RWIX
  FLASH1_CTRL           0005fc00   00000300  00000182  0000017e  RWIX
  FLASH1_ECC            0005ff00   00000040  00000028  00000018  RWIX
  DCSM_Z1_OTP           00078000   00000020  00000020  00000000  RWIX
  DCSM_Z2_OTP           00078200   00000020  00000020  00000000  RWIX


SECTION ALLOCATION MAP

 output                                  attributes/
section   page    origin      length       input sections
--------  ----  ----------  ----------   ----------------
codestart 
*          0    00080000    00000002     
                  00080000    00000002     F2837xS_CodeStartBranch.obj (codestart)

.TI.ramfunc 
*          0    00086000    00000958     RUN ADDR = 00008000
                  00086000    00000276     F021_API_F2837xS_FPU32.lib : FlashStateMachine.obj (.text:__Fapi_setupFlashStateMachine)
                  00086276    0000019e                                : Program.obj (.text:_Fapi_issueProgrammingCommand)
                  00086414    00000082                                : Read.obj (.text:__Fapi_loopRegionForValue)
                  00086496    0000005f                                : Init.obj (.text:_Fapi_initializeAPI)
                  000864f5    00000055                                : FlashStateMachine.obj (.text:_Fapi_setupEepromSectorEnable)
                  0008654a    0000003d                                : BlankCheck.obj (.text:_Fapi_doBlankCheck)
                  00086587    00000036                                : FlashStateMachine.obj (.text:_Fapi_isAddressEcc)
                  000865bd    00000032                                : Read.obj (.text:__Fapi_checkRegionForValue)
                  000865ef    0000002f                                : FlashStateMachine.obj (.text:__Fapi_issueFsmCommand)
                  0008661e    0000002c                                : Utilities.obj (.text:_Fapi_calculateFletcherChecksum)
                  0008664a    0000002a                                : Utilities.obj (.text:__Fapi_divideUnsignedLong)
                  00086674    00000029                                : FlashStateMachine.obj (.text:__Fapi_setupSectorsForWrite)
                  0008669d    00000026                                : Read.obj (.text:_Fapi_flushPipeline)
                  000866c3    00000026                                : FlashStateMachine.obj (.text:_Fapi_setActiveFlashBank)
                  000866e9    00000025                                : FlashStateMachine.obj (.text:_Fapi_setupBankSectorEnable)
                  0008670e    00000024                                : Async.obj (.text:_Fapi_issueAsyncCommandWithAddress)
                  00086732    0000001a                                : Verify.obj (.text:_Fapi_doVerify)
                  0008674c    0000001a                                : Utilities.obj (.text:_Fapi_waitDelay)
                  00086766    0000000f                                : Utilities.obj (.text:__Fapi_scaleCycleValues)
                  00086775    0000000b                                : FlashStateMachine.obj (.text:_Fapi_checkFsmForReady)
                  00086780    0000000c                                : Init.obj (.ebss) [fill = 0]
                  0008678c    0000000b                                : Utilities.obj (.text:__Fapi_calculateOtpChecksum)
                  00086797    00000007                                : FlashStateMachine.obj (.text:_Fapi_getFsmStatus)
                  0008679e    00000146     flash_programming_cpu01.obj (.TI.ramfunc)
                  000868e4    0000006e     F2837xS_SysCtrl.obj (.TI.ramfunc)
                  00086952    00000004     F2837xS_usDelay.obj (.TI.ramfunc)
                  00086956    00000002     Fapi_UserDefinedFunctions.obj (.TI.ramfunc)

.cinit     0    00086958    0000001f     
                  00086958    0000000e     rts2800_fpu32.lib : exit.obj (.cinit)
                  00086966    00000005                       : _lock.obj (.cinit:__lock)
                  0008696b    00000005                       : _lock.obj (.cinit:__unlock)
                  00086970    00000005     flash_programming_cpu01.obj (.cinit)
                  00086975    00000002     --HOLE-- [fill = 0]

.pinit     0    00086000    00000000     UNINITIALIZED

.stack     1    00000400    00000100     UNINITIALIZED
                  00000400    00000100     --HOLE--

.reset     0    003fffc0    00000002     DSECT
                  003fffc0    00000002     rts2800_fpu32.lib : boot.obj (.reset)

.text      0    00086977    00000c91     
                  00086977    00000585     F2837xS_DefaultISR.obj (.text:retain)
                  00086efc    00000345     F2837xS_SysCtrl.obj (.text)
                  00087241    00000244     F2837xS_Gpio.obj (.text)
                  00087485    00000056     rts2800_fpu32.lib : boot.obj (.text)
                  000874db    00000046                       : cpy_tbl.obj (.text)
                  00087521    00000029                       : exit.obj (.text)
                  0008754a    00000028     F2837xS_PieCtrl.obj (.text)
                  00087572    00000026     F2837xS_PieVect.obj (.text)
                  00087598    0000001e     rts2800_fpu32.lib : memcpy.obj (.text)
                  000875b6    0000001a                       : cpy_utils.obj (.text)
                  000875d0    00000019                       : args_main.obj (.text)
                  000875e9    00000013     flash_programming_cpu01.obj (.text)
                  000875fc    00000009     rts2800_fpu32.lib : _lock.obj (.text)
                  00087605    00000002                       : pre_init.obj (.text)
                  00087607    00000001                       : startup.obj (.text)

.econst    0    00090000    000001c0     
                  00090000    000001c0     F2837xS_PieVect.obj (.econst:_PieVectTableInit)

AdcaResultFile 
*          1    00000b00    00000018     UNINITIALIZED
                  00000b00    00000018     F2837xS_GlobalVariableDefs.obj (AdcaResultFile)

AdcbResultFile 
*          1    00000b20    00000018     UNINITIALIZED
                  00000b20    00000018     F2837xS_GlobalVariableDefs.obj (AdcbResultFile)

AdccResultFile 
*          1    00000b40    00000018     UNINITIALIZED
                  00000b40    00000018     F2837xS_GlobalVariableDefs.obj (AdccResultFile)

AdcdResultFile 
*          1    00000b60    00000018     UNINITIALIZED
                  00000b60    00000018     F2837xS_GlobalVariableDefs.obj (AdcdResultFile)

CpuTimer0RegsFile 
*          1    00000c00    00000008     UNINITIALIZED
                  00000c00    00000008     F2837xS_GlobalVariableDefs.obj (CpuTimer0RegsFile)

CpuTimer1RegsFile 
*          1    00000c08    00000008     UNINITIALIZED
                  00000c08    00000008     F2837xS_GlobalVariableDefs.obj (CpuTimer1RegsFile)

CpuTimer2RegsFile 
*          1    00000c10    00000008     UNINITIALIZED
                  00000c10    00000008     F2837xS_GlobalVariableDefs.obj (CpuTimer2RegsFile)

PieCtrlRegsFile 
*          1    00000ce0    0000001a     UNINITIALIZED
                  00000ce0    0000001a     F2837xS_GlobalVariableDefs.obj (PieCtrlRegsFile)

PieVectTableFile 
*          1    00000d00    000001c0     UNINITIALIZED
                  00000d00    000001c0     F2837xS_GlobalVariableDefs.obj (PieVectTableFile)

EmuKeyVar 
*          1    00000d00    00000001     UNINITIALIZED
                  00000d00    00000001     F2837xS_GlobalVariableDefs.obj (EmuKeyVar)

EmuBModeVar 
*          1    00000d01    00000001     UNINITIALIZED
                  00000d01    00000001     F2837xS_GlobalVariableDefs.obj (EmuBModeVar)

FlashCallbackVar 
*          1    00000d02    00000000     UNINITIALIZED

FlashScalingVar 
*          1    00000d02    00000000     UNINITIALIZED

DmaRegsFile 
*          1    00001000    000000e0     UNINITIALIZED
                  00001000    000000e0     F2837xS_GlobalVariableDefs.obj (DmaRegsFile)

Cla1RegsFile 
*          1    00001400    0000003e     UNINITIALIZED
                  00001400    0000003e     F2837xS_GlobalVariableDefs.obj (Cla1RegsFile)

EPwm1RegsFile 
*          1    00004000    00000100     UNINITIALIZED
                  00004000    00000100     F2837xS_GlobalVariableDefs.obj (EPwm1RegsFile)

EPwm2RegsFile 
*          1    00004100    00000100     UNINITIALIZED
                  00004100    00000100     F2837xS_GlobalVariableDefs.obj (EPwm2RegsFile)

EPwm3RegsFile 
*          1    00004200    00000100     UNINITIALIZED
                  00004200    00000100     F2837xS_GlobalVariableDefs.obj (EPwm3RegsFile)

EPwm4RegsFile 
*          1    00004300    00000100     UNINITIALIZED
                  00004300    00000100     F2837xS_GlobalVariableDefs.obj (EPwm4RegsFile)

EPwm5RegsFile 
*          1    00004400    00000100     UNINITIALIZED
                  00004400    00000100     F2837xS_GlobalVariableDefs.obj (EPwm5RegsFile)

EPwm6RegsFile 
*          1    00004500    00000100     UNINITIALIZED
                  00004500    00000100     F2837xS_GlobalVariableDefs.obj (EPwm6RegsFile)

EPwm7RegsFile 
*          1    00004600    00000100     UNINITIALIZED
                  00004600    00000100     F2837xS_GlobalVariableDefs.obj (EPwm7RegsFile)

EPwm8RegsFile 
*          1    00004700    00000100     UNINITIALIZED
                  00004700    00000100     F2837xS_GlobalVariableDefs.obj (EPwm8RegsFile)

EPwm9RegsFile 
*          1    00004800    00000100     UNINITIALIZED
                  00004800    00000100     F2837xS_GlobalVariableDefs.obj (EPwm9RegsFile)

EPwm10RegsFile 
*          1    00004900    00000100     UNINITIALIZED
                  00004900    00000100     F2837xS_GlobalVariableDefs.obj (EPwm10RegsFile)

EPwm11RegsFile 
*          1    00004a00    00000100     UNINITIALIZED
                  00004a00    00000100     F2837xS_GlobalVariableDefs.obj (EPwm11RegsFile)

EPwm12RegsFile 
*          1    00004b00    00000100     UNINITIALIZED
                  00004b00    00000100     F2837xS_GlobalVariableDefs.obj (EPwm12RegsFile)

ECap1RegsFile 
*          1    00005000    00000020     UNINITIALIZED
                  00005000    00000020     F2837xS_GlobalVariableDefs.obj (ECap1RegsFile)

ECap2RegsFile 
*          1    00005020    00000020     UNINITIALIZED
                  00005020    00000020     F2837xS_GlobalVariableDefs.obj (ECap2RegsFile)

ECap3RegsFile 
*          1    00005040    00000020     UNINITIALIZED
                  00005040    00000020     F2837xS_GlobalVariableDefs.obj (ECap3RegsFile)

ECap4RegsFile 
*          1    00005060    00000020     UNINITIALIZED
                  00005060    00000020     F2837xS_GlobalVariableDefs.obj (ECap4RegsFile)

ECap5RegsFile 
*          1    00005080    00000020     UNINITIALIZED
                  00005080    00000020     F2837xS_GlobalVariableDefs.obj (ECap5RegsFile)

ECap6RegsFile 
*          1    000050a0    00000020     UNINITIALIZED
                  000050a0    00000020     F2837xS_GlobalVariableDefs.obj (ECap6RegsFile)

EQep1RegsFile 
*          1    00005100    00000022     UNINITIALIZED
                  00005100    00000022     F2837xS_GlobalVariableDefs.obj (EQep1RegsFile)

EQep2RegsFile 
*          1    00005140    00000022     UNINITIALIZED
                  00005140    00000022     F2837xS_GlobalVariableDefs.obj (EQep2RegsFile)

EQep3RegsFile 
*          1    00005180    00000022     UNINITIALIZED
                  00005180    00000022     F2837xS_GlobalVariableDefs.obj (EQep3RegsFile)

DacaRegsFile 
*          1    00005c00    00000008     UNINITIALIZED
                  00005c00    00000008     F2837xS_GlobalVariableDefs.obj (DacaRegsFile)

DacbRegsFile 
*          1    00005c10    00000008     UNINITIALIZED
                  00005c10    00000008     F2837xS_GlobalVariableDefs.obj (DacbRegsFile)

DaccRegsFile 
*          1    00005c20    00000008     UNINITIALIZED
                  00005c20    00000008     F2837xS_GlobalVariableDefs.obj (DaccRegsFile)

Cmpss1RegsFile 
*          1    00005c80    00000020     UNINITIALIZED
                  00005c80    00000020     F2837xS_GlobalVariableDefs.obj (Cmpss1RegsFile)

Cmpss2RegsFile 
*          1    00005ca0    00000020     UNINITIALIZED
                  00005ca0    00000020     F2837xS_GlobalVariableDefs.obj (Cmpss2RegsFile)

Cmpss3RegsFile 
*          1    00005cc0    00000020     UNINITIALIZED
                  00005cc0    00000020     F2837xS_GlobalVariableDefs.obj (Cmpss3RegsFile)

Cmpss4RegsFile 
*          1    00005ce0    00000020     UNINITIALIZED
                  00005ce0    00000020     F2837xS_GlobalVariableDefs.obj (Cmpss4RegsFile)

Cmpss5RegsFile 
*          1    00005d00    00000020     UNINITIALIZED
                  00005d00    00000020     F2837xS_GlobalVariableDefs.obj (Cmpss5RegsFile)

Cmpss6RegsFile 
*          1    00005d20    00000020     UNINITIALIZED
                  00005d20    00000020     F2837xS_GlobalVariableDefs.obj (Cmpss6RegsFile)

Cmpss7RegsFile 
*          1    00005d40    00000020     UNINITIALIZED
                  00005d40    00000020     F2837xS_GlobalVariableDefs.obj (Cmpss7RegsFile)

Cmpss8RegsFile 
*          1    00005d60    00000020     UNINITIALIZED
                  00005d60    00000020     F2837xS_GlobalVariableDefs.obj (Cmpss8RegsFile)

Sdfm1RegsFile 
*          1    00005e00    00000080     UNINITIALIZED
                  00005e00    00000080     F2837xS_GlobalVariableDefs.obj (Sdfm1RegsFile)

Sdfm2RegsFile 
*          1    00005e80    00000080     UNINITIALIZED
                  00005e80    00000080     F2837xS_GlobalVariableDefs.obj (Sdfm2RegsFile)

McbspaRegsFile 
*          1    00006000    00000024     UNINITIALIZED
                  00006000    00000024     F2837xS_GlobalVariableDefs.obj (McbspaRegsFile)

McbspbRegsFile 
*          1    00006040    00000024     UNINITIALIZED
                  00006040    00000024     F2837xS_GlobalVariableDefs.obj (McbspbRegsFile)

SpiaRegsFile 
*          1    00006100    00000010     UNINITIALIZED
                  00006100    00000010     F2837xS_GlobalVariableDefs.obj (SpiaRegsFile)

SpibRegsFile 
*          1    00006110    00000010     UNINITIALIZED
                  00006110    00000010     F2837xS_GlobalVariableDefs.obj (SpibRegsFile)

SpicRegsFile 
*          1    00006120    00000010     UNINITIALIZED
                  00006120    00000010     F2837xS_GlobalVariableDefs.obj (SpicRegsFile)

UppRegsFile 
*          1    00006200    00000048     UNINITIALIZED
                  00006200    00000048     F2837xS_GlobalVariableDefs.obj (UppRegsFile)

WdRegsFile 
*          1    00007000    0000002b     UNINITIALIZED
                  00007000    0000002b     F2837xS_GlobalVariableDefs.obj (WdRegsFile)

NmiIntruptRegsFile 
*          1    00007060    00000007     UNINITIALIZED
                  00007060    00000007     F2837xS_GlobalVariableDefs.obj (NmiIntruptRegsFile)

XintRegsFile 
*          1    00007070    0000000b     UNINITIALIZED
                  00007070    0000000b     F2837xS_GlobalVariableDefs.obj (XintRegsFile)

SciaRegsFile 
*          1    00007200    00000010     UNINITIALIZED
                  00007200    00000010     F2837xS_GlobalVariableDefs.obj (SciaRegsFile)

ScibRegsFile 
*          1    00007210    00000010     UNINITIALIZED
                  00007210    00000010     F2837xS_GlobalVariableDefs.obj (ScibRegsFile)

ScicRegsFile 
*          1    00007220    00000010     UNINITIALIZED
                  00007220    00000010     F2837xS_GlobalVariableDefs.obj (ScicRegsFile)

ScidRegsFile 
*          1    00007230    00000010     UNINITIALIZED
                  00007230    00000010     F2837xS_GlobalVariableDefs.obj (ScidRegsFile)

I2caRegsFile 
*          1    00007300    00000022     UNINITIALIZED
                  00007300    00000022     F2837xS_GlobalVariableDefs.obj (I2caRegsFile)

I2cbRegsFile 
*          1    00007340    00000022     UNINITIALIZED
                  00007340    00000022     F2837xS_GlobalVariableDefs.obj (I2cbRegsFile)

AdcaRegsFile 
*          1    00007400    00000080     UNINITIALIZED
                  00007400    00000080     F2837xS_GlobalVariableDefs.obj (AdcaRegsFile)

AdcbRegsFile 
*          1    00007480    00000080     UNINITIALIZED
                  00007480    00000080     F2837xS_GlobalVariableDefs.obj (AdcbRegsFile)

AdccRegsFile 
*          1    00007500    00000080     UNINITIALIZED
                  00007500    00000080     F2837xS_GlobalVariableDefs.obj (AdccRegsFile)

AdcdRegsFile 
*          1    00007580    00000080     UNINITIALIZED
                  00007580    00000080     F2837xS_GlobalVariableDefs.obj (AdcdRegsFile)

DmaClaSrcSelRegsFile 
*          1    00007980    0000001a     UNINITIALIZED
                  00007980    0000001a     F2837xS_GlobalVariableDefs.obj (DmaClaSrcSelRegsFile)

EPwmXbarRegsFile 
*          1    00007a00    00000040     UNINITIALIZED
                  00007a00    00000040     F2837xS_GlobalVariableDefs.obj (EPwmXbarRegsFile)

BufferDataSection 
*          1    0000b800    00000100     UNINITIALIZED
                  0000b800    00000100     flash_programming_cpu01.obj (BufferDataSection)

AnalogSubsysRegsFile 
*          1    0005d180    00000048     UNINITIALIZED
                  0005d180    00000048     F2837xS_GlobalVariableDefs.obj (AnalogSubsysRegsFile)

Cla1SoftIntRegsFile 
*          1    00000ce0    00000004     DSECT
                  00000ce0    00000004     F2837xS_GlobalVariableDefs.obj (Cla1SoftIntRegsFile)

InputXbarRegsFile 
*          1    00007900    00000020     UNINITIALIZED
                  00007900    00000020     F2837xS_GlobalVariableDefs.obj (InputXbarRegsFile)

XbarRegsFile 
*          1    00007920    00000020     UNINITIALIZED
                  00007920    00000020     F2837xS_GlobalVariableDefs.obj (XbarRegsFile)

SyncSocRegsFile 
*          1    00007940    00000006     UNINITIALIZED
                  00007940    00000006     F2837xS_GlobalVariableDefs.obj (SyncSocRegsFile)

OutputXbarRegsFile 
*          1    00007a80    00000040     UNINITIALIZED
                  00007a80    00000040     F2837xS_GlobalVariableDefs.obj (OutputXbarRegsFile)

GpioCtrlRegsFile 
*          1    00007c00    00000180     UNINITIALIZED
                  00007c00    00000180     F2837xS_GlobalVariableDefs.obj (GpioCtrlRegsFile)

GpioDataRegsFile 
*          1    00007f00    00000030     UNINITIALIZED
                  00007f00    00000030     F2837xS_GlobalVariableDefs.obj (GpioDataRegsFile)

.ebss      1    0000a800    0000000c     UNINITIALIZED
                  0000a800    00000006     rts2800_fpu32.lib : exit.obj (.ebss)
                  0000a806    00000002                       : _lock.obj (.ebss:__lock)
                  0000a808    00000002                       : _lock.obj (.ebss:__unlock)
                  0000a80a    00000002     flash_programming_cpu01.obj (.ebss)

Emif1RegsFile 
*          1    00047000    00000070     UNINITIALIZED
                  00047000    00000070     F2837xS_GlobalVariableDefs.obj (Emif1RegsFile)

Emif2RegsFile 
*          1    00047800    00000070     UNINITIALIZED
                  00047800    00000070     F2837xS_GlobalVariableDefs.obj (Emif2RegsFile)

FlashPumpSemaphoreRegsFile 
*          1    00050024    00000002     UNINITIALIZED
                  00050024    00000002     F2837xS_GlobalVariableDefs.obj (FlashPumpSemaphoreRegsFile)

DevCfgRegsFile 
*          1    0005d000    0000012e     UNINITIALIZED
                  0005d000    0000012e     F2837xS_GlobalVariableDefs.obj (DevCfgRegsFile)

ClkCfgRegsFile 
*          1    0005d200    00000032     UNINITIALIZED
                  0005d200    00000032     F2837xS_GlobalVariableDefs.obj (ClkCfgRegsFile)

CpuSysRegsFile 
*          1    0005d300    00000082     UNINITIALIZED
                  0005d300    00000082     F2837xS_GlobalVariableDefs.obj (CpuSysRegsFile)

RomPrefetchRegsFile 
*          1    0005e608    00000002     UNINITIALIZED
                  0005e608    00000002     F2837xS_GlobalVariableDefs.obj (RomPrefetchRegsFile)

DcsmZ1RegsFile 
*          1    0005f000    00000024     UNINITIALIZED
                  0005f000    00000024     F2837xS_GlobalVariableDefs.obj (DcsmZ1RegsFile)

DcsmZ2RegsFile 
*          1    0005f040    00000024     UNINITIALIZED
                  0005f040    00000024     F2837xS_GlobalVariableDefs.obj (DcsmZ2RegsFile)

DcsmCommonRegsFile 
*          1    0005f070    00000008     UNINITIALIZED
                  0005f070    00000008     F2837xS_GlobalVariableDefs.obj (DcsmCommonRegsFile)

MemCfgRegsFile 
*          1    0005f400    00000080     UNINITIALIZED
                  0005f400    00000080     F2837xS_GlobalVariableDefs.obj (MemCfgRegsFile)

Emif1ConfigRegsFile 
*          1    0005f480    00000020     UNINITIALIZED
                  0005f480    00000020     F2837xS_GlobalVariableDefs.obj (Emif1ConfigRegsFile)

Emif2ConfigRegsFile 
*          1    0005f4a0    00000020     UNINITIALIZED
                  0005f4a0    00000020     F2837xS_GlobalVariableDefs.obj (Emif2ConfigRegsFile)

AccessProtectionRegsFile 
*          1    0005f4c0    00000040     UNINITIALIZED
                  0005f4c0    00000040     F2837xS_GlobalVariableDefs.obj (AccessProtectionRegsFile)

MemoryErrorRegsFile 
*          1    0005f500    00000040     UNINITIALIZED
                  0005f500    00000040     F2837xS_GlobalVariableDefs.obj (MemoryErrorRegsFile)

RomWaitStateRegsFile 
*          1    0005f540    00000002     UNINITIALIZED
                  0005f540    00000002     F2837xS_GlobalVariableDefs.obj (RomWaitStateRegsFile)

Flash0CtrlRegsFile 
*          1    0005f800    00000182     UNINITIALIZED
                  0005f800    00000182     F2837xS_GlobalVariableDefs.obj (Flash0CtrlRegsFile)

Flash0EccRegsFile 
*          1    0005fb00    00000028     UNINITIALIZED
                  0005fb00    00000028     F2837xS_GlobalVariableDefs.obj (Flash0EccRegsFile)

Flash1CtrlRegsFile 
*          1    0005fc00    00000182     UNINITIALIZED
                  0005fc00    00000182     F2837xS_GlobalVariableDefs.obj (Flash1CtrlRegsFile)

Flash1EccRegsFile 
*          1    0005ff00    00000028     UNINITIALIZED
                  0005ff00    00000028     F2837xS_GlobalVariableDefs.obj (Flash1EccRegsFile)

DcsmZ1OtpFile 
*          1    00078000    00000020     NOLOAD SECTION
                  00078000    00000020     F2837xS_GlobalVariableDefs.obj (DcsmZ1OtpFile)

DcsmZ2OtpFile 
*          1    00078200    00000020     NOLOAD SECTION
                  00078200    00000020     F2837xS_GlobalVariableDefs.obj (DcsmZ2OtpFile)

MODULE SUMMARY

       Module                           code   ro data   rw data
       ------                           ----   -------   -------
    .\
       F2837xS_GlobalVariableDefs.obj   0      0         8437   
       F2837xS_DefaultISR.obj           1413   0         0      
       F2837xS_SysCtrl.obj              1057   0         0      
       flash_programming_cpu01.obj      671    0         263    
       F2837xS_Gpio.obj                 580    0         0      
       F2837xS_PieVect.obj              38     0         448    
       F2837xS_PieCtrl.obj              40     0         0      
       F2837xS_usDelay.obj              8      0         0      
       Fapi_UserDefinedFunctions.obj    4      0         0      
       F2837xS_CodeStartBranch.obj      2      0         0      
    +--+--------------------------------+------+---------+---------+
       Total:                           3813   0         9148   
                                                                
    C:/ti/c2000_15.12.3.LTS/lib/rts2800_fpu32.lib
       boot.obj                         86     0         0      
       cpy_tbl.obj                      70     0         0      
       exit.obj                         41     0         20     
       memcpy.obj                       30     0         0      
       cpy_utils.obj                    26     0         0      
       args_main.obj                    25     0         0      
       _lock.obj                        9      0         14     
       pre_init.obj                     2      0         0      
       startup.obj                      1      0         0      
    +--+--------------------------------+------+---------+---------+
       Total:                           290    0         34     
                                                                
    C:/ti/controlSUITE/device_support/F2837xS/v210/F2837xS_common/lib/F021_API_F2837xS_FPU32.lib
       FlashStateMachine.obj            1900   0         0      
       Program.obj                      828    0         0      
       Read.obj                         436    0         0      
       Utilities.obj                    276    0         0      
       Init.obj                         190    0         24     
       BlankCheck.obj                   122    0         0      
       Async.obj                        72     0         0      
       Verify.obj                       52     0         0      
    +--+--------------------------------+------+---------+---------+
       Total:                           3876   0         24     
                                                                
       Stack:                           0      0         256    
    +--+--------------------------------+------+---------+---------+
       Grand Total:                     7979   0         9462   


GLOBAL DATA SYMBOLS: SORTED BY DATA PAGE

address     data page           name
--------    ----------------    ----
00000400      10 (00000400)     __stack

00000b00      2c (00000b00)     _AdcaResultRegs
00000b20      2c (00000b00)     _AdcbResultRegs

00000b40      2d (00000b40)     _AdccResultRegs
00000b60      2d (00000b40)     _AdcdResultRegs

00000c00      30 (00000c00)     _CpuTimer0Regs
00000c08      30 (00000c00)     _CpuTimer1Regs
00000c10      30 (00000c00)     _CpuTimer2Regs

00000ce0      33 (00000cc0)     _Cla1SoftIntRegs
00000ce0      33 (00000cc0)     _PieCtrlRegs

00000d00      34 (00000d00)     _EmuKey
00000d00      34 (00000d00)     _PieVectTable
00000d01      34 (00000d00)     _EmuBMode

00001000      40 (00001000)     _DmaRegs

00001400      50 (00001400)     _Cla1Regs

00004000     100 (00004000)     _EPwm1Regs

00004100     104 (00004100)     _EPwm2Regs

00004200     108 (00004200)     _EPwm3Regs

00004300     10c (00004300)     _EPwm4Regs

00004400     110 (00004400)     _EPwm5Regs

00004500     114 (00004500)     _EPwm6Regs

00004600     118 (00004600)     _EPwm7Regs

00004700     11c (00004700)     _EPwm8Regs

00004800     120 (00004800)     _EPwm9Regs

00004900     124 (00004900)     _EPwm10Regs

00004a00     128 (00004a00)     _EPwm11Regs

00004b00     12c (00004b00)     _EPwm12Regs

00005000     140 (00005000)     _ECap1Regs
00005020     140 (00005000)     _ECap2Regs

00005040     141 (00005040)     _ECap3Regs
00005060     141 (00005040)     _ECap4Regs

00005080     142 (00005080)     _ECap5Regs
000050a0     142 (00005080)     _ECap6Regs

00005100     144 (00005100)     _EQep1Regs

00005140     145 (00005140)     _EQep2Regs

00005180     146 (00005180)     _EQep3Regs

00005c00     170 (00005c00)     _DacaRegs
00005c10     170 (00005c00)     _DacbRegs
00005c20     170 (00005c00)     _DaccRegs

00005c80     172 (00005c80)     _Cmpss1Regs
00005ca0     172 (00005c80)     _Cmpss2Regs

00005cc0     173 (00005cc0)     _Cmpss3Regs
00005ce0     173 (00005cc0)     _Cmpss4Regs

00005d00     174 (00005d00)     _Cmpss5Regs
00005d20     174 (00005d00)     _Cmpss6Regs

00005d40     175 (00005d40)     _Cmpss7Regs
00005d60     175 (00005d40)     _Cmpss8Regs

00005e00     178 (00005e00)     _Sdfm1Regs

00005e80     17a (00005e80)     _Sdfm2Regs

00006000     180 (00006000)     _McbspaRegs

00006040     181 (00006040)     _McbspbRegs

00006100     184 (00006100)     _SpiaRegs
00006110     184 (00006100)     _SpibRegs
00006120     184 (00006100)     _SpicRegs

00006200     188 (00006200)     _UppRegs

00007000     1c0 (00007000)     _WdRegs

00007060     1c1 (00007040)     _NmiIntruptRegs
00007070     1c1 (00007040)     _XintRegs

00007200     1c8 (00007200)     _SciaRegs
00007210     1c8 (00007200)     _ScibRegs
00007220     1c8 (00007200)     _ScicRegs
00007230     1c8 (00007200)     _ScidRegs

00007300     1cc (00007300)     _I2caRegs

00007340     1cd (00007340)     _I2cbRegs

00007400     1d0 (00007400)     _AdcaRegs

00007480     1d2 (00007480)     _AdcbRegs

00007500     1d4 (00007500)     _AdccRegs

00007580     1d6 (00007580)     _AdcdRegs

00007900     1e4 (00007900)     _InputXbarRegs
00007920     1e4 (00007900)     _XbarRegs

00007940     1e5 (00007940)     _SyncSocRegs

00007980     1e6 (00007980)     _DmaClaSrcSelRegs

00007a00     1e8 (00007a00)     _EPwmXbarRegs

00007a80     1ea (00007a80)     _OutputXbarRegs

00007c00     1f0 (00007c00)     _GpioCtrlRegs

00007f00     1fc (00007f00)     _GpioDataRegs

00008276     209 (00008240)     _Fapi_issueProgrammingCommand

00008414     210 (00008400)     __Fapi_loopRegionForValue

00008496     212 (00008480)     _Fapi_initializeAPI

000084f5     213 (000084c0)     _Fapi_setupEepromSectorEnable

0000854a     215 (00008540)     _Fapi_doBlankCheck

00008587     216 (00008580)     _Fapi_isAddressEcc
000085bd     216 (00008580)     __Fapi_checkRegionForValue

000085ef     217 (000085c0)     __Fapi_issueFsmCommand

0000861e     218 (00008600)     _Fapi_calculateFletcherChecksum

0000864a     219 (00008640)     __Fapi_divideUnsignedLong
00008674     219 (00008640)     __Fapi_setupSectorsForWrite

0000869d     21a (00008680)     _Fapi_flushPipeline

000086c3     21b (000086c0)     _Fapi_setActiveFlashBank
000086e9     21b (000086c0)     _Fapi_setupBankSectorEnable

0000870e     21c (00008700)     _Fapi_issueAsyncCommandWithAddress
00008732     21c (00008700)     _Fapi_doVerify

0000874c     21d (00008740)     _Fapi_waitDelay
00008766     21d (00008740)     __Fapi_scaleCycleValues
00008775     21d (00008740)     _Fapi_checkFsmForReady

00008780     21e (00008780)     _Fapi_GlobalInit
0000878c     21e (00008780)     __Fapi_calculateOtpChecksum
00008797     21e (00008780)     _Fapi_getFsmStatus
0000879e     21e (00008780)     _Example_CallFlashAPI

000088db     223 (000088c0)     _Example_Error
000088e1     223 (000088c0)     _Example_Done
000088e4     223 (000088c0)     _InitFlash_Bank0

0000890d     224 (00008900)     _InitFlash_Bank1
00008936     224 (00008900)     _FlashOff_Bank0

00008944     225 (00008940)     _FlashOff_Bank1
00008952     225 (00008940)     _F28x_usDelay
00008956     225 (00008940)     _Fapi_serviceWatchdogTimer

0000a800     2a0 (0000a800)     ___TI_enable_exit_profile_output
0000a802     2a0 (0000a800)     ___TI_cleanup_ptr
0000a804     2a0 (0000a800)     ___TI_dtors_ptr
0000a806     2a0 (0000a800)     __lock
0000a808     2a0 (0000a800)     __unlock
0000a80a     2a0 (0000a800)     _Buffer32

0000b800     2e0 (0000b800)     _Buffer

00047000    11c0 (00047000)     _Emif1Regs

00047800    11e0 (00047800)     _Emif2Regs

00050024    1400 (00050000)     _FlashPumpSemaphoreRegs

0005d000    1740 (0005d000)     _DevCfgRegs

0005d180    1746 (0005d180)     _AnalogSubsysRegs

0005d200    1748 (0005d200)     _ClkCfgRegs

0005d300    174c (0005d300)     _CpuSysRegs

0005e608    1798 (0005e600)     _RomPrefetchRegs

0005f000    17c0 (0005f000)     _DcsmZ1Regs

0005f040    17c1 (0005f040)     _DcsmZ2Regs
0005f070    17c1 (0005f040)     _DcsmCommonRegs

0005f400    17d0 (0005f400)     _MemCfgRegs

0005f480    17d2 (0005f480)     _Emif1ConfigRegs
0005f4a0    17d2 (0005f480)     _Emif2ConfigRegs

0005f4c0    17d3 (0005f4c0)     _AccessProtectionRegs

0005f500    17d4 (0005f500)     _MemoryErrorRegs

0005f540    17d5 (0005f540)     _RomWaitStateRegs

0005f800    17e0 (0005f800)     _Flash0CtrlRegs

0005fb00    17ec (0005fb00)     _Flash0EccRegs

0005fc00    17f0 (0005fc00)     _Flash1CtrlRegs

0005ff00    17fc (0005ff00)     _Flash1EccRegs

00078000    1e00 (00078000)     _DcsmZ1Otp

00078200    1e08 (00078200)     _DcsmZ2Otp

00090000    2400 (00090000)     _PieVectTableInit


GLOBAL SYMBOLS: SORTED ALPHABETICALLY BY Name 

page  address   name                                  
----  -------   ----                                  
abs   ffffffff  .text                                 
0     00087521  C$$EXIT                               
0     00086a35  _ADCA1_ISR                            
0     00086cb5  _ADCA2_ISR                            
0     00086cbf  _ADCA3_ISR                            
0     00086cc9  _ADCA4_ISR                            
0     00086cab  _ADCA_EVT_ISR                         
0     00086a3f  _ADCB1_ISR                            
0     00086cdd  _ADCB2_ISR                            
0     00086ce7  _ADCB3_ISR                            
0     00086cf1  _ADCB4_ISR                            
0     00086cd3  _ADCB_EVT_ISR                         
0     00086a49  _ADCC1_ISR                            
0     00086e45  _ADCC2_ISR                            
0     00086e4f  _ADCC3_ISR                            
0     00086e59  _ADCC4_ISR                            
0     00086e3b  _ADCC_EVT_ISR                         
0     00086a67  _ADCD1_ISR                            
0     00086e6d  _ADCD2_ISR                            
0     00086e77  _ADCD3_ISR                            
0     00086e81  _ADCD4_ISR                            
0     00086e63  _ADCD_EVT_ISR                         
0     00086ebd  _AUX_PLL_SLIP_ISR                     
1     0005f4c0  _AccessProtectionRegs                 
1     00007400  _AdcaRegs                             
1     00000b00  _AdcaResultRegs                       
1     00007480  _AdcbRegs                             
1     00000b20  _AdcbResultRegs                       
1     00007500  _AdccRegs                             
1     00000b40  _AdccResultRegs                       
1     00007580  _AdcdRegs                             
1     00000b60  _AdcdResultRegs                       
1     0005d180  _AnalogSubsysRegs                     
0     000871fe  _AuxAuxClkSel                         
0     000871e8  _AuxIntOsc2Sel                        
0     000871f2  _AuxXtalOscSel                        
1     0000b800  _Buffer                               
1     0000a80a  _Buffer32                             
0     00086c83  _CANA0_ISR                            
0     00086c8d  _CANA1_ISR                            
0     00086c97  _CANB0_ISR                            
0     00086ca1  _CANB1_ISR                            
0     00086cfb  _CLA1_1_ISR                           
0     00086d05  _CLA1_2_ISR                           
0     00086d0f  _CLA1_3_ISR                           
0     00086d19  _CLA1_4_ISR                           
0     00086d23  _CLA1_5_ISR                           
0     00086d2d  _CLA1_6_ISR                           
0     00086d37  _CLA1_7_ISR                           
0     00086d41  _CLA1_8_ISR                           
0     00086ec7  _CLA_OVERFLOW_ISR                     
0     00086ed1  _CLA_UNDERFLOW_ISR                    
1     00001400  _Cla1Regs                             
0     00000ce0  _Cla1SoftIntRegs                      
1     0005d200  _ClkCfgRegs                           
1     00005c80  _Cmpss1Regs                           
1     00005ca0  _Cmpss2Regs                           
1     00005cc0  _Cmpss3Regs                           
1     00005ce0  _Cmpss4Regs                           
1     00005d00  _Cmpss5Regs                           
1     00005d20  _Cmpss6Regs                           
1     00005d40  _Cmpss7Regs                           
1     00005d60  _Cmpss8Regs                           
1     0005d300  _CpuSysRegs                           
1     00000c00  _CpuTimer0Regs                        
1     00000c08  _CpuTimer1Regs                        
1     00000c10  _CpuTimer2Regs                        
0     000871a7  _CsmUnlock                            
0     0008698b  _DATALOG_ISR                          
0     00086bcf  _DMA_CH1_ISR                          
0     00086bd9  _DMA_CH2_ISR                          
0     00086be3  _DMA_CH3_ISR                          
0     00086bed  _DMA_CH4_ISR                          
0     00086bf7  _DMA_CH5_ISR                          
0     00086c01  _DMA_CH6_ISR                          
1     00005c00  _DacaRegs                             
1     00005c10  _DacbRegs                             
1     00005c20  _DaccRegs                             
1     0005f070  _DcsmCommonRegs                       
1     00078000  _DcsmZ1Otp                            
1     0005f000  _DcsmZ1Regs                           
1     00078200  _DcsmZ2Otp                            
1     0005f040  _DcsmZ2Regs                           
1     0005d000  _DevCfgRegs                           
0     0008700b  _DisableDog                           
0     00086fbd  _DisablePeripheralClocks              
1     00007980  _DmaClaSrcSelRegs                     
1     00001000  _DmaRegs                              
0     00086b25  _ECAP1_ISR                            
0     00086b2f  _ECAP2_ISR                            
0     00086b39  _ECAP3_ISR                            
0     00086b43  _ECAP4_ISR                            
0     00086b4d  _ECAP5_ISR                            
0     00086b57  _ECAP6_ISR                            
1     00005000  _ECap1Regs                            
1     00005020  _ECap2Regs                            
1     00005040  _ECap3Regs                            
1     00005060  _ECap4Regs                            
1     00005080  _ECap5Regs                            
1     000050a0  _ECap6Regs                            
0     00086e8b  _EMIF_ERROR_ISR                       
0     00086ee5  _EMPTY_ISR                            
0     0008699f  _EMU_ISR                              
0     00086de1  _EPWM10_ISR                           
0     00086db9  _EPWM10_TZ_ISR                        
0     00086deb  _EPWM11_ISR                           
0     00086dc3  _EPWM11_TZ_ISR                        
0     00086df5  _EPWM12_ISR                           
0     00086dcd  _EPWM12_TZ_ISR                        
0     00086ad5  _EPWM1_ISR                            
0     00086a85  _EPWM1_TZ_ISR                         
0     00086adf  _EPWM2_ISR                            
0     00086a8f  _EPWM2_TZ_ISR                         
0     00086ae9  _EPWM3_ISR                            
0     00086a99  _EPWM3_TZ_ISR                         
0     00086af3  _EPWM4_ISR                            
0     00086aa3  _EPWM4_TZ_ISR                         
0     00086afd  _EPWM5_ISR                            
0     00086aad  _EPWM5_TZ_ISR                         
0     00086b07  _EPWM6_ISR                            
0     00086ab7  _EPWM6_TZ_ISR                         
0     00086b11  _EPWM7_ISR                            
0     00086ac1  _EPWM7_TZ_ISR                         
0     00086b1b  _EPWM8_ISR                            
0     00086acb  _EPWM8_TZ_ISR                         
0     00086dd7  _EPWM9_ISR                            
0     00086daf  _EPWM9_TZ_ISR                         
1     00004900  _EPwm10Regs                           
1     00004a00  _EPwm11Regs                           
1     00004b00  _EPwm12Regs                           
1     00004000  _EPwm1Regs                            
1     00004100  _EPwm2Regs                            
1     00004200  _EPwm3Regs                            
1     00004300  _EPwm4Regs                            
1     00004400  _EPwm5Regs                            
1     00004500  _EPwm6Regs                            
1     00004600  _EPwm7Regs                            
1     00004700  _EPwm8Regs                            
1     00004800  _EPwm9Regs                            
1     00007a00  _EPwmXbarRegs                         
0     00086b61  _EQEP1_ISR                            
0     00086b6b  _EQEP2_ISR                            
0     00086b75  _EQEP3_ISR                            
1     00005100  _EQep1Regs                            
1     00005140  _EQep2Regs                            
1     00005180  _EQep3Regs                            
1     0005f480  _Emif1ConfigRegs                      
1     00047000  _Emif1Regs                            
1     0005f4a0  _Emif2ConfigRegs                      
1     00047800  _Emif2Regs                            
1     00000d01  _EmuBMode                             
1     00000d00  _EmuKey                               
0     00087569  _EnableInterrupts                     
0     0000879e  _Example_CallFlashAPI                 
0     000088e1  _Example_Done                         
0     000088db  _Example_Error                        
0     00008952  _F28x_usDelay                         
0     00086e9f  _FLASH_CORRECTABLE_ERROR_ISR          
0     00086d73  _FPU_OVERFLOW_ISR                     
0     00086d7d  _FPU_UNDERFLOW_ISR                    
0     00008780  _Fapi_GlobalInit                      
0     0000861e  _Fapi_calculateFletcherChecksum       
0     00008775  _Fapi_checkFsmForReady                
0     0000854a  _Fapi_doBlankCheck                    
0     00008732  _Fapi_doVerify                        
0     0000869d  _Fapi_flushPipeline                   
0     00008797  _Fapi_getFsmStatus                    
0     00008496  _Fapi_initializeAPI                   
0     00008587  _Fapi_isAddressEcc                    
0     0000870e  _Fapi_issueAsyncCommandWithAddress    
0     00008276  _Fapi_issueProgrammingCommand         
0     00008956  _Fapi_serviceWatchdogTimer            
0     000086c3  _Fapi_setActiveFlashBank              
0     000086e9  _Fapi_setupBankSectorEnable           
0     000084f5  _Fapi_setupEepromSectorEnable         
0     0000874c  _Fapi_waitDelay                       
1     0005f800  _Flash0CtrlRegs                       
1     0005fb00  _Flash0EccRegs                        
1     0005fc00  _Flash1CtrlRegs                       
1     0005ff00  _Flash1EccRegs                        
0     00008936  _FlashOff_Bank0                       
0     00008944  _FlashOff_Bank1                       
1     00050024  _FlashPumpSemaphoreRegs               
0     0008743a  _GPIO_EnableUnbondedIOPullups         
0     00087415  _GPIO_EnableUnbondedIOPullupsFor100Pin
0     000873fc  _GPIO_EnableUnbondedIOPullupsFor176Pin
0     00087450  _GPIO_ReadPin                         
0     000873a1  _GPIO_SetupLock                       
0     00087281  _GPIO_SetupPinMux                     
0     0008730d  _GPIO_SetupPinOptions                 
0     000873ca  _GPIO_SetupXINT1Gpio                  
0     000873d4  _GPIO_SetupXINT2Gpio                  
0     000873de  _GPIO_SetupXINT3Gpio                  
0     000873e8  _GPIO_SetupXINT4Gpio                  
0     000873f2  _GPIO_SetupXINT5Gpio                  
0     00087467  _GPIO_WritePin                        
1     00007c00  _GpioCtrlRegs                         
1     00007f00  _GpioDataRegs                         
0     0008721c  _HALT                                 
0     0008722d  _HIB                                  
0     00086c15  _I2CA_FIFO_ISR                        
0     00086c0b  _I2CA_ISR                             
0     00086c29  _I2CB_FIFO_ISR                        
0     00086c1f  _I2CB_ISR                             
1     00007300  _I2caRegs                             
1     00007340  _I2cbRegs                             
0     00087208  _IDLE                                 
0     000869b3  _ILLEGAL_ISR                          
0     00086d87  _IPC0_ISR                             
0     00086d91  _IPC1_ISR                             
0     00086d9b  _IPC2_ISR                             
0     00086da5  _IPC3_ISR                             
0     000870df  _InitAuxPll                           
0     000088e4  _InitFlash_Bank0                      
0     0000890d  _InitFlash_Bank1                      
0     00087241  _InitGpio                             
0     00086f39  _InitPeripheralClocks                 
0     0008754a  _InitPieCtrl                          
0     00087572  _InitPieVectTable                     
0     00086efc  _InitSysCtrl                          
0     00087019  _InitSysPll                           
1     00007900  _InputXbarRegs                        
0     00086ba7  _MCBSPA_RX_ISR                        
0     00086bb1  _MCBSPA_TX_ISR                        
0     00086bbb  _MCBSPB_RX_ISR                        
0     00086bc5  _MCBSPB_TX_ISR                        
1     00006000  _McbspaRegs                           
1     00006040  _McbspbRegs                           
1     0005f400  _MemCfgRegs                           
1     0005f500  _MemoryErrorRegs                      
0     000869a9  _NMI_ISR                              
0     00086ef2  _NOTUSED_ISR                          
1     00007060  _NmiIntruptRegs                       
1     00007a80  _OutputXbarRegs                       
0     00086edb  _PIE_RESERVED_ISR                     
1     00000ce0  _PieCtrlRegs                          
1     00000d00  _PieVectTable                         
0     00090000  _PieVectTableInit                     
0     00086ea9  _RAM_ACCESS_VIOLATION_ISR             
0     00086e95  _RAM_CORRECTABLE_ERROR_ISR            
0     00086995  _RTOS_ISR                             
abs   00086958  _RamfuncsLoadEnd                      
abs   00000958  _RamfuncsLoadSize                     
abs   00086000  _RamfuncsLoadStart                    
abs   00008958  _RamfuncsRunEnd                       
abs   00000958  _RamfuncsRunSize                      
abs   00008000  _RamfuncsRunStart                     
0     00086ff3  _ReleaseFlashPump                     
1     0005e608  _RomPrefetchRegs                      
1     0005f540  _RomWaitStateRegs                     
0     00086c5b  _SCIA_RX_ISR                          
0     00086c65  _SCIA_TX_ISR                          
0     00086c6f  _SCIB_RX_ISR                          
0     00086c79  _SCIB_TX_ISR                          
0     00086c33  _SCIC_RX_ISR                          
0     00086c3d  _SCIC_TX_ISR                          
0     00086c47  _SCID_RX_ISR                          
0     00086c51  _SCID_TX_ISR                          
0     00086dff  _SD1_ISR                              
0     00086e09  _SD2_ISR                              
0     00086b7f  _SPIA_RX_ISR                          
0     00086b89  _SPIA_TX_ISR                          
0     00086b93  _SPIB_RX_ISR                          
0     00086b9d  _SPIB_TX_ISR                          
0     00086e13  _SPIC_RX_ISR                          
0     00086e1d  _SPIC_TX_ISR                          
0     00087211  _STANDBY                              
0     00086eb3  _SYS_PLL_SLIP_ISR                     
1     00007200  _SciaRegs                             
1     00007210  _ScibRegs                             
1     00007220  _ScicRegs                             
1     00007230  _ScidRegs                             
1     00005e00  _Sdfm1Regs                            
1     00005e80  _Sdfm2Regs                            
0     00086fd5  _SeizeFlashPump_Bank0                 
0     00086fe4  _SeizeFlashPump_Bank1                 
0     00086ffd  _ServiceDog                           
1     00006100  _SpiaRegs                             
1     00006110  _SpibRegs                             
1     00006120  _SpicRegs                             
1     00007940  _SyncSocRegs                          
0     000871c8  _SysIntOsc1Sel                        
0     000871d2  _SysIntOsc2Sel                        
0     000871dc  _SysXtalOscSel                        
0     00086a71  _TIMER0_ISR                           
0     00086977  _TIMER1_ISR                           
0     00086981  _TIMER2_ISR                           
0     00086e27  _UPPA_ISR                             
0     00086e31  _USBA_ISR                             
0     00086a17  _USER10_ISR                           
0     00086a21  _USER11_ISR                           
0     00086a2b  _USER12_ISR                           
0     000869bd  _USER1_ISR                            
0     000869c7  _USER2_ISR                            
0     000869d1  _USER3_ISR                            
0     000869db  _USER4_ISR                            
0     000869e5  _USER5_ISR                            
0     000869ef  _USER6_ISR                            
0     000869f9  _USER7_ISR                            
0     00086a03  _USER8_ISR                            
0     00086a0d  _USER9_ISR                            
1     00006200  _UppRegs                              
0     00086d69  _VCU_ISR                              
0     00086a7b  _WAKE_ISR                             
1     00007000  _WdRegs                               
0     00086a53  _XINT1_ISR                            
0     00086a5d  _XINT2_ISR                            
0     00086d4b  _XINT3_ISR                            
0     00086d55  _XINT4_ISR                            
0     00086d5f  _XINT5_ISR                            
1     00007920  _XbarRegs                             
1     00007070  _XintRegs                             
0     0000878c  __Fapi_calculateOtpChecksum           
0     000085bd  __Fapi_checkRegionForValue            
0     0000864a  __Fapi_divideUnsignedLong             
0     000085ef  __Fapi_issueFsmCommand                
0     00008414  __Fapi_loopRegionForValue             
0     00008766  __Fapi_scaleCycleValues               
0     00008674  __Fapi_setupSectorsForWrite           
1     00000500  __STACK_END                           
abs   00000100  __STACK_SIZE                          
1     0000a802  ___TI_cleanup_ptr                     
1     0000a804  ___TI_dtors_ptr                       
1     0000a800  ___TI_enable_exit_profile_output      
abs   ffffffff  ___TI_pprof_out_hndl                  
abs   ffffffff  ___TI_prof_data_size                  
abs   ffffffff  ___TI_prof_data_start                 
abs   ffffffff  ___binit__                            
abs   ffffffff  ___c_args__                           
0     00086958  ___cinit__                            
abs   ffffffff  ___etext__                            
abs   ffffffff  ___pinit__                            
abs   ffffffff  ___text__                             
0     000875d0  __args_main                           
1     0000a806  __lock                                
0     00087604  __nop                                 
0     00087600  __register_lock                       
0     000875fc  __register_unlock                     
1     00000400  __stack                               
0     00087607  __system_post_cinit                   
0     00087605  __system_pre_init                     
1     0000a808  __unlock                              
0     00087521  _abort                                
0     00087485  _c_int00                              
0     000874db  _copy_in                              
0     000875b6  _ddcopy                               
0     000875b6  _dpcopy                               
0     00087523  _exit                                 
0     000875e9  _main                                 
0     00087598  _memcpy                               
0     000875b6  _pdcopy                               
0     000875b6  _ppcopy                               
abs   ffffffff  binit                                 
0     00086958  cinit                                 
0     00080000  code_start                            
abs   ffffffff  etext                                 
abs   ffffffff  pinit                                 


GLOBAL SYMBOLS: SORTED BY Symbol Address 

page  address   name                                  
----  -------   ----                                  
0     00000ce0  _Cla1SoftIntRegs                      
0     00008276  _Fapi_issueProgrammingCommand         
0     00008414  __Fapi_loopRegionForValue             
0     00008496  _Fapi_initializeAPI                   
0     000084f5  _Fapi_setupEepromSectorEnable         
0     0000854a  _Fapi_doBlankCheck                    
0     00008587  _Fapi_isAddressEcc                    
0     000085bd  __Fapi_checkRegionForValue            
0     000085ef  __Fapi_issueFsmCommand                
0     0000861e  _Fapi_calculateFletcherChecksum       
0     0000864a  __Fapi_divideUnsignedLong             
0     00008674  __Fapi_setupSectorsForWrite           
0     0000869d  _Fapi_flushPipeline                   
0     000086c3  _Fapi_setActiveFlashBank              
0     000086e9  _Fapi_setupBankSectorEnable           
0     0000870e  _Fapi_issueAsyncCommandWithAddress    
0     00008732  _Fapi_doVerify                        
0     0000874c  _Fapi_waitDelay                       
0     00008766  __Fapi_scaleCycleValues               
0     00008775  _Fapi_checkFsmForReady                
0     00008780  _Fapi_GlobalInit                      
0     0000878c  __Fapi_calculateOtpChecksum           
0     00008797  _Fapi_getFsmStatus                    
0     0000879e  _Example_CallFlashAPI                 
0     000088db  _Example_Error                        
0     000088e1  _Example_Done                         
0     000088e4  _InitFlash_Bank0                      
0     0000890d  _InitFlash_Bank1                      
0     00008936  _FlashOff_Bank0                       
0     00008944  _FlashOff_Bank1                       
0     00008952  _F28x_usDelay                         
0     00008956  _Fapi_serviceWatchdogTimer            
0     00080000  code_start                            
0     00086958  ___cinit__                            
0     00086958  cinit                                 
0     00086977  _TIMER1_ISR                           
0     00086981  _TIMER2_ISR                           
0     0008698b  _DATALOG_ISR                          
0     00086995  _RTOS_ISR                             
0     0008699f  _EMU_ISR                              
0     000869a9  _NMI_ISR                              
0     000869b3  _ILLEGAL_ISR                          
0     000869bd  _USER1_ISR                            
0     000869c7  _USER2_ISR                            
0     000869d1  _USER3_ISR                            
0     000869db  _USER4_ISR                            
0     000869e5  _USER5_ISR                            
0     000869ef  _USER6_ISR                            
0     000869f9  _USER7_ISR                            
0     00086a03  _USER8_ISR                            
0     00086a0d  _USER9_ISR                            
0     00086a17  _USER10_ISR                           
0     00086a21  _USER11_ISR                           
0     00086a2b  _USER12_ISR                           
0     00086a35  _ADCA1_ISR                            
0     00086a3f  _ADCB1_ISR                            
0     00086a49  _ADCC1_ISR                            
0     00086a53  _XINT1_ISR                            
0     00086a5d  _XINT2_ISR                            
0     00086a67  _ADCD1_ISR                            
0     00086a71  _TIMER0_ISR                           
0     00086a7b  _WAKE_ISR                             
0     00086a85  _EPWM1_TZ_ISR                         
0     00086a8f  _EPWM2_TZ_ISR                         
0     00086a99  _EPWM3_TZ_ISR                         
0     00086aa3  _EPWM4_TZ_ISR                         
0     00086aad  _EPWM5_TZ_ISR                         
0     00086ab7  _EPWM6_TZ_ISR                         
0     00086ac1  _EPWM7_TZ_ISR                         
0     00086acb  _EPWM8_TZ_ISR                         
0     00086ad5  _EPWM1_ISR                            
0     00086adf  _EPWM2_ISR                            
0     00086ae9  _EPWM3_ISR                            
0     00086af3  _EPWM4_ISR                            
0     00086afd  _EPWM5_ISR                            
0     00086b07  _EPWM6_ISR                            
0     00086b11  _EPWM7_ISR                            
0     00086b1b  _EPWM8_ISR                            
0     00086b25  _ECAP1_ISR                            
0     00086b2f  _ECAP2_ISR                            
0     00086b39  _ECAP3_ISR                            
0     00086b43  _ECAP4_ISR                            
0     00086b4d  _ECAP5_ISR                            
0     00086b57  _ECAP6_ISR                            
0     00086b61  _EQEP1_ISR                            
0     00086b6b  _EQEP2_ISR                            
0     00086b75  _EQEP3_ISR                            
0     00086b7f  _SPIA_RX_ISR                          
0     00086b89  _SPIA_TX_ISR                          
0     00086b93  _SPIB_RX_ISR                          
0     00086b9d  _SPIB_TX_ISR                          
0     00086ba7  _MCBSPA_RX_ISR                        
0     00086bb1  _MCBSPA_TX_ISR                        
0     00086bbb  _MCBSPB_RX_ISR                        
0     00086bc5  _MCBSPB_TX_ISR                        
0     00086bcf  _DMA_CH1_ISR                          
0     00086bd9  _DMA_CH2_ISR                          
0     00086be3  _DMA_CH3_ISR                          
0     00086bed  _DMA_CH4_ISR                          
0     00086bf7  _DMA_CH5_ISR                          
0     00086c01  _DMA_CH6_ISR                          
0     00086c0b  _I2CA_ISR                             
0     00086c15  _I2CA_FIFO_ISR                        
0     00086c1f  _I2CB_ISR                             
0     00086c29  _I2CB_FIFO_ISR                        
0     00086c33  _SCIC_RX_ISR                          
0     00086c3d  _SCIC_TX_ISR                          
0     00086c47  _SCID_RX_ISR                          
0     00086c51  _SCID_TX_ISR                          
0     00086c5b  _SCIA_RX_ISR                          
0     00086c65  _SCIA_TX_ISR                          
0     00086c6f  _SCIB_RX_ISR                          
0     00086c79  _SCIB_TX_ISR                          
0     00086c83  _CANA0_ISR                            
0     00086c8d  _CANA1_ISR                            
0     00086c97  _CANB0_ISR                            
0     00086ca1  _CANB1_ISR                            
0     00086cab  _ADCA_EVT_ISR                         
0     00086cb5  _ADCA2_ISR                            
0     00086cbf  _ADCA3_ISR                            
0     00086cc9  _ADCA4_ISR                            
0     00086cd3  _ADCB_EVT_ISR                         
0     00086cdd  _ADCB2_ISR                            
0     00086ce7  _ADCB3_ISR                            
0     00086cf1  _ADCB4_ISR                            
0     00086cfb  _CLA1_1_ISR                           
0     00086d05  _CLA1_2_ISR                           
0     00086d0f  _CLA1_3_ISR                           
0     00086d19  _CLA1_4_ISR                           
0     00086d23  _CLA1_5_ISR                           
0     00086d2d  _CLA1_6_ISR                           
0     00086d37  _CLA1_7_ISR                           
0     00086d41  _CLA1_8_ISR                           
0     00086d4b  _XINT3_ISR                            
0     00086d55  _XINT4_ISR                            
0     00086d5f  _XINT5_ISR                            
0     00086d69  _VCU_ISR                              
0     00086d73  _FPU_OVERFLOW_ISR                     
0     00086d7d  _FPU_UNDERFLOW_ISR                    
0     00086d87  _IPC0_ISR                             
0     00086d91  _IPC1_ISR                             
0     00086d9b  _IPC2_ISR                             
0     00086da5  _IPC3_ISR                             
0     00086daf  _EPWM9_TZ_ISR                         
0     00086db9  _EPWM10_TZ_ISR                        
0     00086dc3  _EPWM11_TZ_ISR                        
0     00086dcd  _EPWM12_TZ_ISR                        
0     00086dd7  _EPWM9_ISR                            
0     00086de1  _EPWM10_ISR                           
0     00086deb  _EPWM11_ISR                           
0     00086df5  _EPWM12_ISR                           
0     00086dff  _SD1_ISR                              
0     00086e09  _SD2_ISR                              
0     00086e13  _SPIC_RX_ISR                          
0     00086e1d  _SPIC_TX_ISR                          
0     00086e27  _UPPA_ISR                             
0     00086e31  _USBA_ISR                             
0     00086e3b  _ADCC_EVT_ISR                         
0     00086e45  _ADCC2_ISR                            
0     00086e4f  _ADCC3_ISR                            
0     00086e59  _ADCC4_ISR                            
0     00086e63  _ADCD_EVT_ISR                         
0     00086e6d  _ADCD2_ISR                            
0     00086e77  _ADCD3_ISR                            
0     00086e81  _ADCD4_ISR                            
0     00086e8b  _EMIF_ERROR_ISR                       
0     00086e95  _RAM_CORRECTABLE_ERROR_ISR            
0     00086e9f  _FLASH_CORRECTABLE_ERROR_ISR          
0     00086ea9  _RAM_ACCESS_VIOLATION_ISR             
0     00086eb3  _SYS_PLL_SLIP_ISR                     
0     00086ebd  _AUX_PLL_SLIP_ISR                     
0     00086ec7  _CLA_OVERFLOW_ISR                     
0     00086ed1  _CLA_UNDERFLOW_ISR                    
0     00086edb  _PIE_RESERVED_ISR                     
0     00086ee5  _EMPTY_ISR                            
0     00086ef2  _NOTUSED_ISR                          
0     00086efc  _InitSysCtrl                          
0     00086f39  _InitPeripheralClocks                 
0     00086fbd  _DisablePeripheralClocks              
0     00086fd5  _SeizeFlashPump_Bank0                 
0     00086fe4  _SeizeFlashPump_Bank1                 
0     00086ff3  _ReleaseFlashPump                     
0     00086ffd  _ServiceDog                           
0     0008700b  _DisableDog                           
0     00087019  _InitSysPll                           
0     000870df  _InitAuxPll                           
0     000871a7  _CsmUnlock                            
0     000871c8  _SysIntOsc1Sel                        
0     000871d2  _SysIntOsc2Sel                        
0     000871dc  _SysXtalOscSel                        
0     000871e8  _AuxIntOsc2Sel                        
0     000871f2  _AuxXtalOscSel                        
0     000871fe  _AuxAuxClkSel                         
0     00087208  _IDLE                                 
0     00087211  _STANDBY                              
0     0008721c  _HALT                                 
0     0008722d  _HIB                                  
0     00087241  _InitGpio                             
0     00087281  _GPIO_SetupPinMux                     
0     0008730d  _GPIO_SetupPinOptions                 
0     000873a1  _GPIO_SetupLock                       
0     000873ca  _GPIO_SetupXINT1Gpio                  
0     000873d4  _GPIO_SetupXINT2Gpio                  
0     000873de  _GPIO_SetupXINT3Gpio                  
0     000873e8  _GPIO_SetupXINT4Gpio                  
0     000873f2  _GPIO_SetupXINT5Gpio                  
0     000873fc  _GPIO_EnableUnbondedIOPullupsFor176Pin
0     00087415  _GPIO_EnableUnbondedIOPullupsFor100Pin
0     0008743a  _GPIO_EnableUnbondedIOPullups         
0     00087450  _GPIO_ReadPin                         
0     00087467  _GPIO_WritePin                        
0     00087485  _c_int00                              
0     000874db  _copy_in                              
0     00087521  C$$EXIT                               
0     00087521  _abort                                
0     00087523  _exit                                 
0     0008754a  _InitPieCtrl                          
0     00087569  _EnableInterrupts                     
0     00087572  _InitPieVectTable                     
0     00087598  _memcpy                               
0     000875b6  _ddcopy                               
0     000875b6  _dpcopy                               
0     000875b6  _pdcopy                               
0     000875b6  _ppcopy                               
0     000875d0  __args_main                           
0     000875e9  _main                                 
0     000875fc  __register_unlock                     
0     00087600  __register_lock                       
0     00087604  __nop                                 
0     00087605  __system_pre_init                     
0     00087607  __system_post_cinit                   
0     00090000  _PieVectTableInit                     
1     00000400  __stack                               
1     00000500  __STACK_END                           
1     00000b00  _AdcaResultRegs                       
1     00000b20  _AdcbResultRegs                       
1     00000b40  _AdccResultRegs                       
1     00000b60  _AdcdResultRegs                       
1     00000c00  _CpuTimer0Regs                        
1     00000c08  _CpuTimer1Regs                        
1     00000c10  _CpuTimer2Regs                        
1     00000ce0  _PieCtrlRegs                          
1     00000d00  _EmuKey                               
1     00000d00  _PieVectTable                         
1     00000d01  _EmuBMode                             
1     00001000  _DmaRegs                              
1     00001400  _Cla1Regs                             
1     00004000  _EPwm1Regs                            
1     00004100  _EPwm2Regs                            
1     00004200  _EPwm3Regs                            
1     00004300  _EPwm4Regs                            
1     00004400  _EPwm5Regs                            
1     00004500  _EPwm6Regs                            
1     00004600  _EPwm7Regs                            
1     00004700  _EPwm8Regs                            
1     00004800  _EPwm9Regs                            
1     00004900  _EPwm10Regs                           
1     00004a00  _EPwm11Regs                           
1     00004b00  _EPwm12Regs                           
1     00005000  _ECap1Regs                            
1     00005020  _ECap2Regs                            
1     00005040  _ECap3Regs                            
1     00005060  _ECap4Regs                            
1     00005080  _ECap5Regs                            
1     000050a0  _ECap6Regs                            
1     00005100  _EQep1Regs                            
1     00005140  _EQep2Regs                            
1     00005180  _EQep3Regs                            
1     00005c00  _DacaRegs                             
1     00005c10  _DacbRegs                             
1     00005c20  _DaccRegs                             
1     00005c80  _Cmpss1Regs                           
1     00005ca0  _Cmpss2Regs                           
1     00005cc0  _Cmpss3Regs                           
1     00005ce0  _Cmpss4Regs                           
1     00005d00  _Cmpss5Regs                           
1     00005d20  _Cmpss6Regs                           
1     00005d40  _Cmpss7Regs                           
1     00005d60  _Cmpss8Regs                           
1     00005e00  _Sdfm1Regs                            
1     00005e80  _Sdfm2Regs                            
1     00006000  _McbspaRegs                           
1     00006040  _McbspbRegs                           
1     00006100  _SpiaRegs                             
1     00006110  _SpibRegs                             
1     00006120  _SpicRegs                             
1     00006200  _UppRegs                              
1     00007000  _WdRegs                               
1     00007060  _NmiIntruptRegs                       
1     00007070  _XintRegs                             
1     00007200  _SciaRegs                             
1     00007210  _ScibRegs                             
1     00007220  _ScicRegs                             
1     00007230  _ScidRegs                             
1     00007300  _I2caRegs                             
1     00007340  _I2cbRegs                             
1     00007400  _AdcaRegs                             
1     00007480  _AdcbRegs                             
1     00007500  _AdccRegs                             
1     00007580  _AdcdRegs                             
1     00007900  _InputXbarRegs                        
1     00007920  _XbarRegs                             
1     00007940  _SyncSocRegs                          
1     00007980  _DmaClaSrcSelRegs                     
1     00007a00  _EPwmXbarRegs                         
1     00007a80  _OutputXbarRegs                       
1     00007c00  _GpioCtrlRegs                         
1     00007f00  _GpioDataRegs                         
1     0000a800  ___TI_enable_exit_profile_output      
1     0000a802  ___TI_cleanup_ptr                     
1     0000a804  ___TI_dtors_ptr                       
1     0000a806  __lock                                
1     0000a808  __unlock                              
1     0000a80a  _Buffer32                             
1     0000b800  _Buffer                               
1     00047000  _Emif1Regs                            
1     00047800  _Emif2Regs                            
1     00050024  _FlashPumpSemaphoreRegs               
1     0005d000  _DevCfgRegs                           
1     0005d180  _AnalogSubsysRegs                     
1     0005d200  _ClkCfgRegs                           
1     0005d300  _CpuSysRegs                           
1     0005e608  _RomPrefetchRegs                      
1     0005f000  _DcsmZ1Regs                           
1     0005f040  _DcsmZ2Regs                           
1     0005f070  _DcsmCommonRegs                       
1     0005f400  _MemCfgRegs                           
1     0005f480  _Emif1ConfigRegs                      
1     0005f4a0  _Emif2ConfigRegs                      
1     0005f4c0  _AccessProtectionRegs                 
1     0005f500  _MemoryErrorRegs                      
1     0005f540  _RomWaitStateRegs                     
1     0005f800  _Flash0CtrlRegs                       
1     0005fb00  _Flash0EccRegs                        
1     0005fc00  _Flash1CtrlRegs                       
1     0005ff00  _Flash1EccRegs                        
1     00078000  _DcsmZ1Otp                            
1     00078200  _DcsmZ2Otp                            
abs   00000100  __STACK_SIZE                          
abs   00000958  _RamfuncsLoadSize                     
abs   00000958  _RamfuncsRunSize                      
abs   00008000  _RamfuncsRunStart                     
abs   00008958  _RamfuncsRunEnd                       
abs   00086000  _RamfuncsLoadStart                    
abs   00086958  _RamfuncsLoadEnd                      
abs   ffffffff  .text                                 
abs   ffffffff  ___TI_pprof_out_hndl                  
abs   ffffffff  ___TI_prof_data_size                  
abs   ffffffff  ___TI_prof_data_start                 
abs   ffffffff  ___binit__                            
abs   ffffffff  ___c_args__                           
abs   ffffffff  ___etext__                            
abs   ffffffff  ___pinit__                            
abs   ffffffff  ___text__                             
abs   ffffffff  binit                                 
abs   ffffffff  etext                                 
abs   ffffffff  pinit                                 

[357 symbols]
