******************************************************************************
             TMS320C2000 Linker PC v6.4.10                     
******************************************************************************
>> Linked Sun Jul 03 20:55:56 2016

OUTPUT FILE NAME:   <flash_programming_cpu01.out>
ENTRY POINT SYMBOL: "code_start"  address: 00080000


MEMORY CONFIGURATION

         name            origin    length      used     unused   attr    fill
----------------------  --------  ---------  --------  --------  ----  --------
PAGE 0:
  RAMM0                 00000122   000002de  00000000  000002de  RWIX
  RAMLS03               00008000   00002000  0000095a  000016a6  RWIX
  RAMLS4                0000a000   00000800  00000000  00000800  RWIX
  RAMD0                 0000b000   00000800  00000000  00000800  RWIX
  BEGIN                 00080000   00000002  00000002  00000000  RWIX
  FLASHA                00080002   00001ffe  00000000  00001ffe  RWIX
  FLASHB                00082000   00002000  00000000  00002000  RWIX
  FLASHC                00084000   00002000  00000000  00002000  RWIX
  FLASHD                00086000   00002000  00001527  00000ad9  RWIX
  FLASHE                00088000   00008000  00000000  00008000  RWIX
  FLASHF                00090000   00008000  000001c0  00007e40  RWIX
  FLASHG                00098000   00008000  00000000  00008000  RWIX
  FLASHH                000a0000   00008000  00000000  00008000  RWIX
  FLASHI                000a8000   00008000  00000000  00008000  RWIX
  FLASHJ                000b0000   00008000  00000000  00008000  RWIX
  FLASHK                000b8000   00002000  00000000  00002000  RWIX
  FLASHL                000ba000   00002000  00000000  00002000  RWIX
  FLASHM                000bc000   00002000  00000000  00002000  RWIX
  FLASHN                000be000   00002000  00000000  00002000  RWIX
  RESET                 003fffc0   00000002  00000000  00000002  RWIX

PAGE 1:
  BOOT_RSVD             00000002   00000120  00000000  00000120  RWIX
  RAMM1                 00000400   00000400  00000100  00000300  RWIX
  ADCA_RESULT           00000b00   00000020  00000018  00000008  RWIX
  ADCB_RESULT           00000b20   00000020  00000018  00000008  RWIX
  ADCC_RESULT           00000b40   00000020  00000018  00000008  RWIX
  ADCD_RESULT           00000b60   00000020  00000018  00000008  RWIX
  CPU_TIMER0            00000c00   00000008  00000008  00000000  RWIX
  CPU_TIMER1            00000c08   00000008  00000008  00000000  RWIX
  CPU_TIMER2            00000c10   00000008  00000008  00000000  RWIX
  PIE_CTRL              00000ce0   00000020  0000001a  00000006  RWIX
  PIE_VECT              00000d00   00000200  000001c0  00000040  RWIX
  DMA                   00001000   00000200  000000e0  00000120  RWIX
  CLA1                  00001400   00000040  0000003e  00000002  RWIX
  EPWM1                 00004000   00000100  00000100  00000000  RWIX
  EPWM2                 00004100   00000100  00000100  00000000  RWIX
  EPWM3                 00004200   00000100  00000100  00000000  RWIX
  EPWM4                 00004300   00000100  00000100  00000000  RWIX
  EPWM5                 00004400   00000100  00000100  00000000  RWIX
  EPWM6                 00004500   00000100  00000100  00000000  RWIX
  EPWM7                 00004600   00000100  00000100  00000000  RWIX
  EPWM8                 00004700   00000100  00000100  00000000  RWIX
  EPWM9                 00004800   00000100  00000100  00000000  RWIX
  EPWM10                00004900   00000100  00000100  00000000  RWIX
  EPWM11                00004a00   00000100  00000100  00000000  RWIX
  EPWM12                00004b00   00000100  00000100  00000000  RWIX
  ECAP1                 00005000   00000020  00000020  00000000  RWIX
  ECAP2                 00005020   00000020  00000020  00000000  RWIX
  ECAP3                 00005040   00000020  00000020  00000000  RWIX
  ECAP4                 00005060   00000020  00000020  00000000  RWIX
  ECAP5                 00005080   00000020  00000020  00000000  RWIX
  ECAP6                 000050a0   00000020  00000020  00000000  RWIX
  EQEP1                 00005100   00000040  00000022  0000001e  RWIX
  EQEP2                 00005140   00000040  00000022  0000001e  RWIX
  EQEP3                 00005180   00000040  00000022  0000001e  RWIX
  DACA                  00005c00   00000010  00000008  00000008  RWIX
  DACB                  00005c10   00000010  00000008  00000008  RWIX
  DACC                  00005c20   00000010  00000008  00000008  RWIX
  CMPSS1                00005c80   00000020  00000020  00000000  RWIX
  CMPSS2                00005ca0   00000020  00000020  00000000  RWIX
  CMPSS3                00005cc0   00000020  00000020  00000000  RWIX
  CMPSS4                00005ce0   00000020  00000020  00000000  RWIX
  CMPSS5                00005d00   00000020  00000020  00000000  RWIX
  CMPSS6                00005d20   00000020  00000020  00000000  RWIX
  CMPSS7                00005d40   00000020  00000020  00000000  RWIX
  CMPSS8                00005d60   00000020  00000020  00000000  RWIX
  SDFM1                 00005e00   00000080  00000080  00000000  RWIX
  SDFM2                 00005e80   00000080  00000080  00000000  RWIX
  MCBSPA                00006000   00000040  00000024  0000001c  RWIX
  MCBSPB                00006040   00000040  00000024  0000001c  RWIX
  SPIA                  00006100   00000010  00000010  00000000  RWIX
  SPIB                  00006110   00000010  00000010  00000000  RWIX
  SPIC                  00006120   00000010  00000010  00000000  RWIX
  SPID                  00006130   00000010  00000000  00000010  RWIX
  UPP                   00006200   00000100  00000048  000000b8  RWIX
  WD                    00007000   00000040  0000002b  00000015  RWIX
  NMIINTRUPT            00007060   00000010  00000007  00000009  RWIX
  XINT                  00007070   00000010  0000000b  00000005  RWIX
  SCIA                  00007200   00000010  00000010  00000000  RWIX
  SCIB                  00007210   00000010  00000010  00000000  RWIX
  SCIC                  00007220   00000010  00000010  00000000  RWIX
  SCID                  00007230   00000010  00000010  00000000  RWIX
  I2CA                  00007300   00000040  00000022  0000001e  RWIX
  I2CB                  00007340   00000040  00000022  0000001e  RWIX
  ADCA                  00007400   00000080  00000080  00000000  RWIX
  ADCB                  00007480   00000080  00000080  00000000  RWIX
  ADCC                  00007500   00000080  00000080  00000000  RWIX
  ADCD                  00007580   00000080  00000080  00000000  RWIX
  INPUT_XBAR            00007900   00000020  00000020  00000000  RWIX
  XBAR                  00007920   00000020  00000020  00000000  RWIX
  SYNC_SOC              00007940   00000010  00000006  0000000a  RWIX
  DMACLASRCSEL          00007980   00000040  0000001a  00000026  RWIX
  EPWM_XBAR             00007a00   00000040  00000040  00000000  RWIX
  CLB_XBAR              00007a40   00000040  00000000  00000040  RWIX
  OUTPUT_XBAR           00007a80   00000040  00000040  00000000  RWIX
  GPIOCTRL              00007c00   00000180  00000180  00000000  RWIX
  GPIODAT               00007f00   00000030  00000030  00000000  RWIX
  RAMLS5                0000a800   00000800  00000148  000006b8  RWIX
  RAMD1                 0000b800   00000800  00000000  00000800  RWIX
  RAMGS0                0000c000   00001000  00000000  00001000  RWIX
  RAMGS1                0000d000   00001000  00000000  00001000  RWIX
  RAMGS2                0000e000   00001000  00000000  00001000  RWIX
  RAMGS3                0000f000   00001000  00000000  00001000  RWIX
  RAMGS4                00010000   00001000  00000000  00001000  RWIX
  RAMGS5                00011000   00001000  00000000  00001000  RWIX
  RAMGS6                00012000   00001000  00000000  00001000  RWIX
  RAMGS7                00013000   00001000  00000000  00001000  RWIX
  EMIF1                 00047000   00000800  00000070  00000790  RWIX
  EMIF2                 00047800   00000800  00000070  00000790  RWIX
  FLASHPUMPSEMAPHORE    00050024   00000002  00000002  00000000  RWIX
  DEV_CFG               0005d000   00000180  0000012e  00000052  RWIX
  ANALOG_SUBSYS         0005d180   00000080  00000048  00000038  RWIX
  CLK_CFG               0005d200   00000100  00000032  000000ce  RWIX
  CPU_SYS               0005d300   00000100  00000082  0000007e  RWIX
  ROMPREFETCH           0005e608   00000002  00000002  00000000  RWIX
  DCSM_Z1               0005f000   00000030  00000024  0000000c  RWIX
  DCSM_Z2               0005f040   00000030  00000024  0000000c  RWIX
  DCSM_COMMON           0005f070   00000010  00000008  00000008  RWIX
  MEMCFG                0005f400   00000080  00000080  00000000  RWIX
  EMIF1CONFIG           0005f480   00000020  00000020  00000000  RWIX
  EMIF2CONFIG           0005f4a0   00000020  00000020  00000000  RWIX
  ACCESSPROTECTION      0005f4c0   00000040  00000040  00000000  RWIX
  MEMORYERROR           0005f500   00000040  00000040  00000000  RWIX
  ROMWAITSTATE          0005f540   00000002  00000002  00000000  RWIX
  FLASH0_CTRL           0005f800   00000300  00000182  0000017e  RWIX
  FLASH0_ECC            0005fb00   00000040  00000028  00000018  RWIX
  FLASH1_CTRL           0005fc00   00000300  00000182  0000017e  RWIX
  FLASH1_ECC            0005ff00   00000040  00000028  00000018  RWIX
  DCSM_Z1_OTP           00078000   00000020  00000020  00000000  RWIX
  DCSM_Z2_OTP           00078200   00000020  00000020  00000000  RWIX


SECTION ALLOCATION MAP

 output                                  attributes/
section   page    origin      length       input sections
--------  ----  ----------  ----------   ----------------
codestart 
*          0    00080000    00000002     
                  00080000    00000002     F2837xS_CodeStartBranch.obj (codestart)

ramfuncs   0    00086000    0000095a     RUN ADDR = 00008000
                  00086000    00000276     F021_API_F2837xS_FPU32.lib : FlashStateMachine.obj (.text:__Fapi_setupFlashStateMachine)
                  00086276    0000019e                                : Program.obj (.text:_Fapi_issueProgrammingCommand)
                  00086414    00000082                                : Read.obj (.text:__Fapi_loopRegionForValue)
                  00086496    0000005f                                : Init.obj (.text:_Fapi_initializeAPI)
                  000864f5    00000055                                : FlashStateMachine.obj (.text:_Fapi_setupEepromSectorEnable)
                  0008654a    0000003d                                : BlankCheck.obj (.text:_Fapi_doBlankCheck)
                  00086587    00000036                                : FlashStateMachine.obj (.text:_Fapi_isAddressEcc)
                  000865bd    00000032                                : Read.obj (.text:__Fapi_checkRegionForValue)
                  000865ef    0000002f                                : FlashStateMachine.obj (.text:__Fapi_issueFsmCommand)
                  0008661e    0000002c                                : Utilities.obj (.text:_Fapi_calculateFletcherChecksum)
                  0008664a    0000002a                                : Utilities.obj (.text:__Fapi_divideUnsignedLong)
                  00086674    00000029                                : FlashStateMachine.obj (.text:__Fapi_setupSectorsForWrite)
                  0008669d    00000026                                : Read.obj (.text:_Fapi_flushPipeline)
                  000866c3    00000026                                : FlashStateMachine.obj (.text:_Fapi_setActiveFlashBank)
                  000866e9    00000025                                : FlashStateMachine.obj (.text:_Fapi_setupBankSectorEnable)
                  0008670e    00000024                                : Async.obj (.text:_Fapi_issueAsyncCommandWithAddress)
                  00086732    0000001a                                : Verify.obj (.text:_Fapi_doVerify)
                  0008674c    0000001a                                : Utilities.obj (.text:_Fapi_waitDelay)
                  00086766    0000000f                                : Utilities.obj (.text:__Fapi_scaleCycleValues)
                  00086775    0000000b                                : FlashStateMachine.obj (.text:_Fapi_checkFsmForReady)
                  00086780    0000000c                                : Init.obj (.ebss) [fill = 0]
                  0008678c    0000000b                                : Utilities.obj (.text:__Fapi_calculateOtpChecksum)
                  00086797    00000007                                : FlashStateMachine.obj (.text:_Fapi_getFsmStatus)
                  0008679e    0000014a     flash_programming_cpu01.obj (ramfuncs)
                  000868e8    0000006e     F2837xS_SysCtrl.obj (ramfuncs)
                  00086956    00000004     F2837xS_usDelay.obj (ramfuncs)

.cinit     0    0008695a    0000001b     
                  0008695a    0000000a     rts2800_fpu32.lib : exit.obj (.cinit)
                  00086964    00000005                       : _lock.obj (.cinit:__lock)
                  00086969    00000005                       : _lock.obj (.cinit:__unlock)
                  0008696e    00000005     flash_programming_cpu01.obj (.cinit)
                  00086973    00000002     --HOLE-- [fill = 0]

.pinit     0    00086000    00000000     UNINITIALIZED

.stack     1    00000400    00000100     UNINITIALIZED
                  00000400    00000100     --HOLE--

.reset     0    003fffc0    00000002     DSECT
                  003fffc0    00000002     rts2800_fpu32.lib : boot.obj (.reset)

.text      0    00086975    00000bb2     
                  00086975    00000585     F2837xS_DefaultISR.obj (.text:retain)
                  00086efa    000002d7     F2837xS_SysCtrl.obj (.text)
                  000871d1    0000024a     F2837xS_Gpio.obj (.text)
                  0008741b    00000046     rts2800_fpu32.lib : boot.obj (.text)
                  00087461    00000028     F2837xS_PieCtrl.obj (.text)
                  00087489    00000028     F2837xS_PieVect.obj (.text)
                  000874b1    0000001e     rts2800_fpu32.lib : memcpy.obj (.text)
                  000874cf    00000019                       : args_main.obj (.text)
                  000874e8    00000019                       : exit.obj (.text)
                  00087501    00000013     flash_programming_cpu01.obj (.text)
                  00087514    00000009     rts2800_fpu32.lib : _lock.obj (.text)
                  0008751d    00000008     F2837xS_CodeStartBranch.obj (.text)
                  00087525    00000002     Fapi_UserDefinedFunctions.obj (.text)

.econst    0    00090000    000001c0     
                  00090000    000001c0     F2837xS_PieVect.obj (.econst)

AdcaResultFile 
*          1    00000b00    00000018     UNINITIALIZED
                  00000b00    00000018     F2837xS_GlobalVariableDefs.obj (AdcaResultFile)

AdcbResultFile 
*          1    00000b20    00000018     UNINITIALIZED
                  00000b20    00000018     F2837xS_GlobalVariableDefs.obj (AdcbResultFile)

AdccResultFile 
*          1    00000b40    00000018     UNINITIALIZED
                  00000b40    00000018     F2837xS_GlobalVariableDefs.obj (AdccResultFile)

AdcdResultFile 
*          1    00000b60    00000018     UNINITIALIZED
                  00000b60    00000018     F2837xS_GlobalVariableDefs.obj (AdcdResultFile)

CpuTimer0RegsFile 
*          1    00000c00    00000008     UNINITIALIZED
                  00000c00    00000008     F2837xS_GlobalVariableDefs.obj (CpuTimer0RegsFile)

CpuTimer1RegsFile 
*          1    00000c08    00000008     UNINITIALIZED
                  00000c08    00000008     F2837xS_GlobalVariableDefs.obj (CpuTimer1RegsFile)

CpuTimer2RegsFile 
*          1    00000c10    00000008     UNINITIALIZED
                  00000c10    00000008     F2837xS_GlobalVariableDefs.obj (CpuTimer2RegsFile)

PieCtrlRegsFile 
*          1    00000ce0    0000001a     UNINITIALIZED
                  00000ce0    0000001a     F2837xS_GlobalVariableDefs.obj (PieCtrlRegsFile)

PieVectTableFile 
*          1    00000d00    000001c0     UNINITIALIZED
                  00000d00    000001c0     F2837xS_GlobalVariableDefs.obj (PieVectTableFile)

EmuKeyVar 
*          1    00000d00    00000001     UNINITIALIZED
                  00000d00    00000001     F2837xS_GlobalVariableDefs.obj (EmuKeyVar)

EmuBModeVar 
*          1    00000d01    00000001     UNINITIALIZED
                  00000d01    00000001     F2837xS_GlobalVariableDefs.obj (EmuBModeVar)

FlashCallbackVar 
*          1    00000d02    00000000     UNINITIALIZED

FlashScalingVar 
*          1    00000d02    00000000     UNINITIALIZED

DmaRegsFile 
*          1    00001000    000000e0     UNINITIALIZED
                  00001000    000000e0     F2837xS_GlobalVariableDefs.obj (DmaRegsFile)

Cla1RegsFile 
*          1    00001400    0000003e     UNINITIALIZED
                  00001400    0000003e     F2837xS_GlobalVariableDefs.obj (Cla1RegsFile)

EPwm1RegsFile 
*          1    00004000    00000100     UNINITIALIZED
                  00004000    00000100     F2837xS_GlobalVariableDefs.obj (EPwm1RegsFile)

EPwm2RegsFile 
*          1    00004100    00000100     UNINITIALIZED
                  00004100    00000100     F2837xS_GlobalVariableDefs.obj (EPwm2RegsFile)

EPwm3RegsFile 
*          1    00004200    00000100     UNINITIALIZED
                  00004200    00000100     F2837xS_GlobalVariableDefs.obj (EPwm3RegsFile)

EPwm4RegsFile 
*          1    00004300    00000100     UNINITIALIZED
                  00004300    00000100     F2837xS_GlobalVariableDefs.obj (EPwm4RegsFile)

EPwm5RegsFile 
*          1    00004400    00000100     UNINITIALIZED
                  00004400    00000100     F2837xS_GlobalVariableDefs.obj (EPwm5RegsFile)

EPwm6RegsFile 
*          1    00004500    00000100     UNINITIALIZED
                  00004500    00000100     F2837xS_GlobalVariableDefs.obj (EPwm6RegsFile)

EPwm7RegsFile 
*          1    00004600    00000100     UNINITIALIZED
                  00004600    00000100     F2837xS_GlobalVariableDefs.obj (EPwm7RegsFile)

EPwm8RegsFile 
*          1    00004700    00000100     UNINITIALIZED
                  00004700    00000100     F2837xS_GlobalVariableDefs.obj (EPwm8RegsFile)

EPwm9RegsFile 
*          1    00004800    00000100     UNINITIALIZED
                  00004800    00000100     F2837xS_GlobalVariableDefs.obj (EPwm9RegsFile)

EPwm10RegsFile 
*          1    00004900    00000100     UNINITIALIZED
                  00004900    00000100     F2837xS_GlobalVariableDefs.obj (EPwm10RegsFile)

EPwm11RegsFile 
*          1    00004a00    00000100     UNINITIALIZED
                  00004a00    00000100     F2837xS_GlobalVariableDefs.obj (EPwm11RegsFile)

EPwm12RegsFile 
*          1    00004b00    00000100     UNINITIALIZED
                  00004b00    00000100     F2837xS_GlobalVariableDefs.obj (EPwm12RegsFile)

ECap1RegsFile 
*          1    00005000    00000020     UNINITIALIZED
                  00005000    00000020     F2837xS_GlobalVariableDefs.obj (ECap1RegsFile)

ECap2RegsFile 
*          1    00005020    00000020     UNINITIALIZED
                  00005020    00000020     F2837xS_GlobalVariableDefs.obj (ECap2RegsFile)

ECap3RegsFile 
*          1    00005040    00000020     UNINITIALIZED
                  00005040    00000020     F2837xS_GlobalVariableDefs.obj (ECap3RegsFile)

ECap4RegsFile 
*          1    00005060    00000020     UNINITIALIZED
                  00005060    00000020     F2837xS_GlobalVariableDefs.obj (ECap4RegsFile)

ECap5RegsFile 
*          1    00005080    00000020     UNINITIALIZED
                  00005080    00000020     F2837xS_GlobalVariableDefs.obj (ECap5RegsFile)

ECap6RegsFile 
*          1    000050a0    00000020     UNINITIALIZED
                  000050a0    00000020     F2837xS_GlobalVariableDefs.obj (ECap6RegsFile)

EQep1RegsFile 
*          1    00005100    00000022     UNINITIALIZED
                  00005100    00000022     F2837xS_GlobalVariableDefs.obj (EQep1RegsFile)

EQep2RegsFile 
*          1    00005140    00000022     UNINITIALIZED
                  00005140    00000022     F2837xS_GlobalVariableDefs.obj (EQep2RegsFile)

EQep3RegsFile 
*          1    00005180    00000022     UNINITIALIZED
                  00005180    00000022     F2837xS_GlobalVariableDefs.obj (EQep3RegsFile)

DacaRegsFile 
*          1    00005c00    00000008     UNINITIALIZED
                  00005c00    00000008     F2837xS_GlobalVariableDefs.obj (DacaRegsFile)

DacbRegsFile 
*          1    00005c10    00000008     UNINITIALIZED
                  00005c10    00000008     F2837xS_GlobalVariableDefs.obj (DacbRegsFile)

DaccRegsFile 
*          1    00005c20    00000008     UNINITIALIZED
                  00005c20    00000008     F2837xS_GlobalVariableDefs.obj (DaccRegsFile)

Cmpss1RegsFile 
*          1    00005c80    00000020     UNINITIALIZED
                  00005c80    00000020     F2837xS_GlobalVariableDefs.obj (Cmpss1RegsFile)

Cmpss2RegsFile 
*          1    00005ca0    00000020     UNINITIALIZED
                  00005ca0    00000020     F2837xS_GlobalVariableDefs.obj (Cmpss2RegsFile)

Cmpss3RegsFile 
*          1    00005cc0    00000020     UNINITIALIZED
                  00005cc0    00000020     F2837xS_GlobalVariableDefs.obj (Cmpss3RegsFile)

Cmpss4RegsFile 
*          1    00005ce0    00000020     UNINITIALIZED
                  00005ce0    00000020     F2837xS_GlobalVariableDefs.obj (Cmpss4RegsFile)

Cmpss5RegsFile 
*          1    00005d00    00000020     UNINITIALIZED
                  00005d00    00000020     F2837xS_GlobalVariableDefs.obj (Cmpss5RegsFile)

Cmpss6RegsFile 
*          1    00005d20    00000020     UNINITIALIZED
                  00005d20    00000020     F2837xS_GlobalVariableDefs.obj (Cmpss6RegsFile)

Cmpss7RegsFile 
*          1    00005d40    00000020     UNINITIALIZED
                  00005d40    00000020     F2837xS_GlobalVariableDefs.obj (Cmpss7RegsFile)

Cmpss8RegsFile 
*          1    00005d60    00000020     UNINITIALIZED
                  00005d60    00000020     F2837xS_GlobalVariableDefs.obj (Cmpss8RegsFile)

Sdfm1RegsFile 
*          1    00005e00    00000080     UNINITIALIZED
                  00005e00    00000080     F2837xS_GlobalVariableDefs.obj (Sdfm1RegsFile)

Sdfm2RegsFile 
*          1    00005e80    00000080     UNINITIALIZED
                  00005e80    00000080     F2837xS_GlobalVariableDefs.obj (Sdfm2RegsFile)

McbspaRegsFile 
*          1    00006000    00000024     UNINITIALIZED
                  00006000    00000024     F2837xS_GlobalVariableDefs.obj (McbspaRegsFile)

McbspbRegsFile 
*          1    00006040    00000024     UNINITIALIZED
                  00006040    00000024     F2837xS_GlobalVariableDefs.obj (McbspbRegsFile)

SpiaRegsFile 
*          1    00006100    00000010     UNINITIALIZED
                  00006100    00000010     F2837xS_GlobalVariableDefs.obj (SpiaRegsFile)

SpibRegsFile 
*          1    00006110    00000010     UNINITIALIZED
                  00006110    00000010     F2837xS_GlobalVariableDefs.obj (SpibRegsFile)

SpicRegsFile 
*          1    00006120    00000010     UNINITIALIZED
                  00006120    00000010     F2837xS_GlobalVariableDefs.obj (SpicRegsFile)

UppRegsFile 
*          1    00006200    00000048     UNINITIALIZED
                  00006200    00000048     F2837xS_GlobalVariableDefs.obj (UppRegsFile)

WdRegsFile 
*          1    00007000    0000002b     UNINITIALIZED
                  00007000    0000002b     F2837xS_GlobalVariableDefs.obj (WdRegsFile)

NmiIntruptRegsFile 
*          1    00007060    00000007     UNINITIALIZED
                  00007060    00000007     F2837xS_GlobalVariableDefs.obj (NmiIntruptRegsFile)

XintRegsFile 
*          1    00007070    0000000b     UNINITIALIZED
                  00007070    0000000b     F2837xS_GlobalVariableDefs.obj (XintRegsFile)

SciaRegsFile 
*          1    00007200    00000010     UNINITIALIZED
                  00007200    00000010     F2837xS_GlobalVariableDefs.obj (SciaRegsFile)

ScibRegsFile 
*          1    00007210    00000010     UNINITIALIZED
                  00007210    00000010     F2837xS_GlobalVariableDefs.obj (ScibRegsFile)

ScicRegsFile 
*          1    00007220    00000010     UNINITIALIZED
                  00007220    00000010     F2837xS_GlobalVariableDefs.obj (ScicRegsFile)

ScidRegsFile 
*          1    00007230    00000010     UNINITIALIZED
                  00007230    00000010     F2837xS_GlobalVariableDefs.obj (ScidRegsFile)

I2caRegsFile 
*          1    00007300    00000022     UNINITIALIZED
                  00007300    00000022     F2837xS_GlobalVariableDefs.obj (I2caRegsFile)

I2cbRegsFile 
*          1    00007340    00000022     UNINITIALIZED
                  00007340    00000022     F2837xS_GlobalVariableDefs.obj (I2cbRegsFile)

AdcaRegsFile 
*          1    00007400    00000080     UNINITIALIZED
                  00007400    00000080     F2837xS_GlobalVariableDefs.obj (AdcaRegsFile)

AdcbRegsFile 
*          1    00007480    00000080     UNINITIALIZED
                  00007480    00000080     F2837xS_GlobalVariableDefs.obj (AdcbRegsFile)

AdccRegsFile 
*          1    00007500    00000080     UNINITIALIZED
                  00007500    00000080     F2837xS_GlobalVariableDefs.obj (AdccRegsFile)

AdcdRegsFile 
*          1    00007580    00000080     UNINITIALIZED
                  00007580    00000080     F2837xS_GlobalVariableDefs.obj (AdcdRegsFile)

AnalogSubsysRegsFile 
*          1    0005d180    00000048     UNINITIALIZED
                  0005d180    00000048     F2837xS_GlobalVariableDefs.obj (AnalogSubsysRegsFile)

Cla1SoftIntRegsFile 
*          1    00000ce0    00000004     DSECT
                  00000ce0    00000004     F2837xS_GlobalVariableDefs.obj (Cla1SoftIntRegsFile)

InputXbarRegsFile 
*          1    00007900    00000020     UNINITIALIZED
                  00007900    00000020     F2837xS_GlobalVariableDefs.obj (InputXbarRegsFile)

XbarRegsFile 
*          1    00007920    00000020     UNINITIALIZED
                  00007920    00000020     F2837xS_GlobalVariableDefs.obj (XbarRegsFile)

SyncSocRegsFile 
*          1    00007940    00000006     UNINITIALIZED
                  00007940    00000006     F2837xS_GlobalVariableDefs.obj (SyncSocRegsFile)

DmaClaSrcSelRegsFile 
*          1    00007980    0000001a     UNINITIALIZED
                  00007980    0000001a     F2837xS_GlobalVariableDefs.obj (DmaClaSrcSelRegsFile)

EPwmXbarRegsFile 
*          1    00007a00    00000040     UNINITIALIZED
                  00007a00    00000040     F2837xS_GlobalVariableDefs.obj (EPwmXbarRegsFile)

OutputXbarRegsFile 
*          1    00007a80    00000040     UNINITIALIZED
                  00007a80    00000040     F2837xS_GlobalVariableDefs.obj (OutputXbarRegsFile)

GpioCtrlRegsFile 
*          1    00007c00    00000180     UNINITIALIZED
                  00007c00    00000180     F2837xS_GlobalVariableDefs.obj (GpioCtrlRegsFile)

GpioDataRegsFile 
*          1    00007f00    00000030     UNINITIALIZED
                  00007f00    00000030     F2837xS_GlobalVariableDefs.obj (GpioDataRegsFile)

.ebss      1    0000a800    00000148     UNINITIALIZED
                  0000a800    00000140     flash_programming_cpu01.obj (.ebss)
                  0000a940    00000004     rts2800_fpu32.lib : exit.obj (.ebss)
                  0000a944    00000002                       : _lock.obj (.ebss:__lock)
                  0000a946    00000002                       : _lock.obj (.ebss:__unlock)

Emif1RegsFile 
*          1    00047000    00000070     UNINITIALIZED
                  00047000    00000070     F2837xS_GlobalVariableDefs.obj (Emif1RegsFile)

Emif2RegsFile 
*          1    00047800    00000070     UNINITIALIZED
                  00047800    00000070     F2837xS_GlobalVariableDefs.obj (Emif2RegsFile)

FlashPumpSemaphoreRegsFile 
*          1    00050024    00000002     UNINITIALIZED
                  00050024    00000002     F2837xS_GlobalVariableDefs.obj (FlashPumpSemaphoreRegsFile)

DevCfgRegsFile 
*          1    0005d000    0000012e     UNINITIALIZED
                  0005d000    0000012e     F2837xS_GlobalVariableDefs.obj (DevCfgRegsFile)

ClkCfgRegsFile 
*          1    0005d200    00000032     UNINITIALIZED
                  0005d200    00000032     F2837xS_GlobalVariableDefs.obj (ClkCfgRegsFile)

CpuSysRegsFile 
*          1    0005d300    00000082     UNINITIALIZED
                  0005d300    00000082     F2837xS_GlobalVariableDefs.obj (CpuSysRegsFile)

RomPrefetchRegsFile 
*          1    0005e608    00000002     UNINITIALIZED
                  0005e608    00000002     F2837xS_GlobalVariableDefs.obj (RomPrefetchRegsFile)

DcsmZ1RegsFile 
*          1    0005f000    00000024     UNINITIALIZED
                  0005f000    00000024     F2837xS_GlobalVariableDefs.obj (DcsmZ1RegsFile)

DcsmZ2RegsFile 
*          1    0005f040    00000024     UNINITIALIZED
                  0005f040    00000024     F2837xS_GlobalVariableDefs.obj (DcsmZ2RegsFile)

DcsmCommonRegsFile 
*          1    0005f070    00000008     UNINITIALIZED
                  0005f070    00000008     F2837xS_GlobalVariableDefs.obj (DcsmCommonRegsFile)

MemCfgRegsFile 
*          1    0005f400    00000080     UNINITIALIZED
                  0005f400    00000080     F2837xS_GlobalVariableDefs.obj (MemCfgRegsFile)

Emif1ConfigRegsFile 
*          1    0005f480    00000020     UNINITIALIZED
                  0005f480    00000020     F2837xS_GlobalVariableDefs.obj (Emif1ConfigRegsFile)

Emif2ConfigRegsFile 
*          1    0005f4a0    00000020     UNINITIALIZED
                  0005f4a0    00000020     F2837xS_GlobalVariableDefs.obj (Emif2ConfigRegsFile)

AccessProtectionRegsFile 
*          1    0005f4c0    00000040     UNINITIALIZED
                  0005f4c0    00000040     F2837xS_GlobalVariableDefs.obj (AccessProtectionRegsFile)

MemoryErrorRegsFile 
*          1    0005f500    00000040     UNINITIALIZED
                  0005f500    00000040     F2837xS_GlobalVariableDefs.obj (MemoryErrorRegsFile)

RomWaitStateRegsFile 
*          1    0005f540    00000002     UNINITIALIZED
                  0005f540    00000002     F2837xS_GlobalVariableDefs.obj (RomWaitStateRegsFile)

Flash0CtrlRegsFile 
*          1    0005f800    00000182     UNINITIALIZED
                  0005f800    00000182     F2837xS_GlobalVariableDefs.obj (Flash0CtrlRegsFile)

Flash0EccRegsFile 
*          1    0005fb00    00000028     UNINITIALIZED
                  0005fb00    00000028     F2837xS_GlobalVariableDefs.obj (Flash0EccRegsFile)

Flash1CtrlRegsFile 
*          1    0005fc00    00000182     UNINITIALIZED
                  0005fc00    00000182     F2837xS_GlobalVariableDefs.obj (Flash1CtrlRegsFile)

Flash1EccRegsFile 
*          1    0005ff00    00000028     UNINITIALIZED
                  0005ff00    00000028     F2837xS_GlobalVariableDefs.obj (Flash1EccRegsFile)

DcsmZ1OtpFile 
*          1    00078000    00000020     NOLOAD SECTION
                  00078000    00000020     F2837xS_GlobalVariableDefs.obj (DcsmZ1OtpFile)

DcsmZ2OtpFile 
*          1    00078200    00000020     NOLOAD SECTION
                  00078200    00000020     F2837xS_GlobalVariableDefs.obj (DcsmZ2OtpFile)


GLOBAL DATA SYMBOLS: SORTED BY DATA PAGE

address     data page           name
--------    ----------------    ----
00000400      10 (00000400)     __stack

00000b00      2c (00000b00)     _AdcaResultRegs
00000b20      2c (00000b00)     _AdcbResultRegs

00000b40      2d (00000b40)     _AdccResultRegs
00000b60      2d (00000b40)     _AdcdResultRegs

00000c00      30 (00000c00)     _CpuTimer0Regs
00000c08      30 (00000c00)     _CpuTimer1Regs
00000c10      30 (00000c00)     _CpuTimer2Regs

00000ce0      33 (00000cc0)     _Cla1SoftIntRegs
00000ce0      33 (00000cc0)     _PieCtrlRegs

00000d00      34 (00000d00)     _EmuKey
00000d00      34 (00000d00)     _PieVectTable
00000d01      34 (00000d00)     _EmuBMode

00001000      40 (00001000)     _DmaRegs

00001400      50 (00001400)     _Cla1Regs

00004000     100 (00004000)     _EPwm1Regs

00004100     104 (00004100)     _EPwm2Regs

00004200     108 (00004200)     _EPwm3Regs

00004300     10c (00004300)     _EPwm4Regs

00004400     110 (00004400)     _EPwm5Regs

00004500     114 (00004500)     _EPwm6Regs

00004600     118 (00004600)     _EPwm7Regs

00004700     11c (00004700)     _EPwm8Regs

00004800     120 (00004800)     _EPwm9Regs

00004900     124 (00004900)     _EPwm10Regs

00004a00     128 (00004a00)     _EPwm11Regs

00004b00     12c (00004b00)     _EPwm12Regs

00005000     140 (00005000)     _ECap1Regs
00005020     140 (00005000)     _ECap2Regs

00005040     141 (00005040)     _ECap3Regs
00005060     141 (00005040)     _ECap4Regs

00005080     142 (00005080)     _ECap5Regs
000050a0     142 (00005080)     _ECap6Regs

00005100     144 (00005100)     _EQep1Regs

00005140     145 (00005140)     _EQep2Regs

00005180     146 (00005180)     _EQep3Regs

00005c00     170 (00005c00)     _DacaRegs
00005c10     170 (00005c00)     _DacbRegs
00005c20     170 (00005c00)     _DaccRegs

00005c80     172 (00005c80)     _Cmpss1Regs
00005ca0     172 (00005c80)     _Cmpss2Regs

00005cc0     173 (00005cc0)     _Cmpss3Regs
00005ce0     173 (00005cc0)     _Cmpss4Regs

00005d00     174 (00005d00)     _Cmpss5Regs
00005d20     174 (00005d00)     _Cmpss6Regs

00005d40     175 (00005d40)     _Cmpss7Regs
00005d60     175 (00005d40)     _Cmpss8Regs

00005e00     178 (00005e00)     _Sdfm1Regs

00005e80     17a (00005e80)     _Sdfm2Regs

00006000     180 (00006000)     _McbspaRegs

00006040     181 (00006040)     _McbspbRegs

00006100     184 (00006100)     _SpiaRegs
00006110     184 (00006100)     _SpibRegs
00006120     184 (00006100)     _SpicRegs

00006200     188 (00006200)     _UppRegs

00007000     1c0 (00007000)     _WdRegs

00007060     1c1 (00007040)     _NmiIntruptRegs
00007070     1c1 (00007040)     _XintRegs

00007200     1c8 (00007200)     _SciaRegs
00007210     1c8 (00007200)     _ScibRegs
00007220     1c8 (00007200)     _ScicRegs
00007230     1c8 (00007200)     _ScidRegs

00007300     1cc (00007300)     _I2caRegs

00007340     1cd (00007340)     _I2cbRegs

00007400     1d0 (00007400)     _AdcaRegs

00007480     1d2 (00007480)     _AdcbRegs

00007500     1d4 (00007500)     _AdccRegs

00007580     1d6 (00007580)     _AdcdRegs

00007900     1e4 (00007900)     _InputXbarRegs
00007920     1e4 (00007900)     _XbarRegs

00007940     1e5 (00007940)     _SyncSocRegs

00007980     1e6 (00007980)     _DmaClaSrcSelRegs

00007a00     1e8 (00007a00)     _EPwmXbarRegs

00007a80     1ea (00007a80)     _OutputXbarRegs

00007c00     1f0 (00007c00)     _GpioCtrlRegs

00007f00     1fc (00007f00)     _GpioDataRegs

00008276     209 (00008240)     _Fapi_issueProgrammingCommand

00008414     210 (00008400)     __Fapi_loopRegionForValue

00008496     212 (00008480)     _Fapi_initializeAPI

000084f5     213 (000084c0)     _Fapi_setupEepromSectorEnable

0000854a     215 (00008540)     _Fapi_doBlankCheck

00008587     216 (00008580)     _Fapi_isAddressEcc
000085bd     216 (00008580)     __Fapi_checkRegionForValue

000085ef     217 (000085c0)     __Fapi_issueFsmCommand

0000861e     218 (00008600)     _Fapi_calculateFletcherChecksum

0000864a     219 (00008640)     __Fapi_divideUnsignedLong
00008674     219 (00008640)     __Fapi_setupSectorsForWrite

0000869d     21a (00008680)     _Fapi_flushPipeline

000086c3     21b (000086c0)     _Fapi_setActiveFlashBank
000086e9     21b (000086c0)     _Fapi_setupBankSectorEnable

0000870e     21c (00008700)     _Fapi_issueAsyncCommandWithAddress
00008732     21c (00008700)     _Fapi_doVerify

0000874c     21d (00008740)     _Fapi_waitDelay
00008766     21d (00008740)     __Fapi_scaleCycleValues
00008775     21d (00008740)     _Fapi_checkFsmForReady

00008780     21e (00008780)     _Fapi_GlobalInit
0000878c     21e (00008780)     __Fapi_calculateOtpChecksum
00008797     21e (00008780)     _Fapi_getFsmStatus
0000879e     21e (00008780)     _Example_CallFlashAPI

000088df     223 (000088c0)     _Example_Error
000088e5     223 (000088c0)     _Example_Done
000088e8     223 (000088c0)     _InitFlash_Bank0

00008911     224 (00008900)     _InitFlash_Bank1
0000893a     224 (00008900)     _FlashOff_Bank0

00008948     225 (00008940)     _FlashOff_Bank1
00008956     225 (00008940)     _F28x_usDelay

0000a800     2a0 (0000a800)     _Buffer32

0000a840     2a1 (0000a840)     _Buffer

0000a940     2a5 (0000a940)     ___TI_cleanup_ptr
0000a942     2a5 (0000a940)     ___TI_dtors_ptr
0000a944     2a5 (0000a940)     __lock
0000a946     2a5 (0000a940)     __unlock

00047000    11c0 (00047000)     _Emif1Regs

00047800    11e0 (00047800)     _Emif2Regs

00050024    1400 (00050000)     _FlashPumpSemaphoreRegs

0005d000    1740 (0005d000)     _DevCfgRegs

0005d180    1746 (0005d180)     _AnalogSubsysRegs

0005d200    1748 (0005d200)     _ClkCfgRegs

0005d300    174c (0005d300)     _CpuSysRegs

0005e608    1798 (0005e600)     _RomPrefetchRegs

0005f000    17c0 (0005f000)     _DcsmZ1Regs

0005f040    17c1 (0005f040)     _DcsmZ2Regs
0005f070    17c1 (0005f040)     _DcsmCommonRegs

0005f400    17d0 (0005f400)     _MemCfgRegs

0005f480    17d2 (0005f480)     _Emif1ConfigRegs
0005f4a0    17d2 (0005f480)     _Emif2ConfigRegs

0005f4c0    17d3 (0005f4c0)     _AccessProtectionRegs

0005f500    17d4 (0005f500)     _MemoryErrorRegs

0005f540    17d5 (0005f540)     _RomWaitStateRegs

0005f800    17e0 (0005f800)     _Flash0CtrlRegs

0005fb00    17ec (0005fb00)     _Flash0EccRegs

0005fc00    17f0 (0005fc00)     _Flash1CtrlRegs

0005ff00    17fc (0005ff00)     _Flash1EccRegs

00078000    1e00 (00078000)     _DcsmZ1Otp

00078200    1e08 (00078200)     _DcsmZ2Otp

00090000    2400 (00090000)     _PieVectTableInit


GLOBAL SYMBOLS: SORTED ALPHABETICALLY BY Name 

page  address   name                                  
----  -------   ----                                  
abs   ffffffff  .text                                 
0     000874e8  C$$EXIT                               
0     00086a33  _ADCA1_ISR                            
0     00086cb3  _ADCA2_ISR                            
0     00086cbd  _ADCA3_ISR                            
0     00086cc7  _ADCA4_ISR                            
0     00086ca9  _ADCA_EVT_ISR                         
0     00086a3d  _ADCB1_ISR                            
0     00086cdb  _ADCB2_ISR                            
0     00086ce5  _ADCB3_ISR                            
0     00086cef  _ADCB4_ISR                            
0     00086cd1  _ADCB_EVT_ISR                         
0     00086a47  _ADCC1_ISR                            
0     00086e43  _ADCC2_ISR                            
0     00086e4d  _ADCC3_ISR                            
0     00086e57  _ADCC4_ISR                            
0     00086e39  _ADCC_EVT_ISR                         
0     00086a65  _ADCD1_ISR                            
0     00086e6b  _ADCD2_ISR                            
0     00086e75  _ADCD3_ISR                            
0     00086e7f  _ADCD4_ISR                            
0     00086e61  _ADCD_EVT_ISR                         
0     00086ebb  _AUX_PLL_SLIP_ISR                     
1     0005f4c0  _AccessProtectionRegs                 
1     00007400  _AdcaRegs                             
1     00000b00  _AdcaResultRegs                       
1     00007480  _AdcbRegs                             
1     00000b20  _AdcbResultRegs                       
1     00007500  _AdccRegs                             
1     00000b40  _AdccResultRegs                       
1     00007580  _AdcdRegs                             
1     00000b60  _AdcdResultRegs                       
1     0005d180  _AnalogSubsysRegs                     
0     0008718e  _AuxAuxClkSel                         
0     00087178  _AuxIntOsc2Sel                        
0     00087182  _AuxXtalOscSel                        
1     0000a840  _Buffer                               
1     0000a800  _Buffer32                             
0     00086c81  _CANA0_ISR                            
0     00086c8b  _CANA1_ISR                            
0     00086c95  _CANB0_ISR                            
0     00086c9f  _CANB1_ISR                            
0     00086cf9  _CLA1_1_ISR                           
0     00086d03  _CLA1_2_ISR                           
0     00086d0d  _CLA1_3_ISR                           
0     00086d17  _CLA1_4_ISR                           
0     00086d21  _CLA1_5_ISR                           
0     00086d2b  _CLA1_6_ISR                           
0     00086d35  _CLA1_7_ISR                           
0     00086d3f  _CLA1_8_ISR                           
0     00086ec5  _CLA_OVERFLOW_ISR                     
0     00086ecf  _CLA_UNDERFLOW_ISR                    
1     00001400  _Cla1Regs                             
0     00000ce0  _Cla1SoftIntRegs                      
1     0005d200  _ClkCfgRegs                           
1     00005c80  _Cmpss1Regs                           
1     00005ca0  _Cmpss2Regs                           
1     00005cc0  _Cmpss3Regs                           
1     00005ce0  _Cmpss4Regs                           
1     00005d00  _Cmpss5Regs                           
1     00005d20  _Cmpss6Regs                           
1     00005d40  _Cmpss7Regs                           
1     00005d60  _Cmpss8Regs                           
1     0005d300  _CpuSysRegs                           
1     00000c00  _CpuTimer0Regs                        
1     00000c08  _CpuTimer1Regs                        
1     00000c10  _CpuTimer2Regs                        
0     00087137  _CsmUnlock                            
0     00086989  _DATALOG_ISR                          
0     00086bcd  _DMA_CH1_ISR                          
0     00086bd7  _DMA_CH2_ISR                          
0     00086be1  _DMA_CH3_ISR                          
0     00086beb  _DMA_CH4_ISR                          
0     00086bf5  _DMA_CH5_ISR                          
0     00086bff  _DMA_CH6_ISR                          
1     00005c00  _DacaRegs                             
1     00005c10  _DacbRegs                             
1     00005c20  _DaccRegs                             
1     0005f070  _DcsmCommonRegs                       
1     00078000  _DcsmZ1Otp                            
1     0005f000  _DcsmZ1Regs                           
1     00078200  _DcsmZ2Otp                            
1     0005f040  _DcsmZ2Regs                           
1     0005d000  _DevCfgRegs                           
0     00087009  _DisableDog                           
0     00086fbb  _DisablePeripheralClocks              
1     00007980  _DmaClaSrcSelRegs                     
1     00001000  _DmaRegs                              
0     00086b23  _ECAP1_ISR                            
0     00086b2d  _ECAP2_ISR                            
0     00086b37  _ECAP3_ISR                            
0     00086b41  _ECAP4_ISR                            
0     00086b4b  _ECAP5_ISR                            
0     00086b55  _ECAP6_ISR                            
1     00005000  _ECap1Regs                            
1     00005020  _ECap2Regs                            
1     00005040  _ECap3Regs                            
1     00005060  _ECap4Regs                            
1     00005080  _ECap5Regs                            
1     000050a0  _ECap6Regs                            
0     00086e89  _EMIF_ERROR_ISR                       
0     00086ee3  _EMPTY_ISR                            
0     0008699d  _EMU_ISR                              
0     00086ddf  _EPWM10_ISR                           
0     00086db7  _EPWM10_TZ_ISR                        
0     00086de9  _EPWM11_ISR                           
0     00086dc1  _EPWM11_TZ_ISR                        
0     00086df3  _EPWM12_ISR                           
0     00086dcb  _EPWM12_TZ_ISR                        
0     00086ad3  _EPWM1_ISR                            
0     00086a83  _EPWM1_TZ_ISR                         
0     00086add  _EPWM2_ISR                            
0     00086a8d  _EPWM2_TZ_ISR                         
0     00086ae7  _EPWM3_ISR                            
0     00086a97  _EPWM3_TZ_ISR                         
0     00086af1  _EPWM4_ISR                            
0     00086aa1  _EPWM4_TZ_ISR                         
0     00086afb  _EPWM5_ISR                            
0     00086aab  _EPWM5_TZ_ISR                         
0     00086b05  _EPWM6_ISR                            
0     00086ab5  _EPWM6_TZ_ISR                         
0     00086b0f  _EPWM7_ISR                            
0     00086abf  _EPWM7_TZ_ISR                         
0     00086b19  _EPWM8_ISR                            
0     00086ac9  _EPWM8_TZ_ISR                         
0     00086dd5  _EPWM9_ISR                            
0     00086dad  _EPWM9_TZ_ISR                         
1     00004900  _EPwm10Regs                           
1     00004a00  _EPwm11Regs                           
1     00004b00  _EPwm12Regs                           
1     00004000  _EPwm1Regs                            
1     00004100  _EPwm2Regs                            
1     00004200  _EPwm3Regs                            
1     00004300  _EPwm4Regs                            
1     00004400  _EPwm5Regs                            
1     00004500  _EPwm6Regs                            
1     00004600  _EPwm7Regs                            
1     00004700  _EPwm8Regs                            
1     00004800  _EPwm9Regs                            
1     00007a00  _EPwmXbarRegs                         
0     00086b5f  _EQEP1_ISR                            
0     00086b69  _EQEP2_ISR                            
0     00086b73  _EQEP3_ISR                            
1     00005100  _EQep1Regs                            
1     00005140  _EQep2Regs                            
1     00005180  _EQep3Regs                            
1     0005f480  _Emif1ConfigRegs                      
1     00047000  _Emif1Regs                            
1     0005f4a0  _Emif2ConfigRegs                      
1     00047800  _Emif2Regs                            
1     00000d01  _EmuBMode                             
1     00000d00  _EmuKey                               
0     00087480  _EnableInterrupts                     
0     0000879e  _Example_CallFlashAPI                 
0     000088e5  _Example_Done                         
0     000088df  _Example_Error                        
0     00008956  _F28x_usDelay                         
0     00086e9d  _FLASH_CORRECTABLE_ERROR_ISR          
0     00086d71  _FPU_OVERFLOW_ISR                     
0     00086d7b  _FPU_UNDERFLOW_ISR                    
0     00008780  _Fapi_GlobalInit                      
0     0000861e  _Fapi_calculateFletcherChecksum       
0     00008775  _Fapi_checkFsmForReady                
0     0000854a  _Fapi_doBlankCheck                    
0     00008732  _Fapi_doVerify                        
0     0000869d  _Fapi_flushPipeline                   
0     00008797  _Fapi_getFsmStatus                    
0     00008496  _Fapi_initializeAPI                   
0     00008587  _Fapi_isAddressEcc                    
0     0000870e  _Fapi_issueAsyncCommandWithAddress    
0     00008276  _Fapi_issueProgrammingCommand         
0     00087525  _Fapi_serviceWatchdogTimer            
0     000086c3  _Fapi_setActiveFlashBank              
0     000086e9  _Fapi_setupBankSectorEnable           
0     000084f5  _Fapi_setupEepromSectorEnable         
0     0000874c  _Fapi_waitDelay                       
1     0005f800  _Flash0CtrlRegs                       
1     0005fb00  _Flash0EccRegs                        
1     0005fc00  _Flash1CtrlRegs                       
1     0005ff00  _Flash1EccRegs                        
0     0000893a  _FlashOff_Bank0                       
0     00008948  _FlashOff_Bank1                       
1     00050024  _FlashPumpSemaphoreRegs               
0     000873d0  _GPIO_EnableUnbondedIOPullups         
0     000873ab  _GPIO_EnableUnbondedIOPullupsFor100Pin
0     00087392  _GPIO_EnableUnbondedIOPullupsFor176Pin
0     000873e6  _GPIO_ReadPin                         
0     00087337  _GPIO_SetupLock                       
0     00087215  _GPIO_SetupPinMux                     
0     000872a3  _GPIO_SetupPinOptions                 
0     00087360  _GPIO_SetupXINT1Gpio                  
0     0008736a  _GPIO_SetupXINT2Gpio                  
0     00087374  _GPIO_SetupXINT3Gpio                  
0     0008737e  _GPIO_SetupXINT4Gpio                  
0     00087388  _GPIO_SetupXINT5Gpio                  
0     000873fd  _GPIO_WritePin                        
1     00007c00  _GpioCtrlRegs                         
1     00007f00  _GpioDataRegs                         
0     000871ac  _HALT                                 
0     000871bd  _HIB                                  
0     00086c13  _I2CA_FIFO_ISR                        
0     00086c09  _I2CA_ISR                             
0     00086c27  _I2CB_FIFO_ISR                        
0     00086c1d  _I2CB_ISR                             
1     00007300  _I2caRegs                             
1     00007340  _I2cbRegs                             
0     00087198  _IDLE                                 
0     000869b1  _ILLEGAL_ISR                          
0     00086d85  _IPC0_ISR                             
0     00086d8f  _IPC1_ISR                             
0     00086d99  _IPC2_ISR                             
0     00086da3  _IPC3_ISR                             
0     000870a0  _InitAuxPll                           
0     000088e8  _InitFlash_Bank0                      
0     00008911  _InitFlash_Bank1                      
0     000871d1  _InitGpio                             
0     00086f37  _InitPeripheralClocks                 
0     00087461  _InitPieCtrl                          
0     00087489  _InitPieVectTable                     
0     00086efa  _InitSysCtrl                          
0     00087017  _InitSysPll                           
1     00007900  _InputXbarRegs                        
0     00086ba5  _MCBSPA_RX_ISR                        
0     00086baf  _MCBSPA_TX_ISR                        
0     00086bb9  _MCBSPB_RX_ISR                        
0     00086bc3  _MCBSPB_TX_ISR                        
1     00006000  _McbspaRegs                           
1     00006040  _McbspbRegs                           
1     0005f400  _MemCfgRegs                           
1     0005f500  _MemoryErrorRegs                      
0     000869a7  _NMI_ISR                              
0     00086ef0  _NOTUSED_ISR                          
1     00007060  _NmiIntruptRegs                       
1     00007a80  _OutputXbarRegs                       
0     00086ed9  _PIE_RESERVED_ISR                     
1     00000ce0  _PieCtrlRegs                          
1     00000d00  _PieVectTable                         
0     00090000  _PieVectTableInit                     
0     00086ea7  _RAM_ACCESS_VIOLATION_ISR             
0     00086e93  _RAM_CORRECTABLE_ERROR_ISR            
0     00086993  _RTOS_ISR                             
abs   0008695a  _RamfuncsLoadEnd                      
abs   0000095a  _RamfuncsLoadSize                     
abs   00086000  _RamfuncsLoadStart                    
abs   0000895a  _RamfuncsRunEnd                       
abs   0000095a  _RamfuncsRunSize                      
abs   00008000  _RamfuncsRunStart                     
0     00086ff1  _ReleaseFlashPump                     
1     0005e608  _RomPrefetchRegs                      
1     0005f540  _RomWaitStateRegs                     
0     00086c59  _SCIA_RX_ISR                          
0     00086c63  _SCIA_TX_ISR                          
0     00086c6d  _SCIB_RX_ISR                          
0     00086c77  _SCIB_TX_ISR                          
0     00086c31  _SCIC_RX_ISR                          
0     00086c3b  _SCIC_TX_ISR                          
0     00086c45  _SCID_RX_ISR                          
0     00086c4f  _SCID_TX_ISR                          
0     00086dfd  _SD1_ISR                              
0     00086e07  _SD2_ISR                              
0     00086b7d  _SPIA_RX_ISR                          
0     00086b87  _SPIA_TX_ISR                          
0     00086b91  _SPIB_RX_ISR                          
0     00086b9b  _SPIB_TX_ISR                          
0     00086e11  _SPIC_RX_ISR                          
0     00086e1b  _SPIC_TX_ISR                          
0     000871a1  _STANDBY                              
0     00086eb1  _SYS_PLL_SLIP_ISR                     
1     00007200  _SciaRegs                             
1     00007210  _ScibRegs                             
1     00007220  _ScicRegs                             
1     00007230  _ScidRegs                             
1     00005e00  _Sdfm1Regs                            
1     00005e80  _Sdfm2Regs                            
0     00086fd3  _SeizeFlashPump_Bank0                 
0     00086fe2  _SeizeFlashPump_Bank1                 
0     00086ffb  _ServiceDog                           
1     00006100  _SpiaRegs                             
1     00006110  _SpibRegs                             
1     00006120  _SpicRegs                             
1     00007940  _SyncSocRegs                          
0     00087158  _SysIntOsc1Sel                        
0     00087162  _SysIntOsc2Sel                        
0     0008716c  _SysXtalOscSel                        
0     00086a6f  _TIMER0_ISR                           
0     00086975  _TIMER1_ISR                           
0     0008697f  _TIMER2_ISR                           
0     00086e25  _UPPA_ISR                             
0     00086e2f  _USBA_ISR                             
0     00086a15  _USER10_ISR                           
0     00086a1f  _USER11_ISR                           
0     00086a29  _USER12_ISR                           
0     000869bb  _USER1_ISR                            
0     000869c5  _USER2_ISR                            
0     000869cf  _USER3_ISR                            
0     000869d9  _USER4_ISR                            
0     000869e3  _USER5_ISR                            
0     000869ed  _USER6_ISR                            
0     000869f7  _USER7_ISR                            
0     00086a01  _USER8_ISR                            
0     00086a0b  _USER9_ISR                            
1     00006200  _UppRegs                              
0     00086d67  _VCU_ISR                              
0     00086a79  _WAKE_ISR                             
1     00007000  _WdRegs                               
0     00086a51  _XINT1_ISR                            
0     00086a5b  _XINT2_ISR                            
0     00086d49  _XINT3_ISR                            
0     00086d53  _XINT4_ISR                            
0     00086d5d  _XINT5_ISR                            
1     00007920  _XbarRegs                             
1     00007070  _XintRegs                             
0     0000878c  __Fapi_calculateOtpChecksum           
0     000085bd  __Fapi_checkRegionForValue            
0     0000864a  __Fapi_divideUnsignedLong             
0     000085ef  __Fapi_issueFsmCommand                
0     00008414  __Fapi_loopRegionForValue             
0     00008766  __Fapi_scaleCycleValues               
0     00008674  __Fapi_setupSectorsForWrite           
1     00000500  __STACK_END                           
abs   00000100  __STACK_SIZE                          
1     0000a940  ___TI_cleanup_ptr                     
1     0000a942  ___TI_dtors_ptr                       
abs   ffffffff  ___binit__                            
abs   ffffffff  ___c_args__                           
0     0008695a  ___cinit__                            
abs   ffffffff  ___etext__                            
abs   ffffffff  ___pinit__                            
abs   ffffffff  ___text__                             
0     000874cf  __args_main                           
1     0000a944  __lock                                
0     0008751c  __nop                                 
0     00087518  __register_lock                       
0     00087514  __register_unlock                     
1     00000400  __stack                               
1     0000a946  __unlock                              
0     000874e8  _abort                                
0     0008741b  _c_int00                              
0     000874ea  _exit                                 
0     00087501  _main                                 
0     000874b1  _memcpy                               
abs   ffffffff  binit                                 
0     0008695a  cinit                                 
0     00080000  code_start                            
abs   ffffffff  etext                                 
abs   ffffffff  pinit                                 


GLOBAL SYMBOLS: SORTED BY Symbol Address 

page  address   name                                  
----  -------   ----                                  
0     00000ce0  _Cla1SoftIntRegs                      
0     00008276  _Fapi_issueProgrammingCommand         
0     00008414  __Fapi_loopRegionForValue             
0     00008496  _Fapi_initializeAPI                   
0     000084f5  _Fapi_setupEepromSectorEnable         
0     0000854a  _Fapi_doBlankCheck                    
0     00008587  _Fapi_isAddressEcc                    
0     000085bd  __Fapi_checkRegionForValue            
0     000085ef  __Fapi_issueFsmCommand                
0     0000861e  _Fapi_calculateFletcherChecksum       
0     0000864a  __Fapi_divideUnsignedLong             
0     00008674  __Fapi_setupSectorsForWrite           
0     0000869d  _Fapi_flushPipeline                   
0     000086c3  _Fapi_setActiveFlashBank              
0     000086e9  _Fapi_setupBankSectorEnable           
0     0000870e  _Fapi_issueAsyncCommandWithAddress    
0     00008732  _Fapi_doVerify                        
0     0000874c  _Fapi_waitDelay                       
0     00008766  __Fapi_scaleCycleValues               
0     00008775  _Fapi_checkFsmForReady                
0     00008780  _Fapi_GlobalInit                      
0     0000878c  __Fapi_calculateOtpChecksum           
0     00008797  _Fapi_getFsmStatus                    
0     0000879e  _Example_CallFlashAPI                 
0     000088df  _Example_Error                        
0     000088e5  _Example_Done                         
0     000088e8  _InitFlash_Bank0                      
0     00008911  _InitFlash_Bank1                      
0     0000893a  _FlashOff_Bank0                       
0     00008948  _FlashOff_Bank1                       
0     00008956  _F28x_usDelay                         
0     00080000  code_start                            
0     0008695a  ___cinit__                            
0     0008695a  cinit                                 
0     00086975  _TIMER1_ISR                           
0     0008697f  _TIMER2_ISR                           
0     00086989  _DATALOG_ISR                          
0     00086993  _RTOS_ISR                             
0     0008699d  _EMU_ISR                              
0     000869a7  _NMI_ISR                              
0     000869b1  _ILLEGAL_ISR                          
0     000869bb  _USER1_ISR                            
0     000869c5  _USER2_ISR                            
0     000869cf  _USER3_ISR                            
0     000869d9  _USER4_ISR                            
0     000869e3  _USER5_ISR                            
0     000869ed  _USER6_ISR                            
0     000869f7  _USER7_ISR                            
0     00086a01  _USER8_ISR                            
0     00086a0b  _USER9_ISR                            
0     00086a15  _USER10_ISR                           
0     00086a1f  _USER11_ISR                           
0     00086a29  _USER12_ISR                           
0     00086a33  _ADCA1_ISR                            
0     00086a3d  _ADCB1_ISR                            
0     00086a47  _ADCC1_ISR                            
0     00086a51  _XINT1_ISR                            
0     00086a5b  _XINT2_ISR                            
0     00086a65  _ADCD1_ISR                            
0     00086a6f  _TIMER0_ISR                           
0     00086a79  _WAKE_ISR                             
0     00086a83  _EPWM1_TZ_ISR                         
0     00086a8d  _EPWM2_TZ_ISR                         
0     00086a97  _EPWM3_TZ_ISR                         
0     00086aa1  _EPWM4_TZ_ISR                         
0     00086aab  _EPWM5_TZ_ISR                         
0     00086ab5  _EPWM6_TZ_ISR                         
0     00086abf  _EPWM7_TZ_ISR                         
0     00086ac9  _EPWM8_TZ_ISR                         
0     00086ad3  _EPWM1_ISR                            
0     00086add  _EPWM2_ISR                            
0     00086ae7  _EPWM3_ISR                            
0     00086af1  _EPWM4_ISR                            
0     00086afb  _EPWM5_ISR                            
0     00086b05  _EPWM6_ISR                            
0     00086b0f  _EPWM7_ISR                            
0     00086b19  _EPWM8_ISR                            
0     00086b23  _ECAP1_ISR                            
0     00086b2d  _ECAP2_ISR                            
0     00086b37  _ECAP3_ISR                            
0     00086b41  _ECAP4_ISR                            
0     00086b4b  _ECAP5_ISR                            
0     00086b55  _ECAP6_ISR                            
0     00086b5f  _EQEP1_ISR                            
0     00086b69  _EQEP2_ISR                            
0     00086b73  _EQEP3_ISR                            
0     00086b7d  _SPIA_RX_ISR                          
0     00086b87  _SPIA_TX_ISR                          
0     00086b91  _SPIB_RX_ISR                          
0     00086b9b  _SPIB_TX_ISR                          
0     00086ba5  _MCBSPA_RX_ISR                        
0     00086baf  _MCBSPA_TX_ISR                        
0     00086bb9  _MCBSPB_RX_ISR                        
0     00086bc3  _MCBSPB_TX_ISR                        
0     00086bcd  _DMA_CH1_ISR                          
0     00086bd7  _DMA_CH2_ISR                          
0     00086be1  _DMA_CH3_ISR                          
0     00086beb  _DMA_CH4_ISR                          
0     00086bf5  _DMA_CH5_ISR                          
0     00086bff  _DMA_CH6_ISR                          
0     00086c09  _I2CA_ISR                             
0     00086c13  _I2CA_FIFO_ISR                        
0     00086c1d  _I2CB_ISR                             
0     00086c27  _I2CB_FIFO_ISR                        
0     00086c31  _SCIC_RX_ISR                          
0     00086c3b  _SCIC_TX_ISR                          
0     00086c45  _SCID_RX_ISR                          
0     00086c4f  _SCID_TX_ISR                          
0     00086c59  _SCIA_RX_ISR                          
0     00086c63  _SCIA_TX_ISR                          
0     00086c6d  _SCIB_RX_ISR                          
0     00086c77  _SCIB_TX_ISR                          
0     00086c81  _CANA0_ISR                            
0     00086c8b  _CANA1_ISR                            
0     00086c95  _CANB0_ISR                            
0     00086c9f  _CANB1_ISR                            
0     00086ca9  _ADCA_EVT_ISR                         
0     00086cb3  _ADCA2_ISR                            
0     00086cbd  _ADCA3_ISR                            
0     00086cc7  _ADCA4_ISR                            
0     00086cd1  _ADCB_EVT_ISR                         
0     00086cdb  _ADCB2_ISR                            
0     00086ce5  _ADCB3_ISR                            
0     00086cef  _ADCB4_ISR                            
0     00086cf9  _CLA1_1_ISR                           
0     00086d03  _CLA1_2_ISR                           
0     00086d0d  _CLA1_3_ISR                           
0     00086d17  _CLA1_4_ISR                           
0     00086d21  _CLA1_5_ISR                           
0     00086d2b  _CLA1_6_ISR                           
0     00086d35  _CLA1_7_ISR                           
0     00086d3f  _CLA1_8_ISR                           
0     00086d49  _XINT3_ISR                            
0     00086d53  _XINT4_ISR                            
0     00086d5d  _XINT5_ISR                            
0     00086d67  _VCU_ISR                              
0     00086d71  _FPU_OVERFLOW_ISR                     
0     00086d7b  _FPU_UNDERFLOW_ISR                    
0     00086d85  _IPC0_ISR                             
0     00086d8f  _IPC1_ISR                             
0     00086d99  _IPC2_ISR                             
0     00086da3  _IPC3_ISR                             
0     00086dad  _EPWM9_TZ_ISR                         
0     00086db7  _EPWM10_TZ_ISR                        
0     00086dc1  _EPWM11_TZ_ISR                        
0     00086dcb  _EPWM12_TZ_ISR                        
0     00086dd5  _EPWM9_ISR                            
0     00086ddf  _EPWM10_ISR                           
0     00086de9  _EPWM11_ISR                           
0     00086df3  _EPWM12_ISR                           
0     00086dfd  _SD1_ISR                              
0     00086e07  _SD2_ISR                              
0     00086e11  _SPIC_RX_ISR                          
0     00086e1b  _SPIC_TX_ISR                          
0     00086e25  _UPPA_ISR                             
0     00086e2f  _USBA_ISR                             
0     00086e39  _ADCC_EVT_ISR                         
0     00086e43  _ADCC2_ISR                            
0     00086e4d  _ADCC3_ISR                            
0     00086e57  _ADCC4_ISR                            
0     00086e61  _ADCD_EVT_ISR                         
0     00086e6b  _ADCD2_ISR                            
0     00086e75  _ADCD3_ISR                            
0     00086e7f  _ADCD4_ISR                            
0     00086e89  _EMIF_ERROR_ISR                       
0     00086e93  _RAM_CORRECTABLE_ERROR_ISR            
0     00086e9d  _FLASH_CORRECTABLE_ERROR_ISR          
0     00086ea7  _RAM_ACCESS_VIOLATION_ISR             
0     00086eb1  _SYS_PLL_SLIP_ISR                     
0     00086ebb  _AUX_PLL_SLIP_ISR                     
0     00086ec5  _CLA_OVERFLOW_ISR                     
0     00086ecf  _CLA_UNDERFLOW_ISR                    
0     00086ed9  _PIE_RESERVED_ISR                     
0     00086ee3  _EMPTY_ISR                            
0     00086ef0  _NOTUSED_ISR                          
0     00086efa  _InitSysCtrl                          
0     00086f37  _InitPeripheralClocks                 
0     00086fbb  _DisablePeripheralClocks              
0     00086fd3  _SeizeFlashPump_Bank0                 
0     00086fe2  _SeizeFlashPump_Bank1                 
0     00086ff1  _ReleaseFlashPump                     
0     00086ffb  _ServiceDog                           
0     00087009  _DisableDog                           
0     00087017  _InitSysPll                           
0     000870a0  _InitAuxPll                           
0     00087137  _CsmUnlock                            
0     00087158  _SysIntOsc1Sel                        
0     00087162  _SysIntOsc2Sel                        
0     0008716c  _SysXtalOscSel                        
0     00087178  _AuxIntOsc2Sel                        
0     00087182  _AuxXtalOscSel                        
0     0008718e  _AuxAuxClkSel                         
0     00087198  _IDLE                                 
0     000871a1  _STANDBY                              
0     000871ac  _HALT                                 
0     000871bd  _HIB                                  
0     000871d1  _InitGpio                             
0     00087215  _GPIO_SetupPinMux                     
0     000872a3  _GPIO_SetupPinOptions                 
0     00087337  _GPIO_SetupLock                       
0     00087360  _GPIO_SetupXINT1Gpio                  
0     0008736a  _GPIO_SetupXINT2Gpio                  
0     00087374  _GPIO_SetupXINT3Gpio                  
0     0008737e  _GPIO_SetupXINT4Gpio                  
0     00087388  _GPIO_SetupXINT5Gpio                  
0     00087392  _GPIO_EnableUnbondedIOPullupsFor176Pin
0     000873ab  _GPIO_EnableUnbondedIOPullupsFor100Pin
0     000873d0  _GPIO_EnableUnbondedIOPullups         
0     000873e6  _GPIO_ReadPin                         
0     000873fd  _GPIO_WritePin                        
0     0008741b  _c_int00                              
0     00087461  _InitPieCtrl                          
0     00087480  _EnableInterrupts                     
0     00087489  _InitPieVectTable                     
0     000874b1  _memcpy                               
0     000874cf  __args_main                           
0     000874e8  C$$EXIT                               
0     000874e8  _abort                                
0     000874ea  _exit                                 
0     00087501  _main                                 
0     00087514  __register_unlock                     
0     00087518  __register_lock                       
0     0008751c  __nop                                 
0     00087525  _Fapi_serviceWatchdogTimer            
0     00090000  _PieVectTableInit                     
1     00000400  __stack                               
1     00000500  __STACK_END                           
1     00000b00  _AdcaResultRegs                       
1     00000b20  _AdcbResultRegs                       
1     00000b40  _AdccResultRegs                       
1     00000b60  _AdcdResultRegs                       
1     00000c00  _CpuTimer0Regs                        
1     00000c08  _CpuTimer1Regs                        
1     00000c10  _CpuTimer2Regs                        
1     00000ce0  _PieCtrlRegs                          
1     00000d00  _EmuKey                               
1     00000d00  _PieVectTable                         
1     00000d01  _EmuBMode                             
1     00001000  _DmaRegs                              
1     00001400  _Cla1Regs                             
1     00004000  _EPwm1Regs                            
1     00004100  _EPwm2Regs                            
1     00004200  _EPwm3Regs                            
1     00004300  _EPwm4Regs                            
1     00004400  _EPwm5Regs                            
1     00004500  _EPwm6Regs                            
1     00004600  _EPwm7Regs                            
1     00004700  _EPwm8Regs                            
1     00004800  _EPwm9Regs                            
1     00004900  _EPwm10Regs                           
1     00004a00  _EPwm11Regs                           
1     00004b00  _EPwm12Regs                           
1     00005000  _ECap1Regs                            
1     00005020  _ECap2Regs                            
1     00005040  _ECap3Regs                            
1     00005060  _ECap4Regs                            
1     00005080  _ECap5Regs                            
1     000050a0  _ECap6Regs                            
1     00005100  _EQep1Regs                            
1     00005140  _EQep2Regs                            
1     00005180  _EQep3Regs                            
1     00005c00  _DacaRegs                             
1     00005c10  _DacbRegs                             
1     00005c20  _DaccRegs                             
1     00005c80  _Cmpss1Regs                           
1     00005ca0  _Cmpss2Regs                           
1     00005cc0  _Cmpss3Regs                           
1     00005ce0  _Cmpss4Regs                           
1     00005d00  _Cmpss5Regs                           
1     00005d20  _Cmpss6Regs                           
1     00005d40  _Cmpss7Regs                           
1     00005d60  _Cmpss8Regs                           
1     00005e00  _Sdfm1Regs                            
1     00005e80  _Sdfm2Regs                            
1     00006000  _McbspaRegs                           
1     00006040  _McbspbRegs                           
1     00006100  _SpiaRegs                             
1     00006110  _SpibRegs                             
1     00006120  _SpicRegs                             
1     00006200  _UppRegs                              
1     00007000  _WdRegs                               
1     00007060  _NmiIntruptRegs                       
1     00007070  _XintRegs                             
1     00007200  _SciaRegs                             
1     00007210  _ScibRegs                             
1     00007220  _ScicRegs                             
1     00007230  _ScidRegs                             
1     00007300  _I2caRegs                             
1     00007340  _I2cbRegs                             
1     00007400  _AdcaRegs                             
1     00007480  _AdcbRegs                             
1     00007500  _AdccRegs                             
1     00007580  _AdcdRegs                             
1     00007900  _InputXbarRegs                        
1     00007920  _XbarRegs                             
1     00007940  _SyncSocRegs                          
1     00007980  _DmaClaSrcSelRegs                     
1     00007a00  _EPwmXbarRegs                         
1     00007a80  _OutputXbarRegs                       
1     00007c00  _GpioCtrlRegs                         
1     00007f00  _GpioDataRegs                         
1     0000a800  _Buffer32                             
1     0000a840  _Buffer                               
1     0000a940  ___TI_cleanup_ptr                     
1     0000a942  ___TI_dtors_ptr                       
1     0000a944  __lock                                
1     0000a946  __unlock                              
1     00047000  _Emif1Regs                            
1     00047800  _Emif2Regs                            
1     00050024  _FlashPumpSemaphoreRegs               
1     0005d000  _DevCfgRegs                           
1     0005d180  _AnalogSubsysRegs                     
1     0005d200  _ClkCfgRegs                           
1     0005d300  _CpuSysRegs                           
1     0005e608  _RomPrefetchRegs                      
1     0005f000  _DcsmZ1Regs                           
1     0005f040  _DcsmZ2Regs                           
1     0005f070  _DcsmCommonRegs                       
1     0005f400  _MemCfgRegs                           
1     0005f480  _Emif1ConfigRegs                      
1     0005f4a0  _Emif2ConfigRegs                      
1     0005f4c0  _AccessProtectionRegs                 
1     0005f500  _MemoryErrorRegs                      
1     0005f540  _RomWaitStateRegs                     
1     0005f800  _Flash0CtrlRegs                       
1     0005fb00  _Flash0EccRegs                        
1     0005fc00  _Flash1CtrlRegs                       
1     0005ff00  _Flash1EccRegs                        
1     00078000  _DcsmZ1Otp                            
1     00078200  _DcsmZ2Otp                            
abs   00000100  __STACK_SIZE                          
abs   0000095a  _RamfuncsLoadSize                     
abs   0000095a  _RamfuncsRunSize                      
abs   00008000  _RamfuncsRunStart                     
abs   0000895a  _RamfuncsRunEnd                       
abs   00086000  _RamfuncsLoadStart                    
abs   0008695a  _RamfuncsLoadEnd                      
abs   ffffffff  .text                                 
abs   ffffffff  ___binit__                            
abs   ffffffff  ___c_args__                           
abs   ffffffff  ___etext__                            
abs   ffffffff  ___pinit__                            
abs   ffffffff  ___text__                             
abs   ffffffff  binit                                 
abs   ffffffff  etext                                 
abs   ffffffff  pinit                                 

[346 symbols]
